Archive member included to satisfy reference by file (symbol)

/Applications/ArmGNUToolchain/13.2.Rel1/arm-none-eabi/bin/../lib/gcc/arm-none-eabi/13.2.1/thumb/v6-m/nofp/libgcc.a(_dvmd_tls.o)
                              CMakeFiles/blink.dir/Users/mirabedi/Desktop/Pico/pico-sdk/src/rp2_common/pico_divider/divider.S.obj (__aeabi_idiv0)
/Applications/ArmGNUToolchain/13.2.Rel1/arm-none-eabi/bin/../lib/gcc/arm-none-eabi/13.2.1/../../../../arm-none-eabi/lib/thumb/v6-m/nofp/libg.a(libc_a-atoi.o)
                              CMakeFiles/blink.dir/blink.c.obj (atoi)
/Applications/ArmGNUToolchain/13.2.Rel1/arm-none-eabi/bin/../lib/gcc/arm-none-eabi/13.2.1/../../../../arm-none-eabi/lib/thumb/v6-m/nofp/libg.a(libc_a-calloc.o)
                              CMakeFiles/blink.dir/Users/mirabedi/Desktop/Pico/pico-sdk/src/rp2_common/pico_malloc/pico_malloc.c.obj (calloc)
/Applications/ArmGNUToolchain/13.2.Rel1/arm-none-eabi/bin/../lib/gcc/arm-none-eabi/13.2.1/../../../../arm-none-eabi/lib/thumb/v6-m/nofp/libg.a(libc_a-callocr.o)
                              /Applications/ArmGNUToolchain/13.2.Rel1/arm-none-eabi/bin/../lib/gcc/arm-none-eabi/13.2.1/../../../../arm-none-eabi/lib/thumb/v6-m/nofp/libg.a(libc_a-calloc.o) (_calloc_r)
/Applications/ArmGNUToolchain/13.2.Rel1/arm-none-eabi/bin/../lib/gcc/arm-none-eabi/13.2.1/../../../../arm-none-eabi/lib/thumb/v6-m/nofp/libg.a(libc_a-malloc.o)
                              CMakeFiles/blink.dir/Users/mirabedi/Desktop/Pico/pico-sdk/src/rp2_common/pico_malloc/pico_malloc.c.obj (malloc)
/Applications/ArmGNUToolchain/13.2.Rel1/arm-none-eabi/bin/../lib/gcc/arm-none-eabi/13.2.1/../../../../arm-none-eabi/lib/thumb/v6-m/nofp/libg.a(libc_a-mallocr.o)
                              /Applications/ArmGNUToolchain/13.2.Rel1/arm-none-eabi/bin/../lib/gcc/arm-none-eabi/13.2.1/../../../../arm-none-eabi/lib/thumb/v6-m/nofp/libg.a(libc_a-callocr.o) (_malloc_r)
/Applications/ArmGNUToolchain/13.2.Rel1/arm-none-eabi/bin/../lib/gcc/arm-none-eabi/13.2.1/../../../../arm-none-eabi/lib/thumb/v6-m/nofp/libg.a(libc_a-mlock.o)
                              /Applications/ArmGNUToolchain/13.2.Rel1/arm-none-eabi/bin/../lib/gcc/arm-none-eabi/13.2.1/../../../../arm-none-eabi/lib/thumb/v6-m/nofp/libg.a(libc_a-mallocr.o) (__malloc_lock)
/Applications/ArmGNUToolchain/13.2.Rel1/arm-none-eabi/bin/../lib/gcc/arm-none-eabi/13.2.1/../../../../arm-none-eabi/lib/thumb/v6-m/nofp/libg.a(libc_a-realloc.o)
                              CMakeFiles/blink.dir/Users/mirabedi/Desktop/Pico/pico-sdk/src/rp2_common/pico_malloc/pico_malloc.c.obj (realloc)
/Applications/ArmGNUToolchain/13.2.Rel1/arm-none-eabi/bin/../lib/gcc/arm-none-eabi/13.2.1/../../../../arm-none-eabi/lib/thumb/v6-m/nofp/libg.a(libc_a-scanf.o)
                              CMakeFiles/blink.dir/blink.c.obj (scanf)
/Applications/ArmGNUToolchain/13.2.Rel1/arm-none-eabi/bin/../lib/gcc/arm-none-eabi/13.2.1/../../../../arm-none-eabi/lib/thumb/v6-m/nofp/libg.a(libc_a-reallocr.o)
                              /Applications/ArmGNUToolchain/13.2.Rel1/arm-none-eabi/bin/../lib/gcc/arm-none-eabi/13.2.1/../../../../arm-none-eabi/lib/thumb/v6-m/nofp/libg.a(libc_a-realloc.o) (_realloc_r)
/Applications/ArmGNUToolchain/13.2.Rel1/arm-none-eabi/bin/../lib/gcc/arm-none-eabi/13.2.1/../../../../arm-none-eabi/lib/thumb/v6-m/nofp/libg.a(libc_a-strtol.o)
                              /Applications/ArmGNUToolchain/13.2.Rel1/arm-none-eabi/bin/../lib/gcc/arm-none-eabi/13.2.1/../../../../arm-none-eabi/lib/thumb/v6-m/nofp/libg.a(libc_a-atoi.o) (_strtol_r)
/Applications/ArmGNUToolchain/13.2.Rel1/arm-none-eabi/bin/../lib/gcc/arm-none-eabi/13.2.1/../../../../arm-none-eabi/lib/thumb/v6-m/nofp/libg.a(libc_a-memmove.o)
                              /Applications/ArmGNUToolchain/13.2.Rel1/arm-none-eabi/bin/../lib/gcc/arm-none-eabi/13.2.1/../../../../arm-none-eabi/lib/thumb/v6-m/nofp/libg.a(libc_a-reallocr.o) (memmove)
/Applications/ArmGNUToolchain/13.2.Rel1/arm-none-eabi/bin/../lib/gcc/arm-none-eabi/13.2.1/../../../../arm-none-eabi/lib/thumb/v6-m/nofp/libg.a(libc_a-impure.o)
                              /Applications/ArmGNUToolchain/13.2.Rel1/arm-none-eabi/bin/../lib/gcc/arm-none-eabi/13.2.1/../../../../arm-none-eabi/lib/thumb/v6-m/nofp/libg.a(libc_a-calloc.o) (_impure_ptr)
/Applications/ArmGNUToolchain/13.2.Rel1/arm-none-eabi/bin/../lib/gcc/arm-none-eabi/13.2.1/../../../../arm-none-eabi/lib/thumb/v6-m/nofp/libg.a(libc_a-sbrkr.o)
                              /Applications/ArmGNUToolchain/13.2.Rel1/arm-none-eabi/bin/../lib/gcc/arm-none-eabi/13.2.1/../../../../arm-none-eabi/lib/thumb/v6-m/nofp/libg.a(libc_a-mallocr.o) (_sbrk_r)
/Applications/ArmGNUToolchain/13.2.Rel1/arm-none-eabi/bin/../lib/gcc/arm-none-eabi/13.2.1/../../../../arm-none-eabi/lib/thumb/v6-m/nofp/libg.a(libc_a-errno.o)
                              /Applications/ArmGNUToolchain/13.2.Rel1/arm-none-eabi/bin/../lib/gcc/arm-none-eabi/13.2.1/../../../../arm-none-eabi/lib/thumb/v6-m/nofp/libg.a(libc_a-callocr.o) (__errno)
[...]
Memory Configuration

Name             Origin             Length             Attributes
FLASH            0x10000000         0x00200000         xr
RAM              0x20000000         0x00040000         xrw
SCRATCH_X        0x20040000         0x00001000         xrw
SCRATCH_Y        0x20041000         0x00001000         xrw
*default*        0x00000000         0xffffffff

Linker script and memory map

LOAD /Applications/ArmGNUToolchain/13.2.Rel1/arm-none-eabi/bin/../lib/gcc/arm-none-eabi/13.2.1/thumb/v6-m/nofp/crti.o
LOAD /Applications/ArmGNUToolchain/13.2.Rel1/arm-none-eabi/bin/../lib/gcc/arm-none-eabi/13.2.1/thumb/v6-m/nofp/crtbegin.o
LOAD /Applications/ArmGNUToolchain/13.2.Rel1/arm-none-eabi/bin/../lib/gcc/arm-none-eabi/13.2.1/../../../../arm-none-eabi/lib/thumb/v6-m/nofp/crt0.o

.flash_begin    0x10000000        0x0
                0x10000000                        __flash_binary_start = .

.boot2          0x10000000      0x100
                0x10000000                        __boot2_start__ = .
 *(.boot2)
 .boot2         0x10000000      0x100 /var/folders/_j/q7tmnb6n3jzbd3l90wq30y6w0000gn/T//ccJRpvxS.o
                0x10000100                        __boot2_end__ = .
                0x00000001                        ASSERT (((__boot2_end__ - __boot2_start__) == 0x100), ERROR: Pico second stage bootloader must be 256 bytes in size)

.text           0x10000100     0xd0c8
                0x10000100                        __logical_binary_start = .
 *(.vectors)
 .vectors       0x10000100       0xd4 CMakeFiles/blink.dir/Users/mirabedi/Desktop/Pico/pico-sdk/src/rp2_common/pico_standard_link/crt0.S.obj
                0x10000100                __VECTOR_TABLE
                0x10000100                __vectors
                0x100001c0                __default_isrs_start
                0x100001c0                isr_invalid
                0x100001c2                isr_nmi
                0x100001c4                isr_hardfault
                0x100001c6                isr_svcall
                0x100001c8                isr_pendsv
                0x100001ca                isr_systick
                0x100001cc                isr_irq28
                0x100001cc                isr_irq19
                0x100001cc                isr_irq0
                0x100001cc                isr_irq6
                0x100001cc                isr_irq22
                0x100001cc                isr_irq17
                0x100001cc                isr_irq14
                0x100001cc                isr_irq2
                0x100001cc                isr_irq10
                0x100001cc                isr_irq8
                0x100001cc                isr_irq24
                0x100001cc                isr_irq1
                0x100001cc                isr_irq7
                0x100001cc                isr_irq21
                0x100001cc                isr_irq20
                0x100001cc                isr_irq15
                0x100001cc                isr_irq25
                0x100001cc                isr_irq4
                0x100001cc                isr_irq16
                0x100001cc                isr_irq29
                0x100001cc                isr_irq26
                0x100001cc                __default_isrs_end
                0x100001cc                isr_irq3
                0x100001cc                isr_irq9
                0x100001cc                __unhandled_user_irq
                0x100001cc                isr_irq13
                0x100001cc                isr_irq27
                0x100001cc                isr_irq31
                0x100001cc                isr_irq5
                0x100001cc                isr_irq11
                0x100001cc                isr_irq23
                0x100001cc                isr_irq18
                0x100001cc                isr_irq30
                0x100001cc                isr_irq12
                0x100001d2                unhandled_user_irq_num_in_r0
 *(.binary_info_header)
 .binary_info_header
                0x100001d4       0x14 CMakeFiles/blink.dir/Users/mirabedi/Desktop/Pico/pico-sdk/src/rp2_common/pico_standard_link/crt0.S.obj
                0x100001e8                        __binary_info_header_end = .
 *(.reset)
 .reset         0x100001e8       0xa0 CMakeFiles/blink.dir/Users/mirabedi/Desktop/Pico/pico-sdk/src/rp2_common/pico_standard_link/crt0.S.obj
                0x100001e8                _entry_point
 .reset         0x10000288       0x30 CMakeFiles/blink.dir/Users/mirabedi/Desktop/Pico/pico-sdk/src/rp2_common/pico_standard_link/binary_info.c.obj
 *(.init)
 .init          0x100002b8        0x4 /Applications/ArmGNUToolchain/13.2.Rel1/arm-none-eabi/bin/../lib/gcc/arm-none-eabi/13.2.1/thumb/v6-m/nofp/crti.o
                0x100002b8                _init
 *(EXCLUDE_FILE(*libm.a: *libc.a:*lib_a-mem*.o *libgcc.a:) .text*)
 .text.register_tm_clones
                0x100002bc       0x28 /Applications/ArmGNUToolchain/13.2.Rel1/arm-none-eabi/bin/../lib/gcc/arm-none-eabi/13.2.1/thumb/v6-m/nofp/crtbegin.o
 .text.frame_dummy
                0x100002e4       0x24 /Applications/ArmGNUToolchain/13.2.Rel1/arm-none-eabi/bin/../lib/gcc/arm-none-eabi/13.2.1/thumb/v6-m/nofp/crtbegin.o
 .text.adc_gpio_init
                0x10000308       0x1e CMakeFiles/blink.dir/blink.c.obj
 *fill*         0x10000326        0x2 
 .text.main     0x10000328      0x11c CMakeFiles/blink.dir/blink.c.obj
                0x10000328                main
 .text.gpio_set_function
                0x10000444       0x30 CMakeFiles/blink.dir/Users/mirabedi/Desktop/Pico/pico-sdk/src/rp2_common/hardware_gpio/gpio.c.obj
                0x10000444                gpio_set_function
 .text.gpio_set_pulls
                0x10000474       0x34 CMakeFiles/blink.dir/Users/mirabedi/Desktop/Pico/pico-sdk/src/rp2_common/hardware_gpio/gpio.c.obj
                0x10000474                gpio_set_pulls
 .text.gpio_set_input_enabled
                0x100004a8       0x30 CMakeFiles/blink.dir/Users/mirabedi/Desktop/Pico/pico-sdk/src/rp2_common/hardware_gpio/gpio.c.obj
                0x100004a8                gpio_set_input_enabled
 .text.gpio_init
                0x100004d8       0x16 CMakeFiles/blink.dir/Users/mirabedi/Desktop/Pico/pico-sdk/src/rp2_common/hardware_gpio/gpio.c.obj
                0x100004d8                gpio_init
 *fill*         0x100004ee        0x2 
 .text.running_on_fpga
                0x100004f0       0x14 CMakeFiles/blink.dir/Users/mirabedi/Desktop/Pico/pico-sdk/src/rp2_common/pico_platform/platform.c.obj
                0x100004f0                running_on_fpga
 .text.hw_claim_lock
                0x10000504       0x18 CMakeFiles/blink.dir/Users/mirabedi/Desktop/Pico/pico-sdk/src/rp2_common/hardware_claim/claim.c.obj
                0x10000504                hw_claim_lock
 .text.hw_claim_unlock
                0x1000051c       0x14 CMakeFiles/blink.dir/Users/mirabedi/Desktop/Pico/pico-sdk/src/rp2_common/hardware_claim/claim.c.obj
                0x1000051c                hw_claim_unlock
 .text.hw_claim_or_assert
                0x10000530       0x32 CMakeFiles/blink.dir/Users/mirabedi/Desktop/Pico/pico-sdk/src/rp2_common/hardware_claim/claim.c.obj
                0x10000530                hw_claim_or_assert
 .text.hw_claim_unused_from_range
                0x10000562       0x50 CMakeFiles/blink.dir/Users/mirabedi/Desktop/Pico/pico-sdk/src/rp2_common/hardware_claim/claim.c.obj
                0x10000562                hw_claim_unused_from_range
 *fill*         0x100005b2        0x2 
 .text.spin_locks_reset
                0x100005b4       0x20 CMakeFiles/blink.dir/Users/mirabedi/Desktop/Pico/pico-sdk/src/rp2_common/hardware_sync/sync.c.obj
                0x100005b4                spin_locks_reset
 .text.next_striped_spin_lock_num
                0x100005d4       0x1c CMakeFiles/blink.dir/Users/mirabedi/Desktop/Pico/pico-sdk/src/rp2_common/hardware_sync/sync.c.obj
                0x100005d4                next_striped_spin_lock_num
 .text.spin_lock_claim_unused
                0x100005f0       0x24 CMakeFiles/blink.dir/Users/mirabedi/Desktop/Pico/pico-sdk/src/rp2_common/hardware_sync/sync.c.obj
                0x100005f0                spin_lock_claim_unused
 .text.set_raw_irq_handler_and_unlock
                0x10000614       0x28 CMakeFiles/blink.dir/Users/mirabedi/Desktop/Pico/pico-sdk/src/rp2_common/hardware_irq/irq.c.obj
 .text.resolve_branch
                0x1000063c       0x30 CMakeFiles/blink.dir/Users/mirabedi/Desktop/Pico/pico-sdk/src/rp2_common/hardware_irq/irq.c.obj
 .text.make_branch
                0x1000066c       0x48 CMakeFiles/blink.dir/Users/mirabedi/Desktop/Pico/pico-sdk/src/rp2_common/hardware_irq/irq.c.obj
 .text.insert_branch_and_link
                0x100006b4       0x40 CMakeFiles/blink.dir/Users/mirabedi/Desktop/Pico/pico-sdk/src/rp2_common/hardware_irq/irq.c.obj
 .text.irq_is_enabled
                0x100006f4       0x18 CMakeFiles/blink.dir/Users/mirabedi/Desktop/Pico/pico-sdk/src/rp2_common/hardware_irq/irq.c.obj
                0x100006f4                irq_is_enabled
 .text.irq_set_mask_enabled
                0x1000070c       0x20 CMakeFiles/blink.dir/Users/mirabedi/Desktop/Pico/pico-sdk/src/rp2_common/hardware_irq/irq.c.obj
                0x1000070c                irq_set_mask_enabled
 .text.irq_set_enabled
                0x1000072c        0xe CMakeFiles/blink.dir/Users/mirabedi/Desktop/Pico/pico-sdk/src/rp2_common/hardware_irq/irq.c.obj
                0x1000072c                irq_set_enabled
 *fill*         0x1000073a        0x2 
 .text.irq_set_pending
                0x1000073c       0x10 CMakeFiles/blink.dir/Users/mirabedi/Desktop/Pico/pico-sdk/src/rp2_common/hardware_irq/irq.c.obj
                0x1000073c                irq_set_pending
 .text.irq_get_vtable_handler
                0x1000074c       0x10 CMakeFiles/blink.dir/Users/mirabedi/Desktop/Pico/pico-sdk/src/rp2_common/hardware_irq/irq.c.obj
                0x1000074c                irq_get_vtable_handler
 .text.irq_has_shared_handler
                0x1000075c       0x24 CMakeFiles/blink.dir/Users/mirabedi/Desktop/Pico/pico-sdk/src/rp2_common/hardware_irq/irq.c.obj
                0x1000075c                irq_has_shared_handler
 .text.irq_set_exclusive_handler
                0x10000780       0x54 CMakeFiles/blink.dir/Users/mirabedi/Desktop/Pico/pico-sdk/src/rp2_common/hardware_irq/irq.c.obj
                0x10000780                irq_set_exclusive_handler
 .text.irq_add_shared_handler
                0x100007d4      0x210 CMakeFiles/blink.dir/Users/mirabedi/Desktop/Pico/pico-sdk/src/rp2_common/hardware_irq/irq.c.obj
                0x100007d4                irq_add_shared_handler
 .text.irq_remove_handler
                0x100009e4      0x188 CMakeFiles/blink.dir/Users/mirabedi/Desktop/Pico/pico-sdk/src/rp2_common/hardware_irq/irq.c.obj
                0x100009e4                irq_remove_handler
 .text.irq_add_tail_to_free_list
                0x10000b6c       0xf0 CMakeFiles/blink.dir/Users/mirabedi/Desktop/Pico/pico-sdk/src/rp2_common/hardware_irq/irq.c.obj
                0x10000b6c                irq_add_tail_to_free_list
 .text.irq_init_priorities
                0x10000c5c       0x1c CMakeFiles/blink.dir/Users/mirabedi/Desktop/Pico/pico-sdk/src/rp2_common/hardware_irq/irq.c.obj
                0x10000c5c                irq_init_priorities
 .text.user_irq_claim_unused
                0x10000c78       0x2c CMakeFiles/blink.dir/Users/mirabedi/Desktop/Pico/pico-sdk/src/rp2_common/hardware_irq/irq.c.obj
                0x10000c78                user_irq_claim_unused
 .text.lock_init
                0x10000ca4       0x10 CMakeFiles/blink.dir/Users/mirabedi/Desktop/Pico/pico-sdk/src/common/pico_sync/lock_core.c.obj
                0x10000ca4                lock_init
 .text.update_us_since_boot
                0x10000cb4       0x24 CMakeFiles/blink.dir/Users/mirabedi/Desktop/Pico/pico-sdk/src/common/pico_sync/mutex.c.obj
 .text.delayed_by_ms
                0x10000cd8       0x44 CMakeFiles/blink.dir/Users/mirabedi/Desktop/Pico/pico-sdk/src/common/pico_sync/mutex.c.obj
 .text.get_absolute_time
                0x10000d1c       0x22 CMakeFiles/blink.dir/Users/mirabedi/Desktop/Pico/pico-sdk/src/common/pico_sync/mutex.c.obj
 .text.make_timeout_time_ms
                0x10000d3e       0x20 CMakeFiles/blink.dir/Users/mirabedi/Desktop/Pico/pico-sdk/src/common/pico_sync/mutex.c.obj
 .text.mutex_init
                0x10000d5e       0x1a CMakeFiles/blink.dir/Users/mirabedi/Desktop/Pico/pico-sdk/src/common/pico_sync/mutex.c.obj
                0x10000d5e                mutex_init
 .text.recursive_mutex_init
                0x10000d78       0x1e CMakeFiles/blink.dir/Users/mirabedi/Desktop/Pico/pico-sdk/src/common/pico_sync/mutex.c.obj
                0x10000d78                recursive_mutex_init
 *fill*         0x10000d96        0x2 
 .text.critical_section_init_with_lock_num
                0x10000d98       0x14 CMakeFiles/blink.dir/Users/mirabedi/Desktop/Pico/pico-sdk/src/common/pico_sync/critical_section.c.obj
                0x10000d98                critical_section_init_with_lock_num
 .text.critical_section_init
                0x10000dac       0x14 CMakeFiles/blink.dir/Users/mirabedi/Desktop/Pico/pico-sdk/src/common/pico_sync/critical_section.c.obj
                0x10000dac                critical_section_init
 .text.time_reached
                0x10000dc0       0x28 CMakeFiles/blink.dir/Users/mirabedi/Desktop/Pico/pico-sdk/src/common/pico_time/time.c.obj
 .text.get_entry
                0x10000de8       0x38 CMakeFiles/blink.dir/Users/mirabedi/Desktop/Pico/pico-sdk/src/common/pico_time/time.c.obj
 .text.timer_pool_entry_comparator
                0x10000e20       0x2e CMakeFiles/blink.dir/Users/mirabedi/Desktop/Pico/pico-sdk/src/common/pico_time/time.c.obj
                0x10000e20                timer_pool_entry_comparator
 *fill*         0x10000e4e        0x2 
 .text.update_us_since_boot
                0x10000e50       0x24 CMakeFiles/blink.dir/Users/mirabedi/Desktop/Pico/pico-sdk/src/common/pico_time/time.c.obj
 .text.delayed_by_us
                0x10000e74       0x34 CMakeFiles/blink.dir/Users/mirabedi/Desktop/Pico/pico-sdk/src/common/pico_time/time.c.obj
 .text.ph_get_node
                0x10000ea8       0x30 CMakeFiles/blink.dir/Users/mirabedi/Desktop/Pico/pico-sdk/src/common/pico_time/time.c.obj
 .text.ph_contains_node
                0x10000ed8       0x1e CMakeFiles/blink.dir/Users/mirabedi/Desktop/Pico/pico-sdk/src/common/pico_time/time.c.obj
 .text.ph_new_node
                0x10000ef6       0x28 CMakeFiles/blink.dir/Users/mirabedi/Desktop/Pico/pico-sdk/src/common/pico_time/time.c.obj
 *fill*         0x10000f1e        0x2 
 .text.ph_add_child_node
                0x10000f20       0x6c CMakeFiles/blink.dir/Users/mirabedi/Desktop/Pico/pico-sdk/src/common/pico_time/time.c.obj
 .text.ph_merge_nodes
                0x10000f8c       0x3e CMakeFiles/blink.dir/Users/mirabedi/Desktop/Pico/pico-sdk/src/common/pico_time/time.c.obj
 *fill*         0x10000fca        0x2 
 .text.ph_insert_node
                0x10000fcc       0x3c CMakeFiles/blink.dir/Users/mirabedi/Desktop/Pico/pico-sdk/src/common/pico_time/time.c.obj
 .text.ph_free_node
                0x10001008       0x5c CMakeFiles/blink.dir/Users/mirabedi/Desktop/Pico/pico-sdk/src/common/pico_time/time.c.obj
 .text.get_entry_id_high
                0x10001064       0x30 CMakeFiles/blink.dir/Users/mirabedi/Desktop/Pico/pico-sdk/src/common/pico_time/time.c.obj
 .text.alarm_pool_post_alloc_init
                0x10001094       0x40 CMakeFiles/blink.dir/Users/mirabedi/Desktop/Pico/pico-sdk/src/common/pico_time/time.c.obj
 .text.sleep_until_callback
                0x100010d4       0x30 CMakeFiles/blink.dir/Users/mirabedi/Desktop/Pico/pico-sdk/src/common/pico_time/time.c.obj
 .text.get_absolute_time
                0x10001104       0x22 CMakeFiles/blink.dir/Users/mirabedi/Desktop/Pico/pico-sdk/src/common/pico_time/time.c.obj
 .text.make_timeout_time_us
                0x10001126       0x24 CMakeFiles/blink.dir/Users/mirabedi/Desktop/Pico/pico-sdk/src/common/pico_time/time.c.obj
 *fill*         0x1000114a        0x2 
 .text.add_alarm_under_lock
                0x1000114c       0x94 CMakeFiles/blink.dir/Users/mirabedi/Desktop/Pico/pico-sdk/src/common/pico_time/time.c.obj
 .text.alarm_pool_alarm_callback
                0x100011e0      0x210 CMakeFiles/blink.dir/Users/mirabedi/Desktop/Pico/pico-sdk/src/common/pico_time/time.c.obj
 .text.alarm_pool_init_default
                0x100013f0       0x40 CMakeFiles/blink.dir/Users/mirabedi/Desktop/Pico/pico-sdk/src/common/pico_time/time.c.obj
                0x100013f0                alarm_pool_init_default
 .text.alarm_pool_get_default
                0x10001430       0x2c CMakeFiles/blink.dir/Users/mirabedi/Desktop/Pico/pico-sdk/src/common/pico_time/time.c.obj
                0x10001430                alarm_pool_get_default
 .text.alarm_pool_add_alarm_at
                0x1000145c      0x10e CMakeFiles/blink.dir/Users/mirabedi/Desktop/Pico/pico-sdk/src/common/pico_time/time.c.obj
                0x1000145c                alarm_pool_add_alarm_at
 .text.add_alarm_at
                0x1000156a       0x2e CMakeFiles/blink.dir/Users/mirabedi/Desktop/Pico/pico-sdk/src/common/pico_time/time.c.obj
 .text.alarm_pool_cancel_alarm
                0x10001598       0xa8 CMakeFiles/blink.dir/Users/mirabedi/Desktop/Pico/pico-sdk/src/common/pico_time/time.c.obj
                0x10001598                alarm_pool_cancel_alarm
 .text.cancel_alarm
                0x10001640       0x10 CMakeFiles/blink.dir/Users/mirabedi/Desktop/Pico/pico-sdk/src/common/pico_time/time.c.obj
 .text.alarm_pool_core_num
                0x10001650        0x4 CMakeFiles/blink.dir/Users/mirabedi/Desktop/Pico/pico-sdk/src/common/pico_time/time.c.obj
                0x10001650                alarm_pool_core_num
 .text.sleep_until
                0x10001654       0xb0 CMakeFiles/blink.dir/Users/mirabedi/Desktop/Pico/pico-sdk/src/common/pico_time/time.c.obj
                0x10001654                sleep_until
 .text.sleep_us
                0x10001704       0x1a CMakeFiles/blink.dir/Users/mirabedi/Desktop/Pico/pico-sdk/src/common/pico_time/time.c.obj
                0x10001704                sleep_us
 .text.sleep_ms
                0x1000171e       0x14 CMakeFiles/blink.dir/Users/mirabedi/Desktop/Pico/pico-sdk/src/common/pico_time/time.c.obj
                0x1000171e                sleep_ms
 *fill*         0x10001732        0x2 
 .text.best_effort_wfe_or_timeout
                0x10001734       0x44 CMakeFiles/blink.dir/Users/mirabedi/Desktop/Pico/pico-sdk/src/common/pico_time/time.c.obj
                0x10001734                best_effort_wfe_or_timeout
 .text.update_us_since_boot
                0x10001778       0x24 CMakeFiles/blink.dir/Users/mirabedi/Desktop/Pico/pico-sdk/src/rp2_common/hardware_timer/timer.c.obj
 .text.hardware_alarm_irq_handler
                0x1000179c       0x8c CMakeFiles/blink.dir/Users/mirabedi/Desktop/Pico/pico-sdk/src/rp2_common/hardware_timer/timer.c.obj
 .text.hardware_alarm_claim
                0x10001828       0x18 CMakeFiles/blink.dir/Users/mirabedi/Desktop/Pico/pico-sdk/src/rp2_common/hardware_timer/timer.c.obj
                0x10001828                hardware_alarm_claim
 .text.time_us_64
                0x10001840       0x18 CMakeFiles/blink.dir/Users/mirabedi/Desktop/Pico/pico-sdk/src/rp2_common/hardware_timer/timer.c.obj
                0x10001840                time_us_64
 .text.busy_wait_until
                0x10001858       0x28 CMakeFiles/blink.dir/Users/mirabedi/Desktop/Pico/pico-sdk/src/rp2_common/hardware_timer/timer.c.obj
                0x10001858                busy_wait_until
 .text.busy_wait_us
                0x10001880       0x3a CMakeFiles/blink.dir/Users/mirabedi/Desktop/Pico/pico-sdk/src/rp2_common/hardware_timer/timer.c.obj
                0x10001880                busy_wait_us
 *fill*         0x100018ba        0x2 
 .text.hardware_alarm_set_callback
                0x100018bc       0x90 CMakeFiles/blink.dir/Users/mirabedi/Desktop/Pico/pico-sdk/src/rp2_common/hardware_timer/timer.c.obj
                0x100018bc                hardware_alarm_set_callback
 .text.hardware_alarm_set_target
                0x1000194c       0xe8 CMakeFiles/blink.dir/Users/mirabedi/Desktop/Pico/pico-sdk/src/rp2_common/hardware_timer/timer.c.obj
                0x1000194c                hardware_alarm_set_target
 .text.hardware_alarm_cancel
                0x10001a34       0x40 CMakeFiles/blink.dir/Users/mirabedi/Desktop/Pico/pico-sdk/src/rp2_common/hardware_timer/timer.c.obj
                0x10001a34                hardware_alarm_cancel
 .text.ph_get_node
                0x10001a74       0x30 CMakeFiles/blink.dir/Users/mirabedi/Desktop/Pico/pico-sdk/src/common/pico_util/pheap.c.obj
 .text.ph_add_child_node
                0x10001aa4       0x6c CMakeFiles/blink.dir/Users/mirabedi/Desktop/Pico/pico-sdk/src/common/pico_util/pheap.c.obj
 .text.ph_merge_nodes
                0x10001b10       0x3e CMakeFiles/blink.dir/Users/mirabedi/Desktop/Pico/pico-sdk/src/common/pico_util/pheap.c.obj
 .text.ph_clear
                0x10001b4e       0x34 CMakeFiles/blink.dir/Users/mirabedi/Desktop/Pico/pico-sdk/src/common/pico_util/pheap.c.obj
                0x10001b4e                ph_clear
 .text.ph_post_alloc_init
                0x10001b82        0xe CMakeFiles/blink.dir/Users/mirabedi/Desktop/Pico/pico-sdk/src/common/pico_util/pheap.c.obj
                0x10001b82                ph_post_alloc_init
 .text.ph_merge_two_pass
                0x10001b90       0x5c CMakeFiles/blink.dir/Users/mirabedi/Desktop/Pico/pico-sdk/src/common/pico_util/pheap.c.obj
                0x10001b90                ph_merge_two_pass
 .text.ph_remove_any_head
                0x10001bec       0xc0 CMakeFiles/blink.dir/Users/mirabedi/Desktop/Pico/pico-sdk/src/common/pico_util/pheap.c.obj
 .text.ph_remove_head
                0x10001cac       0x14 CMakeFiles/blink.dir/Users/mirabedi/Desktop/Pico/pico-sdk/src/common/pico_util/pheap.c.obj
                0x10001cac                ph_remove_head
 .text.ph_remove_and_free_node
                0x10001cc0       0xa0 CMakeFiles/blink.dir/Users/mirabedi/Desktop/Pico/pico-sdk/src/common/pico_util/pheap.c.obj
                0x10001cc0                ph_remove_and_free_node
 .text.clock_configure
                0x10001d60      0x108 CMakeFiles/blink.dir/Users/mirabedi/Desktop/Pico/pico-sdk/src/rp2_common/hardware_clocks/clocks.c.obj
                0x10001d60                clock_configure
 .text.clocks_init
                0x10001e68      0x100 CMakeFiles/blink.dir/Users/mirabedi/Desktop/Pico/pico-sdk/src/rp2_common/hardware_clocks/clocks.c.obj
                0x10001e68                clocks_init
 .text.pll_init
                0x10001f68      0x120 CMakeFiles/blink.dir/Users/mirabedi/Desktop/Pico/pico-sdk/src/rp2_common/hardware_pll/pll.c.obj
                0x10001f68                pll_init
 .text.watchdog_start_tick
                0x10002088       0x10 CMakeFiles/blink.dir/Users/mirabedi/Desktop/Pico/pico-sdk/src/rp2_common/hardware_watchdog/watchdog.c.obj
                0x10002088                watchdog_start_tick
 .text.watchdog_update
                0x10002098       0x14 CMakeFiles/blink.dir/Users/mirabedi/Desktop/Pico/pico-sdk/src/rp2_common/hardware_watchdog/watchdog.c.obj
                0x10002098                watchdog_update
 .text._watchdog_enable
                0x100020ac       0x78 CMakeFiles/blink.dir/Users/mirabedi/Desktop/Pico/pico-sdk/src/rp2_common/hardware_watchdog/watchdog.c.obj
                0x100020ac                _watchdog_enable
 .text.watchdog_reboot
                0x10002124       0x48 CMakeFiles/blink.dir/Users/mirabedi/Desktop/Pico/pico-sdk/src/rp2_common/hardware_watchdog/watchdog.c.obj
                0x10002124                watchdog_reboot
 .text.xosc_init
                0x1000216c       0x28 CMakeFiles/blink.dir/Users/mirabedi/Desktop/Pico/pico-sdk/src/rp2_common/hardware_xosc/xosc.c.obj
                0x1000216c                xosc_init
 .text._exit    0x10002194        0x4 CMakeFiles/blink.dir/Users/mirabedi/Desktop/Pico/pico-sdk/src/rp2_common/pico_runtime/runtime.c.obj
                0x10002194                _exit
 .text._sbrk    0x10002198       0x38 CMakeFiles/blink.dir/Users/mirabedi/Desktop/Pico/pico-sdk/src/rp2_common/pico_runtime/runtime.c.obj
                0x10002198                _sbrk
 .text.exit     0x100021d0        0x6 CMakeFiles/blink.dir/Users/mirabedi/Desktop/Pico/pico-sdk/src/rp2_common/pico_runtime/runtime.c.obj
                0x100021d0                exit
 *fill*         0x100021d6        0x2 
 .text.__assert_func
                0x100021d8       0x38 CMakeFiles/blink.dir/Users/mirabedi/Desktop/Pico/pico-sdk/src/rp2_common/pico_runtime/runtime.c.obj
                0x100021d8                __assert_func
 .text.runtime_init
                0x10002210       0xf8 CMakeFiles/blink.dir/Users/mirabedi/Desktop/Pico/pico-sdk/src/rp2_common/pico_runtime/runtime.c.obj
                0x10002210                runtime_init
 .text.panic    0x10002308       0x30 CMakeFiles/blink.dir/Users/mirabedi/Desktop/Pico/pico-sdk/src/rp2_common/pico_runtime/runtime.c.obj
                0x10002308                panic
 .text._out_buffer
                0x10002338        0x8 CMakeFiles/blink.dir/Users/mirabedi/Desktop/Pico/pico-sdk/src/rp2_common/pico_printf/printf.c.obj
 .text._out_null
                0x10002340        0x2 CMakeFiles/blink.dir/Users/mirabedi/Desktop/Pico/pico-sdk/src/rp2_common/pico_printf/printf.c.obj
 .text._out_fct
                0x10002342        0xe CMakeFiles/blink.dir/Users/mirabedi/Desktop/Pico/pico-sdk/src/rp2_common/pico_printf/printf.c.obj
 .text._atoi    0x10002350       0x24 CMakeFiles/blink.dir/Users/mirabedi/Desktop/Pico/pico-sdk/src/rp2_common/pico_printf/printf.c.obj
 .text._out_rev
                0x10002374       0xae CMakeFiles/blink.dir/Users/mirabedi/Desktop/Pico/pico-sdk/src/rp2_common/pico_printf/printf.c.obj
 .text._ntoa_format
                0x10002422      0x110 CMakeFiles/blink.dir/Users/mirabedi/Desktop/Pico/pico-sdk/src/rp2_common/pico_printf/printf.c.obj
 .text._ntoa_long
                0x10002532       0xbc CMakeFiles/blink.dir/Users/mirabedi/Desktop/Pico/pico-sdk/src/rp2_common/pico_printf/printf.c.obj
 .text._ntoa_long_long
                0x100025ee      0x10e CMakeFiles/blink.dir/Users/mirabedi/Desktop/Pico/pico-sdk/src/rp2_common/pico_printf/printf.c.obj
 .text._etoa    0x100026fc      0x420 CMakeFiles/blink.dir/Users/mirabedi/Desktop/Pico/pico-sdk/src/rp2_common/pico_printf/printf.c.obj
 .text._ftoa    0x10002b1c      0x354 CMakeFiles/blink.dir/Users/mirabedi/Desktop/Pico/pico-sdk/src/rp2_common/pico_printf/printf.c.obj
 .text._vsnprintf
                0x10002e70      0x668 CMakeFiles/blink.dir/Users/mirabedi/Desktop/Pico/pico-sdk/src/rp2_common/pico_printf/printf.c.obj
 .text.__wrap_sprintf
                0x100034d8       0x2c CMakeFiles/blink.dir/Users/mirabedi/Desktop/Pico/pico-sdk/src/rp2_common/pico_printf/printf.c.obj
                0x100034d8                __wrap_sprintf
 .text.vfctprintf
                0x10003504       0x20 CMakeFiles/blink.dir/Users/mirabedi/Desktop/Pico/pico-sdk/src/rp2_common/pico_printf/printf.c.obj
                0x10003504                vfctprintf
 .text          0x10003524       0x10 CMakeFiles/blink.dir/Users/mirabedi/Desktop/Pico/pico-sdk/src/rp2_common/pico_bit_ops/bit_ops_aeabi.S.obj
 .text.rom_func_lookup
                0x10003534       0x10 CMakeFiles/blink.dir/Users/mirabedi/Desktop/Pico/pico-sdk/src/rp2_common/pico_bootrom/bootrom.c.obj
                0x10003534                rom_func_lookup
 .text.rom_data_lookup
                0x10003544       0x10 CMakeFiles/blink.dir/Users/mirabedi/Desktop/Pico/pico-sdk/src/rp2_common/pico_bootrom/bootrom.c.obj
                0x10003544                rom_data_lookup
 .text.rom_funcs_lookup
                0x10003554       0x36 CMakeFiles/blink.dir/Users/mirabedi/Desktop/Pico/pico-sdk/src/rp2_common/pico_bootrom/bootrom.c.obj
                0x10003554                rom_funcs_lookup
 *fill*         0x1000358a        0x2 
 .text.__wrap___aeabi_idiv
                0x1000358c       0x50 CMakeFiles/blink.dir/Users/mirabedi/Desktop/Pico/pico-sdk/src/rp2_common/pico_divider/divider.S.obj
                0x1000358c                __wrap___aeabi_idivmod
                0x1000358c                divmod_s32s32
                0x1000358c                div_s32s32
                0x1000358c                __wrap___aeabi_idiv
                0x10003594                divmod_s32s32_unsafe
                0x100035c0                divmod_s32s32_savestate
 .text.__wrap___aeabi_uidiv
                0x100035dc       0x4c CMakeFiles/blink.dir/Users/mirabedi/Desktop/Pico/pico-sdk/src/rp2_common/pico_divider/divider.S.obj
                0x100035dc                __wrap___aeabi_uidiv
                0x100035dc                __wrap___aeabi_uidivmod
                0x100035dc                div_u32u32
                0x100035dc                divmod_u32u32
                0x100035e4                divmod_u32u32_unsafe
                0x1000360c                divmod_u32u32_savestate
 .text.__wrap___aeabi_ldiv
                0x10003628      0x424 CMakeFiles/blink.dir/Users/mirabedi/Desktop/Pico/pico-sdk/src/rp2_common/pico_divider/divider.S.obj
                0x10003628                __wrap___aeabi_ldivmod
                0x10003628                div_s64s64
                0x10003628                divmod_s64s64
                0x10003658                divmod_u64u64
                0x10003658                div_u64u64
                0x10003658                __wrap___aeabi_uldivmod
                0x10003668                divmod_u64u64_savestate
                0x10003688                divmod_s64s64_unsafe
                0x10003710                divmod_u64u64_unsafe
 .text.__wrap___aeabi_darithmetic
                0x10003a4c       0x80 CMakeFiles/blink.dir/Users/mirabedi/Desktop/Pico/pico-sdk/src/rp2_common/pico_double/double_aeabi.S.obj
                0x10003a4c                __wrap___aeabi_drsub
                0x10003a52                __wrap___aeabi_dsub
                0x10003a64                __wrap___aeabi_dadd
                0x10003a76                __wrap___aeabi_ddiv
                0x10003ab2                __wrap___aeabi_dmul
 .text.__wrap___aeabi_cdcmple
                0x10003acc       0x6c CMakeFiles/blink.dir/Users/mirabedi/Desktop/Pico/pico-sdk/src/rp2_common/pico_double/double_aeabi.S.obj
                0x10003acc                __wrap___aeabi_cdrcmple
                0x10003adc                __wrap___aeabi_cdcmple
                0x10003adc                __wrap___aeabi_cdcmpeq
 .text.__wrap___aeabi_dcmpeq
                0x10003b38       0x10 CMakeFiles/blink.dir/Users/mirabedi/Desktop/Pico/pico-sdk/src/rp2_common/pico_double/double_aeabi.S.obj
                0x10003b38                __wrap___aeabi_dcmpeq
 .text.__wrap___aeabi_dcmplt
                0x10003b48        0xc CMakeFiles/blink.dir/Users/mirabedi/Desktop/Pico/pico-sdk/src/rp2_common/pico_double/double_aeabi.S.obj
                0x10003b48                __wrap___aeabi_dcmplt
 .text.__wrap___aeabi_dcmple
                0x10003b54       0x10 CMakeFiles/blink.dir/Users/mirabedi/Desktop/Pico/pico-sdk/src/rp2_common/pico_double/double_aeabi.S.obj
                0x10003b54                __wrap___aeabi_dcmple
 .text.__wrap___aeabi_dcmpge
                0x10003b64       0x10 CMakeFiles/blink.dir/Users/mirabedi/Desktop/Pico/pico-sdk/src/rp2_common/pico_double/double_aeabi.S.obj
                0x10003b64                __wrap___aeabi_dcmpge
 .text.__wrap___aeabi_dcmpgt
                0x10003b74        0xa CMakeFiles/blink.dir/Users/mirabedi/Desktop/Pico/pico-sdk/src/rp2_common/pico_double/double_aeabi.S.obj
                0x10003b74                __wrap___aeabi_dcmpgt
 .text.__wrap___aeabi_dcmpun
                0x10003b7e       0x1c CMakeFiles/blink.dir/Users/mirabedi/Desktop/Pico/pico-sdk/src/rp2_common/pico_double/double_aeabi.S.obj
                0x10003b7e                __wrap___aeabi_dcmpun
 *fill*         0x10003b9a        0x2 
 .text.__wrap___aeabi_i2d
                0x10003b9c       0x38 CMakeFiles/blink.dir/Users/mirabedi/Desktop/Pico/pico-sdk/src/rp2_common/pico_double/double_aeabi.S.obj
                0x10003b9c                __wrap___aeabi_ui2d
                0x10003ba4                __wrap___aeabi_i2d
 .text.__wrap___aeabi_d2iz
                0x10003bd4       0x48 CMakeFiles/blink.dir/Users/mirabedi/Desktop/Pico/pico-sdk/src/rp2_common/pico_double/double_aeabi.S.obj
                0x10003bd4                __wrap___aeabi_d2iz
                0x10003bd4                double2int_z
 .text.__wrap___aeabi_d2uiz
                0x10003c1c       0x18 CMakeFiles/blink.dir/Users/mirabedi/Desktop/Pico/pico-sdk/src/rp2_common/pico_double/double_aeabi.S.obj
                0x10003c1c                double2uint
                0x10003c1c                __wrap___aeabi_d2uiz
 .text.__wrap___aeabi_l2d
                0x10003c34       0x18 CMakeFiles/blink.dir/Users/mirabedi/Desktop/Pico/pico-sdk/src/rp2_common/pico_double/double_aeabi.S.obj
                0x10003c34                __wrap___aeabi_l2d
 .text.__wrap___aeabi_d2lz
                0x10003c4c       0x26 CMakeFiles/blink.dir/Users/mirabedi/Desktop/Pico/pico-sdk/src/rp2_common/pico_double/double_aeabi.S.obj
                0x10003c4c                __wrap___aeabi_d2lz
                0x10003c4c                double2int64_z
 *fill*         0x10003c72        0x2 
 .text.double2int64
                0x10003c74       0x18 CMakeFiles/blink.dir/Users/mirabedi/Desktop/Pico/pico-sdk/src/rp2_common/pico_double/double_aeabi.S.obj
                0x10003c74                double2int64
 .text.double2ufix64
                0x10003c8c       0x18 CMakeFiles/blink.dir/Users/mirabedi/Desktop/Pico/pico-sdk/src/rp2_common/pico_double/double_aeabi.S.obj
                0x10003c8c                double2ufix64
 .text.__wrap___aeabi_d2f
                0x10003ca4       0x18 CMakeFiles/blink.dir/Users/mirabedi/Desktop/Pico/pico-sdk/src/rp2_common/pico_double/double_aeabi.S.obj
                0x10003ca4                __wrap___aeabi_d2f
 .text.__aeabi_double_init
                0x10003cbc       0xcc CMakeFiles/blink.dir/Users/mirabedi/Desktop/Pico/pico-sdk/src/rp2_common/pico_double/double_init_rom.c.obj
                0x10003cbc                __aeabi_double_init
 .text.double_table_shim_on_use_helper
                0x10003d88       0x34 CMakeFiles/blink.dir/Users/mirabedi/Desktop/Pico/pico-sdk/src/rp2_common/pico_double/double_v1_rom_shim.S.obj
                0x10003d88                double_table_shim_on_use_helper
 .text.__wrap___aeabi_dsub
                0x10003dbc       0x10 CMakeFiles/blink.dir/Users/mirabedi/Desktop/Pico/pico-sdk/src/rp2_common/pico_double/double_v1_rom_shim.S.obj
                0x10003dbc                drsub_shim
                0x10003dc2                dsub_shim
 .text.dadd_shim
                0x10003dcc      0x15c CMakeFiles/blink.dir/Users/mirabedi/Desktop/Pico/pico-sdk/src/rp2_common/pico_double/double_v1_rom_shim.S.obj
                0x10003dcc                dadd_shim
 .text.dmul_shim
                0x10003f28      0x15c CMakeFiles/blink.dir/Users/mirabedi/Desktop/Pico/pico-sdk/src/rp2_common/pico_double/double_v1_rom_shim.S.obj
                0x10003f28                dmul_shim
 .text.ddiv_shim
                0x10004084      0x1b0 CMakeFiles/blink.dir/Users/mirabedi/Desktop/Pico/pico-sdk/src/rp2_common/pico_double/double_v1_rom_shim.S.obj
                0x10004084                ddiv_shim
 .text.double2uint_shim
                0x10004234        0xe CMakeFiles/blink.dir/Users/mirabedi/Desktop/Pico/pico-sdk/src/rp2_common/pico_double/double_v1_rom_shim.S.obj
                0x10004234                double2uint_shim
                0x10004236                double2ufix_shim
 .text.double2int64_shim
                0x10004242       0x1a CMakeFiles/blink.dir/Users/mirabedi/Desktop/Pico/pico-sdk/src/rp2_common/pico_double/double_v1_rom_shim.S.obj
                0x10004242                double2int64_shim
                0x10004244                double2fix64_shim
 .text.double2uint64_shim
                0x1000425c       0x70 CMakeFiles/blink.dir/Users/mirabedi/Desktop/Pico/pico-sdk/src/rp2_common/pico_double/double_v1_rom_shim.S.obj
                0x1000425c                double2uint64_shim
                0x1000425e                double2ufix64_shim
                0x1000427e                d2fix_a
 .text.double2float_shim
                0x100042cc       0x5c CMakeFiles/blink.dir/Users/mirabedi/Desktop/Pico/pico-sdk/src/rp2_common/pico_double/double_v1_rom_shim.S.obj
                0x100042cc                double2float_shim
 .text.x2double_shims
                0x10004328       0x90 CMakeFiles/blink.dir/Users/mirabedi/Desktop/Pico/pico-sdk/src/rp2_common/pico_double/double_v1_rom_shim.S.obj
                0x10004328                uint2double_shim
                0x1000432a                ufix2double_shim
                0x10004330                int2double_shim
                0x10004332                fix2double_shim
                0x10004338                uint642double_shim
                0x1000433a                ufix642double_shim
                0x10004340                int642double_shim
                0x10004342                fix642double_shim
 .text.dunpacks
                0x100043b8       0x3c CMakeFiles/blink.dir/Users/mirabedi/Desktop/Pico/pico-sdk/src/rp2_common/pico_double/double_v1_rom_shim.S.obj
                0x100043b8                dunpacks
 .text.__aeabi_lmul
                0x100043f4       0x32 CMakeFiles/blink.dir/Users/mirabedi/Desktop/Pico/pico-sdk/src/rp2_common/pico_int64_ops/pico_int64_ops_aeabi.S.obj
                0x100043f4                __wrap___aeabi_lmul
 *fill*         0x10004426        0x2 
 .text.__wrap___aeabi_f2d
                0x10004428       0x14 CMakeFiles/blink.dir/Users/mirabedi/Desktop/Pico/pico-sdk/src/rp2_common/pico_float/float_aeabi.S.obj
                0x10004428                __wrap___aeabi_f2d
 .text.__aeabi_float_init
                0x1000443c       0xfc CMakeFiles/blink.dir/Users/mirabedi/Desktop/Pico/pico-sdk/src/rp2_common/pico_float/float_init_rom.c.obj
                0x1000443c                __aeabi_float_init
 .text.float_table_shim_on_use_helper
                0x10004538       0x34 CMakeFiles/blink.dir/Users/mirabedi/Desktop/Pico/pico-sdk/src/rp2_common/pico_float/float_v1_rom_shim.S.obj
                0x10004538                float_table_shim_on_use_helper
 .text.float2double_shim
                0x1000456c       0x30 CMakeFiles/blink.dir/Users/mirabedi/Desktop/Pico/pico-sdk/src/rp2_common/pico_float/float_v1_rom_shim.S.obj
                0x1000456c                float2double_shim
 .text.check_alloc
                0x1000459c       0x20 CMakeFiles/blink.dir/Users/mirabedi/Desktop/Pico/pico-sdk/src/rp2_common/pico_malloc/pico_malloc.c.obj
 .text.__wrap_malloc
                0x100045bc       0x14 CMakeFiles/blink.dir/Users/mirabedi/Desktop/Pico/pico-sdk/src/rp2_common/pico_malloc/pico_malloc.c.obj
                0x100045bc                __wrap_malloc
 .text.__wrap_realloc
                0x100045d0       0x14 CMakeFiles/blink.dir/Users/mirabedi/Desktop/Pico/pico-sdk/src/rp2_common/pico_malloc/pico_malloc.c.obj
                0x100045d0                __wrap_realloc
 .text.__wrap_free
                0x100045e4        0x8 CMakeFiles/blink.dir/Users/mirabedi/Desktop/Pico/pico-sdk/src/rp2_common/pico_malloc/pico_malloc.c.obj
                0x100045e4                __wrap_free
 .text          0x100045ec       0x10 CMakeFiles/blink.dir/Users/mirabedi/Desktop/Pico/pico-sdk/src/rp2_common/pico_mem_ops/mem_ops_aeabi.S.obj
                0x100045ec                __aeabi_mem_init
 .text.memset   0x100045fc        0xc CMakeFiles/blink.dir/Users/mirabedi/Desktop/Pico/pico-sdk/src/rp2_common/pico_mem_ops/mem_ops_aeabi.S.obj
                0x100045fc                __wrap_memset
 .text.memcpy   0x10004608        0xc CMakeFiles/blink.dir/Users/mirabedi/Desktop/Pico/pico-sdk/src/rp2_common/pico_mem_ops/mem_ops_aeabi.S.obj
                0x10004608                __wrap___aeabi_memcpy
                0x10004608                __wrap_memcpy
 .text.time_reached
                0x10004614       0x28 CMakeFiles/blink.dir/Users/mirabedi/Desktop/Pico/pico-sdk/src/rp2_common/pico_stdio/stdio.c.obj
 .text.stdio_out_chars_no_crlf
                0x1000463c        0xe CMakeFiles/blink.dir/Users/mirabedi/Desktop/Pico/pico-sdk/src/rp2_common/pico_stdio/stdio.c.obj
 *fill*         0x1000464a        0x2 
 .text.stdio_out_chars_crlf
                0x1000464c       0x80 CMakeFiles/blink.dir/Users/mirabedi/Desktop/Pico/pico-sdk/src/rp2_common/pico_stdio/stdio.c.obj
 .text.stdio_stack_buffer_flush
                0x100046cc       0x44 CMakeFiles/blink.dir/Users/mirabedi/Desktop/Pico/pico-sdk/src/rp2_common/pico_stdio/stdio.c.obj
 .text.stdio_buffered_printer
                0x10004710       0x20 CMakeFiles/blink.dir/Users/mirabedi/Desktop/Pico/pico-sdk/src/rp2_common/pico_stdio/stdio.c.obj
 .text.update_us_since_boot
                0x10004730       0x24 CMakeFiles/blink.dir/Users/mirabedi/Desktop/Pico/pico-sdk/src/rp2_common/pico_stdio/stdio.c.obj
 .text.get_absolute_time
                0x10004754       0x22 CMakeFiles/blink.dir/Users/mirabedi/Desktop/Pico/pico-sdk/src/rp2_common/pico_stdio/stdio.c.obj
 *fill*         0x10004776        0x2 
 .text.delayed_by_ms
                0x10004778       0x44 CMakeFiles/blink.dir/Users/mirabedi/Desktop/Pico/pico-sdk/src/rp2_common/pico_stdio/stdio.c.obj
 .text.make_timeout_time_ms
                0x100047bc       0x20 CMakeFiles/blink.dir/Users/mirabedi/Desktop/Pico/pico-sdk/src/rp2_common/pico_stdio/stdio.c.obj
 .text.stdio_get_until
                0x100047dc       0x64 CMakeFiles/blink.dir/Users/mirabedi/Desktop/Pico/pico-sdk/src/rp2_common/pico_stdio/stdio.c.obj
 .text.stdout_serialize_begin
                0x10004840       0x20 CMakeFiles/blink.dir/Users/mirabedi/Desktop/Pico/pico-sdk/src/rp2_common/pico_stdio/stdio.c.obj
                0x10004840                stdout_serialize_begin
 .text.stdout_serialize_end
                0x10004860       0x10 CMakeFiles/blink.dir/Users/mirabedi/Desktop/Pico/pico-sdk/src/rp2_common/pico_stdio/stdio.c.obj
                0x10004860                stdout_serialize_end
 .text.stdio_put_string
                0x10004870       0x98 CMakeFiles/blink.dir/Users/mirabedi/Desktop/Pico/pico-sdk/src/rp2_common/pico_stdio/stdio.c.obj
 .text._read    0x10004908       0x24 CMakeFiles/blink.dir/Users/mirabedi/Desktop/Pico/pico-sdk/src/rp2_common/pico_stdio/stdio.c.obj
                0x10004908                _read
 .text._write   0x1000492c       0x22 CMakeFiles/blink.dir/Users/mirabedi/Desktop/Pico/pico-sdk/src/rp2_common/pico_stdio/stdio.c.obj
                0x1000492c                _write
 .text._close   0x1000494e        0x6 CMakeFiles/blink.dir/Users/mirabedi/Desktop/Pico/pico-sdk/src/rp2_common/pico_stdio/stdio.c.obj
                0x1000494e                _close
 .text._lseek   0x10004954        0x6 CMakeFiles/blink.dir/Users/mirabedi/Desktop/Pico/pico-sdk/src/rp2_common/pico_stdio/stdio.c.obj
                0x10004954                _lseek
 .text._fstat   0x1000495a        0x6 CMakeFiles/blink.dir/Users/mirabedi/Desktop/Pico/pico-sdk/src/rp2_common/pico_stdio/stdio.c.obj
                0x1000495a                _fstat
 .text._isatty  0x10004960        0xc CMakeFiles/blink.dir/Users/mirabedi/Desktop/Pico/pico-sdk/src/rp2_common/pico_stdio/stdio.c.obj
                0x10004960                _isatty
 .text.stdio_set_driver_enabled
                0x1000496c       0x2c CMakeFiles/blink.dir/Users/mirabedi/Desktop/Pico/pico-sdk/src/rp2_common/pico_stdio/stdio.c.obj
                0x1000496c                stdio_set_driver_enabled
 .text.stdio_flush
                0x10004998       0x20 CMakeFiles/blink.dir/Users/mirabedi/Desktop/Pico/pico-sdk/src/rp2_common/pico_stdio/stdio.c.obj
                0x10004998                stdio_flush
 .text.__wrap_puts
                0x100049b8       0x1e CMakeFiles/blink.dir/Users/mirabedi/Desktop/Pico/pico-sdk/src/rp2_common/pico_stdio/stdio.c.obj
                0x100049b8                __wrap_puts
 *fill*         0x100049d6        0x2 
 .text.__wrap_vprintf
                0x100049d8       0x40 CMakeFiles/blink.dir/Users/mirabedi/Desktop/Pico/pico-sdk/src/rp2_common/pico_stdio/stdio.c.obj
                0x100049d8                __wrap_vprintf
 .text.__wrap_printf
                0x10004a18       0x18 CMakeFiles/blink.dir/Users/mirabedi/Desktop/Pico/pico-sdk/src/rp2_common/pico_stdio/stdio.c.obj
                0x10004a18                __wrap_printf
 .text.stdio_init_all
                0x10004a30        0x8 CMakeFiles/blink.dir/Users/mirabedi/Desktop/Pico/pico-sdk/src/rp2_common/pico_stdio/stdio.c.obj
                0x10004a30                stdio_init_all
 .text.resetd_init
                0x10004a38        0x2 CMakeFiles/blink.dir/Users/mirabedi/Desktop/Pico/pico-sdk/src/rp2_common/pico_stdio_usb/reset_interface.c.obj
 *fill*         0x10004a3a        0x2 
 .text.resetd_reset
                0x10004a3c        0xc CMakeFiles/blink.dir/Users/mirabedi/Desktop/Pico/pico-sdk/src/rp2_common/pico_stdio_usb/reset_interface.c.obj
 .text.resetd_open
                0x10004a48       0x34 CMakeFiles/blink.dir/Users/mirabedi/Desktop/Pico/pico-sdk/src/rp2_common/pico_stdio_usb/reset_interface.c.obj
 .text.resetd_xfer_cb
                0x10004a7c        0x4 CMakeFiles/blink.dir/Users/mirabedi/Desktop/Pico/pico-sdk/src/rp2_common/pico_stdio_usb/reset_interface.c.obj
 .text.reset_usb_boot
                0x10004a80       0x18 CMakeFiles/blink.dir/Users/mirabedi/Desktop/Pico/pico-sdk/src/rp2_common/pico_stdio_usb/reset_interface.c.obj
 .text.resetd_control_xfer_cb
                0x10004a98       0x5c CMakeFiles/blink.dir/Users/mirabedi/Desktop/Pico/pico-sdk/src/rp2_common/pico_stdio_usb/reset_interface.c.obj
 .text.usbd_app_driver_get_cb
                0x10004af4        0xc CMakeFiles/blink.dir/Users/mirabedi/Desktop/Pico/pico-sdk/src/rp2_common/pico_stdio_usb/reset_interface.c.obj
                0x10004af4                usbd_app_driver_get_cb
 .text.tud_cdc_line_coding_cb
                0x10004b00       0x28 CMakeFiles/blink.dir/Users/mirabedi/Desktop/Pico/pico-sdk/src/rp2_common/pico_stdio_usb/reset_interface.c.obj
                0x10004b00                tud_cdc_line_coding_cb
 .text.stdio_usb_set_chars_available_callback
                0x10004b28       0x14 CMakeFiles/blink.dir/Users/mirabedi/Desktop/Pico/pico-sdk/src/rp2_common/pico_stdio_usb/stdio_usb.c.obj
                0x10004b28                stdio_usb_set_chars_available_callback
 .text.update_us_since_boot
                0x10004b3c       0x24 CMakeFiles/blink.dir/Users/mirabedi/Desktop/Pico/pico-sdk/src/rp2_common/pico_stdio_usb/stdio_usb.c.obj
 .text.get_absolute_time
                0x10004b60       0x22 CMakeFiles/blink.dir/Users/mirabedi/Desktop/Pico/pico-sdk/src/rp2_common/pico_stdio_usb/stdio_usb.c.obj
 *fill*         0x10004b82        0x2 
 .text.delayed_by_ms
                0x10004b84       0x44 CMakeFiles/blink.dir/Users/mirabedi/Desktop/Pico/pico-sdk/src/rp2_common/pico_stdio_usb/stdio_usb.c.obj
 .text.make_timeout_time_ms
                0x10004bc8       0x20 CMakeFiles/blink.dir/Users/mirabedi/Desktop/Pico/pico-sdk/src/rp2_common/pico_stdio_usb/stdio_usb.c.obj
 .text.delayed_by_us
                0x10004be8       0x34 CMakeFiles/blink.dir/Users/mirabedi/Desktop/Pico/pico-sdk/src/rp2_common/pico_stdio_usb/stdio_usb.c.obj
 .text.usb_irq  0x10004c1c       0x10 CMakeFiles/blink.dir/Users/mirabedi/Desktop/Pico/pico-sdk/src/rp2_common/pico_stdio_usb/stdio_usb.c.obj
 .text.critical_section_enter_blocking
                0x10004c2c       0x16 CMakeFiles/blink.dir/Users/mirabedi/Desktop/Pico/pico-sdk/src/rp2_common/pico_stdio_usb/stdio_usb.c.obj
 *fill*         0x10004c42        0x2 
 .text.timer_task
                0x10004c44       0x4c CMakeFiles/blink.dir/Users/mirabedi/Desktop/Pico/pico-sdk/src/rp2_common/pico_stdio_usb/stdio_usb.c.obj
 .text.alarm_pool_add_alarm_in_us
                0x10004c90       0x3a CMakeFiles/blink.dir/Users/mirabedi/Desktop/Pico/pico-sdk/src/rp2_common/pico_stdio_usb/stdio_usb.c.obj
 .text.add_alarm_in_us
                0x10004cca       0x2e CMakeFiles/blink.dir/Users/mirabedi/Desktop/Pico/pico-sdk/src/rp2_common/pico_stdio_usb/stdio_usb.c.obj
 .text.low_priority_worker_irq
                0x10004cf8       0x7c CMakeFiles/blink.dir/Users/mirabedi/Desktop/Pico/pico-sdk/src/rp2_common/pico_stdio_usb/stdio_usb.c.obj
 .text.tud_cdc_rx_cb
                0x10004d74       0x20 CMakeFiles/blink.dir/Users/mirabedi/Desktop/Pico/pico-sdk/src/rp2_common/pico_stdio_usb/stdio_usb.c.obj
                0x10004d74                tud_cdc_rx_cb
 .text.stdio_usb_init
                0x10004d94       0xd0 CMakeFiles/blink.dir/Users/mirabedi/Desktop/Pico/pico-sdk/src/rp2_common/pico_stdio_usb/stdio_usb.c.obj
                0x10004d94                stdio_usb_init
 .text.stdio_usb_connected
                0x10004e64        0xa CMakeFiles/blink.dir/Users/mirabedi/Desktop/Pico/pico-sdk/src/rp2_common/pico_stdio_usb/stdio_usb.c.obj
                0x10004e64                stdio_usb_connected
 *fill*         0x10004e6e        0x2 
 .text.stdio_usb_in_chars
                0x10004e70       0x88 CMakeFiles/blink.dir/Users/mirabedi/Desktop/Pico/pico-sdk/src/rp2_common/pico_stdio_usb/stdio_usb.c.obj
                0x10004e70                stdio_usb_in_chars
 .text.stdio_usb_out_chars
                0x10004ef8       0xd8 CMakeFiles/blink.dir/Users/mirabedi/Desktop/Pico/pico-sdk/src/rp2_common/pico_stdio_usb/stdio_usb.c.obj
 .text.tud_descriptor_device_cb
                0x10004fd0        0x8 CMakeFiles/blink.dir/Users/mirabedi/Desktop/Pico/pico-sdk/src/rp2_common/pico_stdio_usb/stdio_usb_descriptors.c.obj
                0x10004fd0                tud_descriptor_device_cb
 .text.tud_descriptor_configuration_cb
                0x10004fd8        0x8 CMakeFiles/blink.dir/Users/mirabedi/Desktop/Pico/pico-sdk/src/rp2_common/pico_stdio_usb/stdio_usb_descriptors.c.obj
                0x10004fd8                tud_descriptor_configuration_cb
 .text.tud_descriptor_string_cb
                0x10004fe0       0x6c CMakeFiles/blink.dir/Users/mirabedi/Desktop/Pico/pico-sdk/src/rp2_common/pico_stdio_usb/stdio_usb_descriptors.c.obj
                0x10004fe0                tud_descriptor_string_cb
 .text._retrieve_unique_id_on_boot
                0x1000504c       0x10 CMakeFiles/blink.dir/Users/mirabedi/Desktop/Pico/pico-sdk/src/rp2_common/pico_unique_id/unique_id.c.obj
 .text.pico_get_unique_board_id_string
                0x1000505c       0x5c CMakeFiles/blink.dir/Users/mirabedi/Desktop/Pico/pico-sdk/src/rp2_common/pico_unique_id/unique_id.c.obj
                0x1000505c                pico_get_unique_board_id_string
 .text.flash_get_unique_id
                0x100050b8       0x40 CMakeFiles/blink.dir/Users/mirabedi/Desktop/Pico/pico-sdk/src/rp2_common/hardware_flash/flash.c.obj
                0x100050b8                flash_get_unique_id
 .text.hw_endpoint_get_by_addr
                0x100050f8       0x18 CMakeFiles/blink.dir/Users/mirabedi/Desktop/Pico/pico-sdk/lib/tinyusb/src/portable/raspberrypi/rp2040/dcd_rp2040.c.obj
 .text._hw_endpoint_alloc
                0x10005110       0x70 CMakeFiles/blink.dir/Users/mirabedi/Desktop/Pico/pico-sdk/lib/tinyusb/src/portable/raspberrypi/rp2040/dcd_rp2040.c.obj
 .text.hw_endpoint_init
                0x10005180       0x88 CMakeFiles/blink.dir/Users/mirabedi/Desktop/Pico/pico-sdk/lib/tinyusb/src/portable/raspberrypi/rp2040/dcd_rp2040.c.obj
 .text.dcd_event_sof
                0x10005208       0x2c CMakeFiles/blink.dir/Users/mirabedi/Desktop/Pico/pico-sdk/lib/tinyusb/src/portable/raspberrypi/rp2040/dcd_rp2040.c.obj
 .text.hw_endpoint_xfer
                0x10005234       0x14 CMakeFiles/blink.dir/Users/mirabedi/Desktop/Pico/pico-sdk/lib/tinyusb/src/portable/raspberrypi/rp2040/dcd_rp2040.c.obj
 .text.dcd_int_enable
                0x10005248       0x2c CMakeFiles/blink.dir/Users/mirabedi/Desktop/Pico/pico-sdk/lib/tinyusb/src/portable/raspberrypi/rp2040/dcd_rp2040.c.obj
                0x10005248                dcd_int_enable
 .text.dcd_set_address
                0x10005274       0x2c CMakeFiles/blink.dir/Users/mirabedi/Desktop/Pico/pico-sdk/lib/tinyusb/src/portable/raspberrypi/rp2040/dcd_rp2040.c.obj
                0x10005274                dcd_set_address
 .text.dcd_connect
                0x100052a0       0x10 CMakeFiles/blink.dir/Users/mirabedi/Desktop/Pico/pico-sdk/lib/tinyusb/src/portable/raspberrypi/rp2040/dcd_rp2040.c.obj
                0x100052a0                dcd_connect
 .text.dcd_init
                0x100052b0       0x80 CMakeFiles/blink.dir/Users/mirabedi/Desktop/Pico/pico-sdk/lib/tinyusb/src/portable/raspberrypi/rp2040/dcd_rp2040.c.obj
                0x100052b0                dcd_init
 .text.dcd_edpt0_status_complete
                0x10005330       0x1c CMakeFiles/blink.dir/Users/mirabedi/Desktop/Pico/pico-sdk/lib/tinyusb/src/portable/raspberrypi/rp2040/dcd_rp2040.c.obj
                0x10005330                dcd_edpt0_status_complete
 .text.dcd_edpt_open
                0x1000534c       0x40 CMakeFiles/blink.dir/Users/mirabedi/Desktop/Pico/pico-sdk/lib/tinyusb/src/portable/raspberrypi/rp2040/dcd_rp2040.c.obj
                0x1000534c                dcd_edpt_open
 .text.dcd_edpt_close_all
                0x1000538c        0x8 CMakeFiles/blink.dir/Users/mirabedi/Desktop/Pico/pico-sdk/lib/tinyusb/src/portable/raspberrypi/rp2040/dcd_rp2040.c.obj
                0x1000538c                dcd_edpt_close_all
 .text.dcd_edpt_xfer
                0x10005394       0x34 CMakeFiles/blink.dir/Users/mirabedi/Desktop/Pico/pico-sdk/lib/tinyusb/src/portable/raspberrypi/rp2040/dcd_rp2040.c.obj
                0x10005394                dcd_edpt_xfer
 .text.dcd_edpt_stall
                0x100053c8       0x2c CMakeFiles/blink.dir/Users/mirabedi/Desktop/Pico/pico-sdk/lib/tinyusb/src/portable/raspberrypi/rp2040/dcd_rp2040.c.obj
                0x100053c8                dcd_edpt_stall
 .text.dcd_edpt_clear_stall
                0x100053f4       0x20 CMakeFiles/blink.dir/Users/mirabedi/Desktop/Pico/pico-sdk/lib/tinyusb/src/portable/raspberrypi/rp2040/dcd_rp2040.c.obj
                0x100053f4                dcd_edpt_clear_stall
 .text.rp2040_usb_init
                0x10005414       0x4c CMakeFiles/blink.dir/Users/mirabedi/Desktop/Pico/pico-sdk/lib/tinyusb/src/portable/raspberrypi/rp2040/rp2040_usb.c.obj
                0x10005414                rp2040_usb_init
 .text.hw_endpoint_xfer_start
                0x10005460       0x50 CMakeFiles/blink.dir/Users/mirabedi/Desktop/Pico/pico-sdk/lib/tinyusb/src/portable/raspberrypi/rp2040/rp2040_usb.c.obj
                0x10005460                hw_endpoint_xfer_start
 .text.configuration_reset
                0x100054b0       0x84 CMakeFiles/blink.dir/Users/mirabedi/Desktop/Pico/pico-sdk/lib/tinyusb/src/device/usbd.c.obj
 .text.critical_section_enter_blocking
                0x10005534       0x16 CMakeFiles/blink.dir/Users/mirabedi/Desktop/Pico/pico-sdk/lib/tinyusb/src/device/usbd.c.obj
 .text.usbd_reset
                0x1000554a        0xc CMakeFiles/blink.dir/Users/mirabedi/Desktop/Pico/pico-sdk/lib/tinyusb/src/device/usbd.c.obj
 .text.invoke_class_control
                0x10005556       0x1a CMakeFiles/blink.dir/Users/mirabedi/Desktop/Pico/pico-sdk/lib/tinyusb/src/device/usbd.c.obj
 .text.process_set_config
                0x10005570      0x178 CMakeFiles/blink.dir/Users/mirabedi/Desktop/Pico/pico-sdk/lib/tinyusb/src/device/usbd.c.obj
 .text.process_get_descriptor
                0x100056e8       0xdc CMakeFiles/blink.dir/Users/mirabedi/Desktop/Pico/pico-sdk/lib/tinyusb/src/device/usbd.c.obj
 .text.tud_mounted
                0x100057c4       0x10 CMakeFiles/blink.dir/Users/mirabedi/Desktop/Pico/pico-sdk/lib/tinyusb/src/device/usbd.c.obj
                0x100057c4                tud_mounted
 .text.tud_suspended
                0x100057d4       0x10 CMakeFiles/blink.dir/Users/mirabedi/Desktop/Pico/pico-sdk/lib/tinyusb/src/device/usbd.c.obj
                0x100057d4                tud_suspended
 .text.tud_inited
                0x100057e4       0x14 CMakeFiles/blink.dir/Users/mirabedi/Desktop/Pico/pico-sdk/lib/tinyusb/src/device/usbd.c.obj
                0x100057e4                tud_inited
 .text.tud_init
                0x100057f8       0xcc CMakeFiles/blink.dir/Users/mirabedi/Desktop/Pico/pico-sdk/lib/tinyusb/src/device/usbd.c.obj
                0x100057f8                tud_init
 .text.usbd_defer_func
                0x100058c4       0x2a CMakeFiles/blink.dir/Users/mirabedi/Desktop/Pico/pico-sdk/lib/tinyusb/src/device/usbd.c.obj
                0x100058c4                usbd_defer_func
 *fill*         0x100058ee        0x2 
 .text.usbd_edpt_open
                0x100058f0       0x34 CMakeFiles/blink.dir/Users/mirabedi/Desktop/Pico/pico-sdk/lib/tinyusb/src/device/usbd.c.obj
                0x100058f0                usbd_edpt_open
 .text.usbd_open_edpt_pair
                0x10005924       0x62 CMakeFiles/blink.dir/Users/mirabedi/Desktop/Pico/pico-sdk/lib/tinyusb/src/device/usbd.c.obj
                0x10005924                usbd_open_edpt_pair
 *fill*         0x10005986        0x2 
 .text.usbd_edpt_claim
                0x10005988       0x28 CMakeFiles/blink.dir/Users/mirabedi/Desktop/Pico/pico-sdk/lib/tinyusb/src/device/usbd.c.obj
                0x10005988                usbd_edpt_claim
 .text.usbd_edpt_release
                0x100059b0       0x28 CMakeFiles/blink.dir/Users/mirabedi/Desktop/Pico/pico-sdk/lib/tinyusb/src/device/usbd.c.obj
                0x100059b0                usbd_edpt_release
 .text.usbd_edpt_xfer
                0x100059d8       0x78 CMakeFiles/blink.dir/Users/mirabedi/Desktop/Pico/pico-sdk/lib/tinyusb/src/device/usbd.c.obj
                0x100059d8                usbd_edpt_xfer
 .text.usbd_edpt_stall
                0x10005a50       0x48 CMakeFiles/blink.dir/Users/mirabedi/Desktop/Pico/pico-sdk/lib/tinyusb/src/device/usbd.c.obj
                0x10005a50                usbd_edpt_stall
 .text.usbd_edpt_clear_stall
                0x10005a98       0x48 CMakeFiles/blink.dir/Users/mirabedi/Desktop/Pico/pico-sdk/lib/tinyusb/src/device/usbd.c.obj
                0x10005a98                usbd_edpt_clear_stall
 .text.usbd_edpt_stalled
                0x10005ae0       0x1c CMakeFiles/blink.dir/Users/mirabedi/Desktop/Pico/pico-sdk/lib/tinyusb/src/device/usbd.c.obj
                0x10005ae0                usbd_edpt_stalled
 .text.process_control_request
                0x10005afc      0x374 CMakeFiles/blink.dir/Users/mirabedi/Desktop/Pico/pico-sdk/lib/tinyusb/src/device/usbd.c.obj
 .text.tud_task_ext
                0x10005e70      0x1a8 CMakeFiles/blink.dir/Users/mirabedi/Desktop/Pico/pico-sdk/lib/tinyusb/src/device/usbd.c.obj
                0x10005e70                tud_task_ext
 .text._status_stage_xact
                0x10006018       0x1a CMakeFiles/blink.dir/Users/mirabedi/Desktop/Pico/pico-sdk/lib/tinyusb/src/device/usbd_control.c.obj
 *fill*         0x10006032        0x2 
 .text._data_stage_xact
                0x10006034       0x58 CMakeFiles/blink.dir/Users/mirabedi/Desktop/Pico/pico-sdk/lib/tinyusb/src/device/usbd_control.c.obj
 .text.tud_control_status
                0x1000608c       0x28 CMakeFiles/blink.dir/Users/mirabedi/Desktop/Pico/pico-sdk/lib/tinyusb/src/device/usbd_control.c.obj
                0x1000608c                tud_control_status
 .text.tud_control_xfer
                0x100060b4       0x68 CMakeFiles/blink.dir/Users/mirabedi/Desktop/Pico/pico-sdk/lib/tinyusb/src/device/usbd_control.c.obj
                0x100060b4                tud_control_xfer
 .text.usbd_control_reset
                0x1000611c       0x14 CMakeFiles/blink.dir/Users/mirabedi/Desktop/Pico/pico-sdk/lib/tinyusb/src/device/usbd_control.c.obj
                0x1000611c                usbd_control_reset
 .text.usbd_control_set_complete_callback
                0x10006130        0xc CMakeFiles/blink.dir/Users/mirabedi/Desktop/Pico/pico-sdk/lib/tinyusb/src/device/usbd_control.c.obj
                0x10006130                usbd_control_set_complete_callback
 .text.usbd_control_set_request
                0x1000613c       0x1c CMakeFiles/blink.dir/Users/mirabedi/Desktop/Pico/pico-sdk/lib/tinyusb/src/device/usbd_control.c.obj
                0x1000613c                usbd_control_set_request
 .text.usbd_control_xfer_cb
                0x10006158       0xbc CMakeFiles/blink.dir/Users/mirabedi/Desktop/Pico/pico-sdk/lib/tinyusb/src/device/usbd_control.c.obj
                0x10006158                usbd_control_xfer_cb
 .text._prep_out_transaction
                0x10006214       0x4a CMakeFiles/blink.dir/Users/mirabedi/Desktop/Pico/pico-sdk/lib/tinyusb/src/class/cdc/cdc_device.c.obj
 *fill*         0x1000625e        0x2 
 .text.tud_cdc_n_connected
                0x10006260       0x38 CMakeFiles/blink.dir/Users/mirabedi/Desktop/Pico/pico-sdk/lib/tinyusb/src/class/cdc/cdc_device.c.obj
                0x10006260                tud_cdc_n_connected
 .text.tud_cdc_n_available
                0x10006298       0x18 CMakeFiles/blink.dir/Users/mirabedi/Desktop/Pico/pico-sdk/lib/tinyusb/src/class/cdc/cdc_device.c.obj
                0x10006298                tud_cdc_n_available
 .text.tud_cdc_n_read
                0x100062b0       0x28 CMakeFiles/blink.dir/Users/mirabedi/Desktop/Pico/pico-sdk/lib/tinyusb/src/class/cdc/cdc_device.c.obj
                0x100062b0                tud_cdc_n_read
 .text.tud_cdc_n_write_flush
                0x100062d8       0xb8 CMakeFiles/blink.dir/Users/mirabedi/Desktop/Pico/pico-sdk/lib/tinyusb/src/class/cdc/cdc_device.c.obj
                0x100062d8                tud_cdc_n_write_flush
 .text.tud_cdc_n_write
                0x10006390       0x38 CMakeFiles/blink.dir/Users/mirabedi/Desktop/Pico/pico-sdk/lib/tinyusb/src/class/cdc/cdc_device.c.obj
                0x10006390                tud_cdc_n_write
 .text.tud_cdc_n_write_available
                0x100063c8       0x1c CMakeFiles/blink.dir/Users/mirabedi/Desktop/Pico/pico-sdk/lib/tinyusb/src/class/cdc/cdc_device.c.obj
                0x100063c8                tud_cdc_n_write_available
 .text.cdcd_init
                0x100063e4       0xbc CMakeFiles/blink.dir/Users/mirabedi/Desktop/Pico/pico-sdk/lib/tinyusb/src/class/cdc/cdc_device.c.obj
                0x100063e4                cdcd_init
 .text.cdcd_reset
                0x100064a0       0x44 CMakeFiles/blink.dir/Users/mirabedi/Desktop/Pico/pico-sdk/lib/tinyusb/src/class/cdc/cdc_device.c.obj
                0x100064a0                cdcd_reset
 .text.cdcd_open
                0x100064e4       0xc4 CMakeFiles/blink.dir/Users/mirabedi/Desktop/Pico/pico-sdk/lib/tinyusb/src/class/cdc/cdc_device.c.obj
                0x100064e4                cdcd_open
 .text.cdcd_control_xfer_cb
                0x100065a8      0x134 CMakeFiles/blink.dir/Users/mirabedi/Desktop/Pico/pico-sdk/lib/tinyusb/src/class/cdc/cdc_device.c.obj
                0x100065a8                cdcd_control_xfer_cb
 .text.cdcd_xfer_cb
                0x100066dc      0x130 CMakeFiles/blink.dir/Users/mirabedi/Desktop/Pico/pico-sdk/lib/tinyusb/src/class/cdc/cdc_device.c.obj
                0x100066dc                cdcd_xfer_cb
 .text.tusb_init
                0x1000680c        0xa CMakeFiles/blink.dir/Users/mirabedi/Desktop/Pico/pico-sdk/lib/tinyusb/src/tusb.c.obj
                0x1000680c                tusb_init
 .text.tusb_inited
                0x10006816        0xe CMakeFiles/blink.dir/Users/mirabedi/Desktop/Pico/pico-sdk/lib/tinyusb/src/tusb.c.obj
                0x10006816                tusb_inited
 .text.tu_edpt_claim
                0x10006824       0x50 CMakeFiles/blink.dir/Users/mirabedi/Desktop/Pico/pico-sdk/lib/tinyusb/src/tusb.c.obj
                0x10006824                tu_edpt_claim
 .text.tu_edpt_release
                0x10006874       0x38 CMakeFiles/blink.dir/Users/mirabedi/Desktop/Pico/pico-sdk/lib/tinyusb/src/tusb.c.obj
                0x10006874                tu_edpt_release
 .text.tu_edpt_validate
                0x100068ac       0x78 CMakeFiles/blink.dir/Users/mirabedi/Desktop/Pico/pico-sdk/lib/tinyusb/src/tusb.c.obj
                0x100068ac                tu_edpt_validate
 .text.tu_edpt_bind_driver
                0x10006924       0x26 CMakeFiles/blink.dir/Users/mirabedi/Desktop/Pico/pico-sdk/lib/tinyusb/src/tusb.c.obj
                0x10006924                tu_edpt_bind_driver
 .text.advance_index
                0x1000694a       0x1a CMakeFiles/blink.dir/Users/mirabedi/Desktop/Pico/pico-sdk/lib/tinyusb/src/common/tusb_fifo.c.obj
 .text._tu_fifo_peek
                0x10006964       0x56 CMakeFiles/blink.dir/Users/mirabedi/Desktop/Pico/pico-sdk/lib/tinyusb/src/common/tusb_fifo.c.obj
 .text._ff_pull_const_addr
                0x100069ba       0x4c CMakeFiles/blink.dir/Users/mirabedi/Desktop/Pico/pico-sdk/lib/tinyusb/src/common/tusb_fifo.c.obj
 .text._ff_pull_n
                0x10006a06      0x110 CMakeFiles/blink.dir/Users/mirabedi/Desktop/Pico/pico-sdk/lib/tinyusb/src/common/tusb_fifo.c.obj
 .text._tu_fifo_peek_n
                0x10006b16       0x6a CMakeFiles/blink.dir/Users/mirabedi/Desktop/Pico/pico-sdk/lib/tinyusb/src/common/tusb_fifo.c.obj
 .text._tu_fifo_read_n
                0x10006b80       0x4e CMakeFiles/blink.dir/Users/mirabedi/Desktop/Pico/pico-sdk/lib/tinyusb/src/common/tusb_fifo.c.obj
 .text._ff_push_const_addr
                0x10006bce       0x40 CMakeFiles/blink.dir/Users/mirabedi/Desktop/Pico/pico-sdk/lib/tinyusb/src/common/tusb_fifo.c.obj
 .text._ff_push_n
                0x10006c0e      0x10c CMakeFiles/blink.dir/Users/mirabedi/Desktop/Pico/pico-sdk/lib/tinyusb/src/common/tusb_fifo.c.obj
 .text._tu_fifo_write_n
                0x10006d1a       0xf0 CMakeFiles/blink.dir/Users/mirabedi/Desktop/Pico/pico-sdk/lib/tinyusb/src/common/tusb_fifo.c.obj
 .text.tu_fifo_config
                0x10006e0a       0x7c CMakeFiles/blink.dir/Users/mirabedi/Desktop/Pico/pico-sdk/lib/tinyusb/src/common/tusb_fifo.c.obj
                0x10006e0a                tu_fifo_config
 .text.tu_fifo_count
                0x10006e86       0x2a CMakeFiles/blink.dir/Users/mirabedi/Desktop/Pico/pico-sdk/lib/tinyusb/src/common/tusb_fifo.c.obj
                0x10006e86                tu_fifo_count
 .text.tu_fifo_empty
                0x10006eb0        0xe CMakeFiles/blink.dir/Users/mirabedi/Desktop/Pico/pico-sdk/lib/tinyusb/src/common/tusb_fifo.c.obj
                0x10006eb0                tu_fifo_empty
 .text.tu_fifo_full
                0x10006ebe       0x28 CMakeFiles/blink.dir/Users/mirabedi/Desktop/Pico/pico-sdk/lib/tinyusb/src/common/tusb_fifo.c.obj
                0x10006ebe                tu_fifo_full
 .text.tu_fifo_remaining
                0x10006ee6       0x2c CMakeFiles/blink.dir/Users/mirabedi/Desktop/Pico/pico-sdk/lib/tinyusb/src/common/tusb_fifo.c.obj
                0x10006ee6                tu_fifo_remaining
 .text.tu_fifo_read
                0x10006f12       0x42 CMakeFiles/blink.dir/Users/mirabedi/Desktop/Pico/pico-sdk/lib/tinyusb/src/common/tusb_fifo.c.obj
                0x10006f12                tu_fifo_read
 .text.tu_fifo_read_n
                0x10006f54        0xa CMakeFiles/blink.dir/Users/mirabedi/Desktop/Pico/pico-sdk/lib/tinyusb/src/common/tusb_fifo.c.obj
                0x10006f54                tu_fifo_read_n
 .text.tu_fifo_write
                0x10006f5e       0x64 CMakeFiles/blink.dir/Users/mirabedi/Desktop/Pico/pico-sdk/lib/tinyusb/src/common/tusb_fifo.c.obj
                0x10006f5e                tu_fifo_write
 .text.tu_fifo_write_n
                0x10006fc2        0xa CMakeFiles/blink.dir/Users/mirabedi/Desktop/Pico/pico-sdk/lib/tinyusb/src/common/tusb_fifo.c.obj
                0x10006fc2                tu_fifo_write_n
 .text.tu_fifo_clear
                0x10006fcc       0x3e CMakeFiles/blink.dir/Users/mirabedi/Desktop/Pico/pico-sdk/lib/tinyusb/src/common/tusb_fifo.c.obj
                0x10006fcc                tu_fifo_clear
 .text.tu_fifo_set_overwritable
                0x1000700a       0x46 CMakeFiles/blink.dir/Users/mirabedi/Desktop/Pico/pico-sdk/lib/tinyusb/src/common/tusb_fifo.c.obj
                0x1000700a                tu_fifo_set_overwritable
 .text.adc_init
                0x10007050       0x34 CMakeFiles/blink.dir/Users/mirabedi/Desktop/Pico/pico-sdk/src/rp2_common/hardware_adc/adc.c.obj
                0x10007050                adc_init
 .text.atoi     0x10007084        0xc /Applications/ArmGNUToolchain/13.2.Rel1/arm-none-eabi/bin/../lib/gcc/arm-none-eabi/13.2.1/../../../../arm-none-eabi/lib/thumb/v6-m/nofp/libg.a(libc_a-atoi.o)
                0x10007084                atoi
 .text._calloc_r
                0x10007090       0xa8 /Applications/ArmGNUToolchain/13.2.Rel1/arm-none-eabi/bin/../lib/gcc/arm-none-eabi/13.2.1/../../../../arm-none-eabi/lib/thumb/v6-m/nofp/libg.a(libc_a-callocr.o)
                0x10007090                _calloc_r
 .text.malloc   0x10007138       0x14 /Applications/ArmGNUToolchain/13.2.Rel1/arm-none-eabi/bin/../lib/gcc/arm-none-eabi/13.2.1/../../../../arm-none-eabi/lib/thumb/v6-m/nofp/libg.a(libc_a-malloc.o)
                0x10007138                malloc
 .text.free     0x1000714c       0x14 /Applications/ArmGNUToolchain/13.2.Rel1/arm-none-eabi/bin/../lib/gcc/arm-none-eabi/13.2.1/../../../../arm-none-eabi/lib/thumb/v6-m/nofp/libg.a(libc_a-malloc.o)
                0x1000714c                free
 .text._malloc_r
                0x10007160      0x5c4 /Applications/ArmGNUToolchain/13.2.Rel1/arm-none-eabi/bin/../lib/gcc/arm-none-eabi/13.2.1/../../../../arm-none-eabi/lib/thumb/v6-m/nofp/libg.a(libc_a-mallocr.o)
                0x10007160                _malloc_r
 .text.__malloc_lock
                0x10007724       0x10 /Applications/ArmGNUToolchain/13.2.Rel1/arm-none-eabi/bin/../lib/gcc/arm-none-eabi/13.2.1/../../../../arm-none-eabi/lib/thumb/v6-m/nofp/libg.a(libc_a-mlock.o)
                0x10007724                __malloc_lock
 .text.__malloc_unlock
                0x10007734       0x10 /Applications/ArmGNUToolchain/13.2.Rel1/arm-none-eabi/bin/../lib/gcc/arm-none-eabi/13.2.1/../../../../arm-none-eabi/lib/thumb/v6-m/nofp/libg.a(libc_a-mlock.o)
                0x10007734                __malloc_unlock
 .text.realloc  0x10007744       0x18 /Applications/ArmGNUToolchain/13.2.Rel1/arm-none-eabi/bin/../lib/gcc/arm-none-eabi/13.2.1/../../../../arm-none-eabi/lib/thumb/v6-m/nofp/libg.a(libc_a-realloc.o)
                0x10007744                realloc
 .text.scanf    0x1000775c       0x24 /Applications/ArmGNUToolchain/13.2.Rel1/arm-none-eabi/bin/../lib/gcc/arm-none-eabi/13.2.1/../../../../arm-none-eabi/lib/thumb/v6-m/nofp/libg.a(libc_a-scanf.o)
                0x1000775c                scanf
 .text._realloc_r
                0x10007780      0x350 /Applications/ArmGNUToolchain/13.2.Rel1/arm-none-eabi/bin/../lib/gcc/arm-none-eabi/13.2.1/../../../../arm-none-eabi/lib/thumb/v6-m/nofp/libg.a(libc_a-reallocr.o)
                0x10007780                _realloc_r
 .text._strtol_l.isra.0
                0x10007ad0      0x158 /Applications/ArmGNUToolchain/13.2.Rel1/arm-none-eabi/bin/../lib/gcc/arm-none-eabi/13.2.1/../../../../arm-none-eabi/lib/thumb/v6-m/nofp/libg.a(libc_a-strtol.o)
 .text._strtol_r
                0x10007c28        0x8 /Applications/ArmGNUToolchain/13.2.Rel1/arm-none-eabi/bin/../lib/gcc/arm-none-eabi/13.2.1/../../../../arm-none-eabi/lib/thumb/v6-m/nofp/libg.a(libc_a-strtol.o)
                0x10007c28                _strtol_r
 .text.strtol   0x10007c30       0x18 /Applications/ArmGNUToolchain/13.2.Rel1/arm-none-eabi/bin/../lib/gcc/arm-none-eabi/13.2.1/../../../../arm-none-eabi/lib/thumb/v6-m/nofp/libg.a(libc_a-strtol.o)
                0x10007c30                strtol
 .text.memmove  0x10007c48       0xb0 /Applications/ArmGNUToolchain/13.2.Rel1/arm-none-eabi/bin/../lib/gcc/arm-none-eabi/13.2.1/../../../../arm-none-eabi/lib/thumb/v6-m/nofp/libg.a(libc_a-memmove.o)
                0x10007c48                memmove
 .text._sbrk_r  0x10007cf8       0x24 /Applications/ArmGNUToolchain/13.2.Rel1/arm-none-eabi/bin/../lib/gcc/arm-none-eabi/13.2.1/../../../../arm-none-eabi/lib/thumb/v6-m/nofp/libg.a(libc_a-sbrkr.o)
                0x10007cf8                _sbrk_r
 .text.__errno  0x10007d1c        0xc /Applications/ArmGNUToolchain/13.2.Rel1/arm-none-eabi/bin/../lib/gcc/arm-none-eabi/13.2.1/../../../../arm-none-eabi/lib/thumb/v6-m/nofp/libg.a(libc_a-errno.o)
                0x10007d1c                __errno
 .text.sysconf  0x10007d28       0x1c /Applications/ArmGNUToolchain/13.2.Rel1/arm-none-eabi/bin/../lib/gcc/arm-none-eabi/13.2.1/../../../../arm-none-eabi/lib/thumb/v6-m/nofp/libg.a(libc_a-sysconf.o)
                0x10007d28                sysconf
 .text.__retarget_lock_init_recursive
                0x10007d44        0x4 /Applications/ArmGNUToolchain/13.2.Rel1/arm-none-eabi/bin/../lib/gcc/arm-none-eabi/13.2.1/../../../../arm-none-eabi/lib/thumb/v6-m/nofp/libg.a(libc_a-lock.o)
                0x10007d44                __retarget_lock_init_recursive
 .text.__retarget_lock_close_recursive
                0x10007d48        0x4 /Applications/ArmGNUToolchain/13.2.Rel1/arm-none-eabi/bin/../lib/gcc/arm-none-eabi/13.2.1/../../../../arm-none-eabi/lib/thumb/v6-m/nofp/libg.a(libc_a-lock.o)
                0x10007d48                __retarget_lock_close_recursive
 .text.__retarget_lock_acquire_recursive
                0x10007d4c        0x4 /Applications/ArmGNUToolchain/13.2.Rel1/arm-none-eabi/bin/../lib/gcc/arm-none-eabi/13.2.1/../../../../arm-none-eabi/lib/thumb/v6-m/nofp/libg.a(libc_a-lock.o)
                0x10007d4c                __retarget_lock_acquire_recursive
 .text.__retarget_lock_release_recursive
                0x10007d50        0x4 /Applications/ArmGNUToolchain/13.2.Rel1/arm-none-eabi/bin/../lib/gcc/arm-none-eabi/13.2.1/../../../../arm-none-eabi/lib/thumb/v6-m/nofp/libg.a(libc_a-lock.o)
                0x10007d50                __retarget_lock_release_recursive
 .text.strlen   0x10007d54       0x5c /Applications/ArmGNUToolchain/13.2.Rel1/arm-none-eabi/bin/../lib/gcc/arm-none-eabi/13.2.1/../../../../arm-none-eabi/lib/thumb/v6-m/nofp/libg.a(libc_a-strlen-stub.o)
                0x10007d54                strlen
 .text._malloc_trim_r
                0x10007db0       0xb4 /Applications/ArmGNUToolchain/13.2.Rel1/arm-none-eabi/bin/../lib/gcc/arm-none-eabi/13.2.1/../../../../arm-none-eabi/lib/thumb/v6-m/nofp/libg.a(libc_a-freer.o)
                0x10007db0                _malloc_trim_r
 .text._free_r  0x10007e64      0x1d4 /Applications/ArmGNUToolchain/13.2.Rel1/arm-none-eabi/bin/../lib/gcc/arm-none-eabi/13.2.1/../../../../arm-none-eabi/lib/thumb/v6-m/nofp/libg.a(libc_a-freer.o)
                0x10007e64                _free_r
 .text.__svfscanf_r
                0x10008038     0x1884 /Applications/ArmGNUToolchain/13.2.Rel1/arm-none-eabi/bin/../lib/gcc/arm-none-eabi/13.2.1/../../../../arm-none-eabi/lib/thumb/v6-m/nofp/libg.a(libc_a-vfscanf.o)
                0x10008038                __svfscanf_r
 .text._vfscanf_r
                0x100098bc       0x28 /Applications/ArmGNUToolchain/13.2.Rel1/arm-none-eabi/bin/../lib/gcc/arm-none-eabi/13.2.1/../../../../arm-none-eabi/lib/thumb/v6-m/nofp/libg.a(libc_a-vfscanf.o)
                0x100098bc                _vfscanf_r
 .text.__sccl   0x100098e4       0x80 /Applications/ArmGNUToolchain/13.2.Rel1/arm-none-eabi/bin/../lib/gcc/arm-none-eabi/13.2.1/../../../../arm-none-eabi/lib/thumb/v6-m/nofp/libg.a(libc_a-sccl.o)
                0x100098e4                __sccl
 .text.sulp     0x10009964       0x30 /Applications/ArmGNUToolchain/13.2.Rel1/arm-none-eabi/bin/../lib/gcc/arm-none-eabi/13.2.1/../../../../arm-none-eabi/lib/thumb/v6-m/nofp/libg.a(libc_a-strtod.o)
 .text._strtod_l
                0x10009994      0xeb8 /Applications/ArmGNUToolchain/13.2.Rel1/arm-none-eabi/bin/../lib/gcc/arm-none-eabi/13.2.1/../../../../arm-none-eabi/lib/thumb/v6-m/nofp/libg.a(libc_a-strtod.o)
                0x10009994                _strtod_l
 .text._strtod_r
                0x1000a84c       0x10 /Applications/ArmGNUToolchain/13.2.Rel1/arm-none-eabi/bin/../lib/gcc/arm-none-eabi/13.2.1/../../../../arm-none-eabi/lib/thumb/v6-m/nofp/libg.a(libc_a-strtod.o)
                0x1000a84c                _strtod_r
 .text._strtoul_l.isra.0
                0x1000a85c      0x144 /Applications/ArmGNUToolchain/13.2.Rel1/arm-none-eabi/bin/../lib/gcc/arm-none-eabi/13.2.1/../../../../arm-none-eabi/lib/thumb/v6-m/nofp/libg.a(libc_a-strtoul.o)
 .text._strtoul_r
                0x1000a9a0        0x8 /Applications/ArmGNUToolchain/13.2.Rel1/arm-none-eabi/bin/../lib/gcc/arm-none-eabi/13.2.1/../../../../arm-none-eabi/lib/thumb/v6-m/nofp/libg.a(libc_a-strtoul.o)
                0x1000a9a0                _strtoul_r
 .text.stdio_exit_handler
                0x1000a9a8       0x1c /Applications/ArmGNUToolchain/13.2.Rel1/arm-none-eabi/bin/../lib/gcc/arm-none-eabi/13.2.1/../../../../arm-none-eabi/lib/thumb/v6-m/nofp/libg.a(libc_a-findfp.o)
 .text.cleanup_stdio
                0x1000a9c4       0x3c /Applications/ArmGNUToolchain/13.2.Rel1/arm-none-eabi/bin/../lib/gcc/arm-none-eabi/13.2.1/../../../../arm-none-eabi/lib/thumb/v6-m/nofp/libg.a(libc_a-findfp.o)
 .text.global_stdio_init.part.0
                0x1000aa00      0x118 /Applications/ArmGNUToolchain/13.2.Rel1/arm-none-eabi/bin/../lib/gcc/arm-none-eabi/13.2.1/../../../../arm-none-eabi/lib/thumb/v6-m/nofp/libg.a(libc_a-findfp.o)
 .text.__sinit  0x1000ab18       0x38 /Applications/ArmGNUToolchain/13.2.Rel1/arm-none-eabi/bin/../lib/gcc/arm-none-eabi/13.2.1/../../../../arm-none-eabi/lib/thumb/v6-m/nofp/libg.a(libc_a-findfp.o)
                0x1000ab18                __sinit
 .text.__sfp_lock_acquire
                0x1000ab50       0x10 /Applications/ArmGNUToolchain/13.2.Rel1/arm-none-eabi/bin/../lib/gcc/arm-none-eabi/13.2.1/../../../../arm-none-eabi/lib/thumb/v6-m/nofp/libg.a(libc_a-findfp.o)
                0x1000ab50                __sfp_lock_acquire
 .text.__sfp_lock_release
                0x1000ab60       0x10 /Applications/ArmGNUToolchain/13.2.Rel1/arm-none-eabi/bin/../lib/gcc/arm-none-eabi/13.2.1/../../../../arm-none-eabi/lib/thumb/v6-m/nofp/libg.a(libc_a-findfp.o)
                0x1000ab60                __sfp_lock_release
 .text.__submore
                0x1000ab70       0x84 /Applications/ArmGNUToolchain/13.2.Rel1/arm-none-eabi/bin/../lib/gcc/arm-none-eabi/13.2.1/../../../../arm-none-eabi/lib/thumb/v6-m/nofp/libg.a(libc_a-ungetc.o)
                0x1000ab70                __submore
 .text._ungetc_r
                0x1000abf4      0x144 /Applications/ArmGNUToolchain/13.2.Rel1/arm-none-eabi/bin/../lib/gcc/arm-none-eabi/13.2.1/../../../../arm-none-eabi/lib/thumb/v6-m/nofp/libg.a(libc_a-ungetc.o)
                0x1000abf4                _ungetc_r
 .text._fread_r
                0x1000ad38      0x1e8 /Applications/ArmGNUToolchain/13.2.Rel1/arm-none-eabi/bin/../lib/gcc/arm-none-eabi/13.2.1/../../../../arm-none-eabi/lib/thumb/v6-m/nofp/libg.a(libc_a-fread.o)
                0x1000ad38                _fread_r
 .text._fwalk_sglue
                0x1000af20       0x44 /Applications/ArmGNUToolchain/13.2.Rel1/arm-none-eabi/bin/../lib/gcc/arm-none-eabi/13.2.1/../../../../arm-none-eabi/lib/thumb/v6-m/nofp/libg.a(libc_a-fwalk.o)
                0x1000af20                _fwalk_sglue
 .text.strncmp  0x1000af64       0x74 /Applications/ArmGNUToolchain/13.2.Rel1/arm-none-eabi/bin/../lib/gcc/arm-none-eabi/13.2.1/../../../../arm-none-eabi/lib/thumb/v6-m/nofp/libg.a(libc_a-strncmp.o)
                0x1000af64                strncmp
 .text.stpncpy  0x1000afd8       0x78 /Applications/ArmGNUToolchain/13.2.Rel1/arm-none-eabi/bin/../lib/gcc/arm-none-eabi/13.2.1/../../../../arm-none-eabi/lib/thumb/v6-m/nofp/libg.a(libc_a-stpncpy.o)
                0x1000afd8                stpncpy
 .text.__locale_mb_cur_max
                0x1000b050       0x10 /Applications/ArmGNUToolchain/13.2.Rel1/arm-none-eabi/bin/../lib/gcc/arm-none-eabi/13.2.1/../../../../arm-none-eabi/lib/thumb/v6-m/nofp/libg.a(libc_a-locale.o)
                0x1000b050                __locale_mb_cur_max
 .text._localeconv_r
                0x1000b060        0x8 /Applications/ArmGNUToolchain/13.2.Rel1/arm-none-eabi/bin/../lib/gcc/arm-none-eabi/13.2.1/../../../../arm-none-eabi/lib/thumb/v6-m/nofp/libg.a(libc_a-localeconv.o)
                0x1000b060                _localeconv_r
 .text          0x1000b068       0x88 /Applications/ArmGNUToolchain/13.2.Rel1/arm-none-eabi/bin/../lib/gcc/arm-none-eabi/13.2.1/../../../../arm-none-eabi/lib/thumb/v6-m/nofp/libg.a(libc_a-strcmp.o)
                0x1000b068                strcmp
 .text._strtoll_l.isra.0
                0x1000b0f0      0x1a0 /Applications/ArmGNUToolchain/13.2.Rel1/arm-none-eabi/bin/../lib/gcc/arm-none-eabi/13.2.1/../../../../arm-none-eabi/lib/thumb/v6-m/nofp/libg.a(libc_a-strtoll.o)
 .text._strtoll_r
                0x1000b290        0x8 /Applications/ArmGNUToolchain/13.2.Rel1/arm-none-eabi/bin/../lib/gcc/arm-none-eabi/13.2.1/../../../../arm-none-eabi/lib/thumb/v6-m/nofp/libg.a(libc_a-strtoll.o)
                0x1000b290                _strtoll_r
 .text._strtoull_l.isra.0
                0x1000b298      0x1c4 /Applications/ArmGNUToolchain/13.2.Rel1/arm-none-eabi/bin/../lib/gcc/arm-none-eabi/13.2.1/../../../../arm-none-eabi/lib/thumb/v6-m/nofp/libg.a(libc_a-strtoull.o)
 .text._strtoull_r
                0x1000b45c        0x8 /Applications/ArmGNUToolchain/13.2.Rel1/arm-none-eabi/bin/../lib/gcc/arm-none-eabi/13.2.1/../../../../arm-none-eabi/lib/thumb/v6-m/nofp/libg.a(libc_a-strtoull.o)
                0x1000b45c                _strtoull_r
 .text._mbrtowc_r
                0x1000b464       0x54 /Applications/ArmGNUToolchain/13.2.Rel1/arm-none-eabi/bin/../lib/gcc/arm-none-eabi/13.2.1/../../../../arm-none-eabi/lib/thumb/v6-m/nofp/libg.a(libc_a-mbrtowc.o)
                0x1000b464                _mbrtowc_r
 .text.iswspace
                0x1000b4b8        0xc /Applications/ArmGNUToolchain/13.2.Rel1/arm-none-eabi/bin/../lib/gcc/arm-none-eabi/13.2.1/../../../../arm-none-eabi/lib/thumb/v6-m/nofp/libg.a(libc_a-iswspace.o)
                0x1000b4b8                iswspace
 .text.iswspace_l
                0x1000b4c4       0x24 /Applications/ArmGNUToolchain/13.2.Rel1/arm-none-eabi/bin/../lib/gcc/arm-none-eabi/13.2.1/../../../../arm-none-eabi/lib/thumb/v6-m/nofp/libg.a(libc_a-iswspace_l.o)
                0x1000b4c4                iswspace_l
 .text.nan      0x1000b4e8        0xc /Applications/ArmGNUToolchain/13.2.Rel1/arm-none-eabi/bin/../lib/gcc/arm-none-eabi/13.2.1/../../../../arm-none-eabi/lib/thumb/v6-m/nofp/libg.a(libm_a-s_nan.o)
                0x1000b4e8                nan
 .text.nanf     0x1000b4f4        0x8 /Applications/ArmGNUToolchain/13.2.Rel1/arm-none-eabi/bin/../lib/gcc/arm-none-eabi/13.2.1/../../../../arm-none-eabi/lib/thumb/v6-m/nofp/libg.a(libm_a-sf_nan.o)
                0x1000b4f4                nanf
 .text.__jp2uc  0x1000b4fc      0x154 /Applications/ArmGNUToolchain/13.2.Rel1/arm-none-eabi/bin/../lib/gcc/arm-none-eabi/13.2.1/../../../../arm-none-eabi/lib/thumb/v6-m/nofp/libg.a(libc_a-jp2uc.o)
 .text._jp2uc_l
                0x1000b650       0x68 /Applications/ArmGNUToolchain/13.2.Rel1/arm-none-eabi/bin/../lib/gcc/arm-none-eabi/13.2.1/../../../../arm-none-eabi/lib/thumb/v6-m/nofp/libg.a(libc_a-jp2uc.o)
                0x1000b650                _jp2uc_l
 .text.category
                0x1000b6b8       0x54 /Applications/ArmGNUToolchain/13.2.Rel1/arm-none-eabi/bin/../lib/gcc/arm-none-eabi/13.2.1/../../../../arm-none-eabi/lib/thumb/v6-m/nofp/libg.a(libc_a-categories.o)
                0x1000b6b8                category
 .text.rshift   0x1000b70c       0xb0 /Applications/ArmGNUToolchain/13.2.Rel1/arm-none-eabi/bin/../lib/gcc/arm-none-eabi/13.2.1/../../../../arm-none-eabi/lib/thumb/v6-m/nofp/libg.a(libc_a-gdtoa-gethex.o)
 .text.__gethex
                0x1000b7bc      0x5a8 /Applications/ArmGNUToolchain/13.2.Rel1/arm-none-eabi/bin/../lib/gcc/arm-none-eabi/13.2.1/../../../../arm-none-eabi/lib/thumb/v6-m/nofp/libg.a(libc_a-gdtoa-gethex.o)
                0x1000b7bc                __gethex
 .text.__match  0x1000bd64       0x2c /Applications/ArmGNUToolchain/13.2.Rel1/arm-none-eabi/bin/../lib/gcc/arm-none-eabi/13.2.1/../../../../arm-none-eabi/lib/thumb/v6-m/nofp/libg.a(libc_a-gdtoa-hexnan.o)
                0x1000bd64                __match
 .text.__hexnan
                0x1000bd90      0x204 /Applications/ArmGNUToolchain/13.2.Rel1/arm-none-eabi/bin/../lib/gcc/arm-none-eabi/13.2.1/../../../../arm-none-eabi/lib/thumb/v6-m/nofp/libg.a(libc_a-gdtoa-hexnan.o)
                0x1000bd90                __hexnan
 .text.__ascii_mbtowc
                0x1000bf94       0x2c /Applications/ArmGNUToolchain/13.2.Rel1/arm-none-eabi/bin/../lib/gcc/arm-none-eabi/13.2.1/../../../../arm-none-eabi/lib/thumb/v6-m/nofp/libg.a(libc_a-mbtowc_r.o)
                0x1000bf94                __ascii_mbtowc
 .text._Balloc  0x1000bfc0       0x50 /Applications/ArmGNUToolchain/13.2.Rel1/arm-none-eabi/bin/../lib/gcc/arm-none-eabi/13.2.1/../../../../arm-none-eabi/lib/thumb/v6-m/nofp/libg.a(libc_a-mprec.o)
                0x1000bfc0                _Balloc
 .text._Bfree   0x1000c010       0x14 /Applications/ArmGNUToolchain/13.2.Rel1/arm-none-eabi/bin/../lib/gcc/arm-none-eabi/13.2.1/../../../../arm-none-eabi/lib/thumb/v6-m/nofp/libg.a(libc_a-mprec.o)
                0x1000c010                _Bfree
 .text.__multadd
                0x1000c024       0xa8 /Applications/ArmGNUToolchain/13.2.Rel1/arm-none-eabi/bin/../lib/gcc/arm-none-eabi/13.2.1/../../../../arm-none-eabi/lib/thumb/v6-m/nofp/libg.a(libc_a-mprec.o)
                0x1000c024                __multadd
 .text.__s2b    0x1000c0cc       0xb0 /Applications/ArmGNUToolchain/13.2.Rel1/arm-none-eabi/bin/../lib/gcc/arm-none-eabi/13.2.1/../../../../arm-none-eabi/lib/thumb/v6-m/nofp/libg.a(libc_a-mprec.o)
                0x1000c0cc                __s2b
 .text.__hi0bits
                0x1000c17c       0x4c /Applications/ArmGNUToolchain/13.2.Rel1/arm-none-eabi/bin/../lib/gcc/arm-none-eabi/13.2.1/../../../../arm-none-eabi/lib/thumb/v6-m/nofp/libg.a(libc_a-mprec.o)
                0x1000c17c                __hi0bits
 .text.__lo0bits
                0x1000c1c8       0x5c /Applications/ArmGNUToolchain/13.2.Rel1/arm-none-eabi/bin/../lib/gcc/arm-none-eabi/13.2.1/../../../../arm-none-eabi/lib/thumb/v6-m/nofp/libg.a(libc_a-mprec.o)
                0x1000c1c8                __lo0bits
 .text.__i2b    0x1000c224       0x60 /Applications/ArmGNUToolchain/13.2.Rel1/arm-none-eabi/bin/../lib/gcc/arm-none-eabi/13.2.1/../../../../arm-none-eabi/lib/thumb/v6-m/nofp/libg.a(libc_a-mprec.o)
                0x1000c224                __i2b
 .text.__multiply
                0x1000c284      0x1ac /Applications/ArmGNUToolchain/13.2.Rel1/arm-none-eabi/bin/../lib/gcc/arm-none-eabi/13.2.1/../../../../arm-none-eabi/lib/thumb/v6-m/nofp/libg.a(libc_a-mprec.o)
                0x1000c284                __multiply
 .text.__pow5mult
                0x1000c430       0xd0 /Applications/ArmGNUToolchain/13.2.Rel1/arm-none-eabi/bin/../lib/gcc/arm-none-eabi/13.2.1/../../../../arm-none-eabi/lib/thumb/v6-m/nofp/libg.a(libc_a-mprec.o)
                0x1000c430                __pow5mult
 .text.__lshift
                0x1000c500       0xfc /Applications/ArmGNUToolchain/13.2.Rel1/arm-none-eabi/bin/../lib/gcc/arm-none-eabi/13.2.1/../../../../arm-none-eabi/lib/thumb/v6-m/nofp/libg.a(libc_a-mprec.o)
                0x1000c500                __lshift
 .text.__mcmp   0x1000c5fc       0x3c /Applications/ArmGNUToolchain/13.2.Rel1/arm-none-eabi/bin/../lib/gcc/arm-none-eabi/13.2.1/../../../../arm-none-eabi/lib/thumb/v6-m/nofp/libg.a(libc_a-mprec.o)
                0x1000c5fc                __mcmp
 .text.__mdiff  0x1000c638      0x1b4 /Applications/ArmGNUToolchain/13.2.Rel1/arm-none-eabi/bin/../lib/gcc/arm-none-eabi/13.2.1/../../../../arm-none-eabi/lib/thumb/v6-m/nofp/libg.a(libc_a-mprec.o)
                0x1000c638                __mdiff
 .text.__ulp    0x1000c7ec       0x40 /Applications/ArmGNUToolchain/13.2.Rel1/arm-none-eabi/bin/../lib/gcc/arm-none-eabi/13.2.1/../../../../arm-none-eabi/lib/thumb/v6-m/nofp/libg.a(libc_a-mprec.o)
                0x1000c7ec                __ulp
 .text.__b2d    0x1000c82c       0xb8 /Applications/ArmGNUToolchain/13.2.Rel1/arm-none-eabi/bin/../lib/gcc/arm-none-eabi/13.2.1/../../../../arm-none-eabi/lib/thumb/v6-m/nofp/libg.a(libc_a-mprec.o)
                0x1000c82c                __b2d
 .text.__d2b    0x1000c8e4       0xcc /Applications/ArmGNUToolchain/13.2.Rel1/arm-none-eabi/bin/../lib/gcc/arm-none-eabi/13.2.1/../../../../arm-none-eabi/lib/thumb/v6-m/nofp/libg.a(libc_a-mprec.o)
                0x1000c8e4                __d2b
 .text.__ratio  0x1000c9b0       0x68 /Applications/ArmGNUToolchain/13.2.Rel1/arm-none-eabi/bin/../lib/gcc/arm-none-eabi/13.2.1/../../../../arm-none-eabi/lib/thumb/v6-m/nofp/libg.a(libc_a-mprec.o)
                0x1000c9b0                __ratio
 .text.__copybits
                0x1000ca18       0x40 /Applications/ArmGNUToolchain/13.2.Rel1/arm-none-eabi/bin/../lib/gcc/arm-none-eabi/13.2.1/../../../../arm-none-eabi/lib/thumb/v6-m/nofp/libg.a(libc_a-mprec.o)
                0x1000ca18                __copybits
 .text.__any_on
                0x1000ca58       0x4c /Applications/ArmGNUToolchain/13.2.Rel1/arm-none-eabi/bin/../lib/gcc/arm-none-eabi/13.2.1/../../../../arm-none-eabi/lib/thumb/v6-m/nofp/libg.a(libc_a-mprec.o)
                0x1000ca58                __any_on
 .text.lflush   0x1000caa4       0x20 /Applications/ArmGNUToolchain/13.2.Rel1/arm-none-eabi/bin/../lib/gcc/arm-none-eabi/13.2.1/../../../../arm-none-eabi/lib/thumb/v6-m/nofp/libg.a(libc_a-refill.o)
 .text.__srefill_r
                0x1000cac4      0x118 /Applications/ArmGNUToolchain/13.2.Rel1/arm-none-eabi/bin/../lib/gcc/arm-none-eabi/13.2.1/../../../../arm-none-eabi/lib/thumb/v6-m/nofp/libg.a(libc_a-refill.o)
                0x1000cac4                __srefill_r
 .text._fclose_r
                0x1000cbdc       0xd0 /Applications/ArmGNUToolchain/13.2.Rel1/arm-none-eabi/bin/../lib/gcc/arm-none-eabi/13.2.1/../../../../arm-none-eabi/lib/thumb/v6-m/nofp/libg.a(libc_a-fclose.o)
                0x1000cbdc                _fclose_r
 .text.__sflush_r
                0x1000ccac      0x148 /Applications/ArmGNUToolchain/13.2.Rel1/arm-none-eabi/bin/../lib/gcc/arm-none-eabi/13.2.1/../../../../arm-none-eabi/lib/thumb/v6-m/nofp/libg.a(libc_a-fflush.o)
                0x1000ccac                __sflush_r
 .text._fflush_r
                0x1000cdf4       0x68 /Applications/ArmGNUToolchain/13.2.Rel1/arm-none-eabi/bin/../lib/gcc/arm-none-eabi/13.2.1/../../../../arm-none-eabi/lib/thumb/v6-m/nofp/libg.a(libc_a-fflush.o)
                0x1000cdf4                _fflush_r
 .text.__sread  0x1000ce5c       0x28 /Applications/ArmGNUToolchain/13.2.Rel1/arm-none-eabi/bin/../lib/gcc/arm-none-eabi/13.2.1/../../../../arm-none-eabi/lib/thumb/v6-m/nofp/libg.a(libc_a-stdio.o)
                0x1000ce5c                __sread
 .text.__swrite
                0x1000ce84       0x40 /Applications/ArmGNUToolchain/13.2.Rel1/arm-none-eabi/bin/../lib/gcc/arm-none-eabi/13.2.1/../../../../arm-none-eabi/lib/thumb/v6-m/nofp/libg.a(libc_a-stdio.o)
                0x1000ce84                __swrite
 .text.__sseek  0x1000cec4       0x30 /Applications/ArmGNUToolchain/13.2.Rel1/arm-none-eabi/bin/../lib/gcc/arm-none-eabi/13.2.1/../../../../arm-none-eabi/lib/thumb/v6-m/nofp/libg.a(libc_a-stdio.o)
                0x1000cec4                __sseek
 .text.__sclose
                0x1000cef4        0xc /Applications/ArmGNUToolchain/13.2.Rel1/arm-none-eabi/bin/../lib/gcc/arm-none-eabi/13.2.1/../../../../arm-none-eabi/lib/thumb/v6-m/nofp/libg.a(libc_a-stdio.o)
                0x1000cef4                __sclose
 .text.__ascii_wctomb
                0x1000cf00       0x1c /Applications/ArmGNUToolchain/13.2.Rel1/arm-none-eabi/bin/../lib/gcc/arm-none-eabi/13.2.1/../../../../arm-none-eabi/lib/thumb/v6-m/nofp/libg.a(libc_a-wctomb_r.o)
                0x1000cf00                __ascii_wctomb
 .text._close_r
                0x1000cf1c       0x24 /Applications/ArmGNUToolchain/13.2.Rel1/arm-none-eabi/bin/../lib/gcc/arm-none-eabi/13.2.1/../../../../arm-none-eabi/lib/thumb/v6-m/nofp/libg.a(libc_a-closer.o)
                0x1000cf1c                _close_r
 .text._lseek_r
                0x1000cf40       0x28 /Applications/ArmGNUToolchain/13.2.Rel1/arm-none-eabi/bin/../lib/gcc/arm-none-eabi/13.2.1/../../../../arm-none-eabi/lib/thumb/v6-m/nofp/libg.a(libc_a-lseekr.o)
                0x1000cf40                _lseek_r
 .text._read_r  0x1000cf68       0x28 /Applications/ArmGNUToolchain/13.2.Rel1/arm-none-eabi/bin/../lib/gcc/arm-none-eabi/13.2.1/../../../../arm-none-eabi/lib/thumb/v6-m/nofp/libg.a(libc_a-readr.o)
                0x1000cf68                _read_r
 .text._write_r
                0x1000cf90       0x28 /Applications/ArmGNUToolchain/13.2.Rel1/arm-none-eabi/bin/../lib/gcc/arm-none-eabi/13.2.1/../../../../arm-none-eabi/lib/thumb/v6-m/nofp/libg.a(libc_a-writer.o)
                0x1000cf90                _write_r
 .text.__smakebuf_r
                0x1000cfb8       0xe0 /Applications/ArmGNUToolchain/13.2.Rel1/arm-none-eabi/bin/../lib/gcc/arm-none-eabi/13.2.1/../../../../arm-none-eabi/lib/thumb/v6-m/nofp/libg.a(libc_a-makebuf.o)
                0x1000cfb8                __smakebuf_r
 .text._fstat_r
                0x1000d098       0x28 /Applications/ArmGNUToolchain/13.2.Rel1/arm-none-eabi/bin/../lib/gcc/arm-none-eabi/13.2.1/../../../../arm-none-eabi/lib/thumb/v6-m/nofp/libg.a(libc_a-fstatr.o)
                0x1000d098                _fstat_r
 .text._isatty_r
                0x1000d0c0       0x24 /Applications/ArmGNUToolchain/13.2.Rel1/arm-none-eabi/bin/../lib/gcc/arm-none-eabi/13.2.1/../../../../arm-none-eabi/lib/thumb/v6-m/nofp/libg.a(libc_a-isattyr.o)
                0x1000d0c0                _isatty_r
 *(.fini)
 .fini          0x1000d0e4        0x4 /Applications/ArmGNUToolchain/13.2.Rel1/arm-none-eabi/bin/../lib/gcc/arm-none-eabi/13.2.1/thumb/v6-m/nofp/crti.o
                0x1000d0e4                _fini
 .fini.__stub   0x1000d0e8       0xe0 linker stubs
 *crtbegin.o(.ctors)
 *crtbegin?.o(.ctors)
 *(EXCLUDE_FILE(*crtend.o *crtend?.o) .ctors)
 *(SORT_BY_NAME(.ctors.*))
 *(.ctors)