Archive member included to satisfy reference by file (symbol)

/Applications/ArmGNUToolchain/13.2.Rel1/arm-none-eabi/bin/../lib/gcc/arm-none-eabi/13.2.1/thumb/v6-m/nofp/libgcc.a(_dvmd_tls.o)
                              CMakeFiles/blink.dir/Users/mirabedi/Desktop/Pico/pico-sdk/src/rp2_common/pico_divider/divider.S.obj (__aeabi_idiv0)
/Applications/ArmGNUToolchain/13.2.Rel1/arm-none-eabi/bin/../lib/gcc/arm-none-eabi/13.2.1/../../../../arm-none-eabi/lib/thumb/v6-m/nofp/libg.a(libc_a-calloc.o)
                              CMakeFiles/blink.dir/Users/mirabedi/Desktop/Pico/pico-sdk/src/rp2_common/pico_malloc/pico_malloc.c.obj (calloc)
/Applications/ArmGNUToolchain/13.2.Rel1/arm-none-eabi/bin/../lib/gcc/arm-none-eabi/13.2.1/../../../../arm-none-eabi/lib/thumb/v6-m/nofp/libg.a(libc_a-callocr.o)
                              /Applications/ArmGNUToolchain/13.2.Rel1/arm-none-eabi/bin/../lib/gcc/arm-none-eabi/13.2.1/../../../../arm-none-eabi/lib/thumb/v6-m/nofp/libg.a(libc_a-calloc.o) (_calloc_r)
/Applications/ArmGNUToolchain/13.2.Rel1/arm-none-eabi/bin/../lib/gcc/arm-none-eabi/13.2.1/../../../../arm-none-eabi/lib/thumb/v6-m/nofp/libg.a(libc_a-malloc.o)
                              CMakeFiles/blink.dir/Users/mirabedi/Desktop/Pico/pico-sdk/src/rp2_common/pico_malloc/pico_malloc.c.obj (malloc)
/Applications/ArmGNUToolchain/13.2.Rel1/arm-none-eabi/bin/../lib/gcc/arm-none-eabi/13.2.1/../../../../arm-none-eabi/lib/thumb/v6-m/nofp/libg.a(libc_a-mallocr.o)
                              /Applications/ArmGNUToolchain/13.2.Rel1/arm-none-eabi/bin/../lib/gcc/arm-none-eabi/13.2.1/../../../../arm-none-eabi/lib/thumb/v6-m/nofp/libg.a(libc_a-callocr.o) (_malloc_r)
/Applications/ArmGNUToolchain/13.2.Rel1/arm-none-eabi/bin/../lib/gcc/arm-none-eabi/13.2.1/../../../../arm-none-eabi/lib/thumb/v6-m/nofp/libg.a(libc_a-mlock.o)
                              /Applications/ArmGNUToolchain/13.2.Rel1/arm-none-eabi/bin/../lib/gcc/arm-none-eabi/13.2.1/../../../../arm-none-eabi/lib/thumb/v6-m/nofp/libg.a(libc_a-mallocr.o) (__malloc_lock)
/Applications/ArmGNUToolchain/13.2.Rel1/arm-none-eabi/bin/../lib/gcc/arm-none-eabi/13.2.1/../../../../arm-none-eabi/lib/thumb/v6-m/nofp/libg.a(libc_a-realloc.o)
                              CMakeFiles/blink.dir/Users/mirabedi/Desktop/Pico/pico-sdk/src/rp2_common/pico_malloc/pico_malloc.c.obj (realloc)
/Applications/ArmGNUToolchain/13.2.Rel1/arm-none-eabi/bin/../lib/gcc/arm-none-eabi/13.2.1/../../../../arm-none-eabi/lib/thumb/v6-m/nofp/libg.a(libc_a-reallocr.o)
                              /Applications/ArmGNUToolchain/13.2.Rel1/arm-none-eabi/bin/../lib/gcc/arm-none-eabi/13.2.1/../../../../arm-none-eabi/lib/thumb/v6-m/nofp/libg.a(libc_a-realloc.o) (_realloc_r)
/Applications/ArmGNUToolchain/13.2.Rel1/arm-none-eabi/bin/../lib/gcc/arm-none-eabi/13.2.1/../../../../arm-none-eabi/lib/thumb/v6-m/nofp/libg.a(libc_a-memmove.o)
                              /Applications/ArmGNUToolchain/13.2.Rel1/arm-none-eabi/bin/../lib/gcc/arm-none-eabi/13.2.1/../../../../arm-none-eabi/lib/thumb/v6-m/nofp/libg.a(libc_a-reallocr.o) (memmove)
/Applications/ArmGNUToolchain/13.2.Rel1/arm-none-eabi/bin/../lib/gcc/arm-none-eabi/13.2.1/../../../../arm-none-eabi/lib/thumb/v6-m/nofp/libg.a(libc_a-impure.o)
                              /Applications/ArmGNUToolchain/13.2.Rel1/arm-none-eabi/bin/../lib/gcc/arm-none-eabi/13.2.1/../../../../arm-none-eabi/lib/thumb/v6-m/nofp/libg.a(libc_a-calloc.o) (_impure_ptr)
/Applications/ArmGNUToolchain/13.2.Rel1/arm-none-eabi/bin/../lib/gcc/arm-none-eabi/13.2.1/../../../../arm-none-eabi/lib/thumb/v6-m/nofp/libg.a(libc_a-sbrkr.o)
                              /Applications/ArmGNUToolchain/13.2.Rel1/arm-none-eabi/bin/../lib/gcc/arm-none-eabi/13.2.1/../../../../arm-none-eabi/lib/thumb/v6-m/nofp/libg.a(libc_a-mallocr.o) (_sbrk_r)
/Applications/ArmGNUToolchain/13.2.Rel1/arm-none-eabi/bin/../lib/gcc/arm-none-eabi/13.2.1/../../../../arm-none-eabi/lib/thumb/v6-m/nofp/libg.a(libc_a-errno.o)
                              /Applications/ArmGNUToolchain/13.2.Rel1/arm-none-eabi/bin/../lib/gcc/arm-none-eabi/13.2.1/../../../../arm-none-eabi/lib/thumb/v6-m/nofp/libg.a(libc_a-callocr.o) (__errno)
/Applications/ArmGNUToolchain/13.2.Rel1/arm-none-eabi/bin/../lib/gcc/arm-none-eabi/13.2.1/../../../../arm-none-eabi/lib/thumb/v6-m/nofp/libg.a(libc_a-sysconf.o)
                              /Applications/ArmGNUToolchain/13.2.Rel1/arm-none-eabi/bin/../lib/gcc/arm-none-eabi/13.2.1/../../../../arm-none-eabi/lib/thumb/v6-m/nofp/libg.a(libc_a-mallocr.o) (sysconf)
/Applications/ArmGNUToolchain/13.2.Rel1/arm-none-eabi/bin/../lib/gcc/arm-none-eabi/13.2.1/../../../../arm-none-eabi/lib/thumb/v6-m/nofp/libg.a(libc_a-init.o)
                              /Applications/ArmGNUToolchain/13.2.Rel1/arm-none-eabi/bin/../lib/gcc/arm-none-eabi/13.2.1/../../../../arm-none-eabi/lib/thumb/v6-m/nofp/crt0.o (__libc_init_array)
[...]
Memory Configuration

Name             Origin             Length             Attributes
FLASH            0x10000000         0x00200000         xr
RAM              0x20000000         0x00040000         xrw
SCRATCH_X        0x20040000         0x00001000         xrw
SCRATCH_Y        0x20041000         0x00001000         xrw
*default*        0x00000000         0xffffffff

Linker script and memory map

LOAD /Applications/ArmGNUToolchain/13.2.Rel1/arm-none-eabi/bin/../lib/gcc/arm-none-eabi/13.2.1/thumb/v6-m/nofp/crti.o
LOAD /Applications/ArmGNUToolchain/13.2.Rel1/arm-none-eabi/bin/../lib/gcc/arm-none-eabi/13.2.1/thumb/v6-m/nofp/crtbegin.o
LOAD /Applications/ArmGNUToolchain/13.2.Rel1/arm-none-eabi/bin/../lib/gcc/arm-none-eabi/13.2.1/../../../../arm-none-eabi/lib/thumb/v6-m/nofp/crt0.o

.flash_begin    0x10000000        0x0
                0x10000000                        __flash_binary_start = .

.boot2          0x10000000      0x100
                0x10000000                        __boot2_start__ = .
 *(.boot2)
 .boot2         0x10000000      0x100 /var/folders/_j/q7tmnb6n3jzbd3l90wq30y6w0000gn/T//ccp0RKCf.o
                0x10000100                        __boot2_end__ = .
                0x00000001                        ASSERT (((__boot2_end__ - __boot2_start__) == 0x100), ERROR: Pico second stage bootloader must be 256 bytes in size)

.text           0x10000100     0x4468
                0x10000100                        __logical_binary_start = .
 *(.vectors)
 .vectors       0x10000100       0xd4 CMakeFiles/blink.dir/Users/mirabedi/Desktop/Pico/pico-sdk/src/rp2_common/pico_standard_link/crt0.S.obj
                0x10000100                __VECTOR_TABLE
                0x10000100                __vectors
                0x100001c0                __default_isrs_start
                0x100001c0                isr_invalid
                0x100001c2                isr_nmi
                0x100001c4                isr_hardfault
                0x100001c6                isr_svcall
                0x100001c8                isr_pendsv
                0x100001ca                isr_systick
                0x100001cc                isr_irq28
                0x100001cc                isr_irq19
                0x100001cc                isr_irq0
                0x100001cc                isr_irq6
                0x100001cc                isr_irq22
                0x100001cc                isr_irq17
                0x100001cc                isr_irq14
                0x100001cc                isr_irq2
                0x100001cc                isr_irq10
                0x100001cc                isr_irq8
                0x100001cc                isr_irq24
                0x100001cc                isr_irq1
                0x100001cc                isr_irq7
                0x100001cc                isr_irq21
                0x100001cc                isr_irq20
                0x100001cc                isr_irq15
                0x100001cc                isr_irq25
                0x100001cc                isr_irq4
                0x100001cc                isr_irq16
                0x100001cc                isr_irq29
                0x100001cc                isr_irq26
                0x100001cc                __default_isrs_end
                0x100001cc                isr_irq3
                0x100001cc                isr_irq9
                0x100001cc                __unhandled_user_irq
                0x100001cc                isr_irq13
                0x100001cc                isr_irq27
                0x100001cc                isr_irq31
                0x100001cc                isr_irq5
                0x100001cc                isr_irq11
                0x100001cc                isr_irq23
                0x100001cc                isr_irq18
                0x100001cc                isr_irq30
                0x100001cc                isr_irq12
                0x100001d2                unhandled_user_irq_num_in_r0
 *(.binary_info_header)
 .binary_info_header
                0x100001d4       0x14 CMakeFiles/blink.dir/Users/mirabedi/Desktop/Pico/pico-sdk/src/rp2_common/pico_standard_link/crt0.S.obj
                0x100001e8                        __binary_info_header_end = .
 *(.reset)
 .reset         0x100001e8       0xa0 CMakeFiles/blink.dir/Users/mirabedi/Desktop/Pico/pico-sdk/src/rp2_common/pico_standard_link/crt0.S.obj
                0x100001e8                _entry_point
 .reset         0x10000288       0x30 CMakeFiles/blink.dir/Users/mirabedi/Desktop/Pico/pico-sdk/src/rp2_common/pico_standard_link/binary_info.c.obj
 *(.init)
 .init          0x100002b8        0x4 /Applications/ArmGNUToolchain/13.2.Rel1/arm-none-eabi/bin/../lib/gcc/arm-none-eabi/13.2.1/thumb/v6-m/nofp/crti.o
                0x100002b8                _init
 *(EXCLUDE_FILE(*libm.a: *libc.a:*lib_a-mem*.o *libgcc.a:) .text*)
 .text.register_tm_clones
                0x100002bc       0x28 /Applications/ArmGNUToolchain/13.2.Rel1/arm-none-eabi/bin/../lib/gcc/arm-none-eabi/13.2.1/thumb/v6-m/nofp/crtbegin.o
 .text.frame_dummy
                0x100002e4       0x24 /Applications/ArmGNUToolchain/13.2.Rel1/arm-none-eabi/bin/../lib/gcc/arm-none-eabi/13.2.1/thumb/v6-m/nofp/crtbegin.o
 .text.pwm_set_chan_level
                0x10000308       0x40 CMakeFiles/blink.dir/blink.c.obj
 .text.main     0x10000348       0x60 CMakeFiles/blink.dir/blink.c.obj
                0x10000348                main
 .text.gpio_set_function
                0x100003a8       0x30 CMakeFiles/blink.dir/Users/mirabedi/Desktop/Pico/pico-sdk/src/rp2_common/hardware_gpio/gpio.c.obj
                0x100003a8                gpio_set_function
 .text.running_on_fpga
                0x100003d8       0x14 CMakeFiles/blink.dir/Users/mirabedi/Desktop/Pico/pico-sdk/src/rp2_common/pico_platform/platform.c.obj
                0x100003d8                running_on_fpga
 .text.hw_claim_lock
                0x100003ec       0x18 CMakeFiles/blink.dir/Users/mirabedi/Desktop/Pico/pico-sdk/src/rp2_common/hardware_claim/claim.c.obj
                0x100003ec                hw_claim_lock
 .text.hw_claim_unlock
                0x10000404       0x14 CMakeFiles/blink.dir/Users/mirabedi/Desktop/Pico/pico-sdk/src/rp2_common/hardware_claim/claim.c.obj
                0x10000404                hw_claim_unlock
 .text.hw_claim_or_assert
                0x10000418       0x32 CMakeFiles/blink.dir/Users/mirabedi/Desktop/Pico/pico-sdk/src/rp2_common/hardware_claim/claim.c.obj
                0x10000418                hw_claim_or_assert
 *fill*         0x1000044a        0x2 
 .text.spin_locks_reset
                0x1000044c       0x20 CMakeFiles/blink.dir/Users/mirabedi/Desktop/Pico/pico-sdk/src/rp2_common/hardware_sync/sync.c.obj
                0x1000044c                spin_locks_reset
 .text.next_striped_spin_lock_num
                0x1000046c       0x1c CMakeFiles/blink.dir/Users/mirabedi/Desktop/Pico/pico-sdk/src/rp2_common/hardware_sync/sync.c.obj
                0x1000046c                next_striped_spin_lock_num
 .text.set_raw_irq_handler_and_unlock
                0x10000488       0x28 CMakeFiles/blink.dir/Users/mirabedi/Desktop/Pico/pico-sdk/src/rp2_common/hardware_irq/irq.c.obj
 .text.resolve_branch
                0x100004b0       0x30 CMakeFiles/blink.dir/Users/mirabedi/Desktop/Pico/pico-sdk/src/rp2_common/hardware_irq/irq.c.obj
 .text.make_branch
                0x100004e0       0x48 CMakeFiles/blink.dir/Users/mirabedi/Desktop/Pico/pico-sdk/src/rp2_common/hardware_irq/irq.c.obj
 .text.insert_branch_and_link
                0x10000528       0x40 CMakeFiles/blink.dir/Users/mirabedi/Desktop/Pico/pico-sdk/src/rp2_common/hardware_irq/irq.c.obj
 .text.irq_is_enabled
                0x10000568       0x18 CMakeFiles/blink.dir/Users/mirabedi/Desktop/Pico/pico-sdk/src/rp2_common/hardware_irq/irq.c.obj
                0x10000568                irq_is_enabled
 .text.irq_set_mask_enabled
                0x10000580       0x20 CMakeFiles/blink.dir/Users/mirabedi/Desktop/Pico/pico-sdk/src/rp2_common/hardware_irq/irq.c.obj
                0x10000580                irq_set_mask_enabled
 .text.irq_set_enabled
                0x100005a0        0xe CMakeFiles/blink.dir/Users/mirabedi/Desktop/Pico/pico-sdk/src/rp2_common/hardware_irq/irq.c.obj
                0x100005a0                irq_set_enabled
 *fill*         0x100005ae        0x2 
 .text.irq_get_vtable_handler
                0x100005b0       0x10 CMakeFiles/blink.dir/Users/mirabedi/Desktop/Pico/pico-sdk/src/rp2_common/hardware_irq/irq.c.obj
                0x100005b0                irq_get_vtable_handler
 .text.irq_set_exclusive_handler
                0x100005c0       0x54 CMakeFiles/blink.dir/Users/mirabedi/Desktop/Pico/pico-sdk/src/rp2_common/hardware_irq/irq.c.obj
                0x100005c0                irq_set_exclusive_handler
 .text.irq_remove_handler
                0x10000614      0x188 CMakeFiles/blink.dir/Users/mirabedi/Desktop/Pico/pico-sdk/src/rp2_common/hardware_irq/irq.c.obj
                0x10000614                irq_remove_handler
 .text.irq_add_tail_to_free_list
                0x1000079c       0xf0 CMakeFiles/blink.dir/Users/mirabedi/Desktop/Pico/pico-sdk/src/rp2_common/hardware_irq/irq.c.obj
                0x1000079c                irq_add_tail_to_free_list
 .text.irq_init_priorities
                0x1000088c       0x1c CMakeFiles/blink.dir/Users/mirabedi/Desktop/Pico/pico-sdk/src/rp2_common/hardware_irq/irq.c.obj
                0x1000088c                irq_init_priorities
 .text.lock_init
                0x100008a8       0x10 CMakeFiles/blink.dir/Users/mirabedi/Desktop/Pico/pico-sdk/src/common/pico_sync/lock_core.c.obj
                0x100008a8                lock_init
 .text.mutex_init
                0x100008b8       0x1a CMakeFiles/blink.dir/Users/mirabedi/Desktop/Pico/pico-sdk/src/common/pico_sync/mutex.c.obj
                0x100008b8                mutex_init
 .text.recursive_mutex_init
                0x100008d2       0x1e CMakeFiles/blink.dir/Users/mirabedi/Desktop/Pico/pico-sdk/src/common/pico_sync/mutex.c.obj
                0x100008d2                recursive_mutex_init
 .text.time_reached
                0x100008f0       0x28 CMakeFiles/blink.dir/Users/mirabedi/Desktop/Pico/pico-sdk/src/common/pico_time/time.c.obj
 .text.get_entry
                0x10000918       0x38 CMakeFiles/blink.dir/Users/mirabedi/Desktop/Pico/pico-sdk/src/common/pico_time/time.c.obj
 .text.timer_pool_entry_comparator
                0x10000950       0x2e CMakeFiles/blink.dir/Users/mirabedi/Desktop/Pico/pico-sdk/src/common/pico_time/time.c.obj
                0x10000950                timer_pool_entry_comparator
 *fill*         0x1000097e        0x2 
 .text.update_us_since_boot
                0x10000980       0x24 CMakeFiles/blink.dir/Users/mirabedi/Desktop/Pico/pico-sdk/src/common/pico_time/time.c.obj
 .text.delayed_by_us
                0x100009a4       0x34 CMakeFiles/blink.dir/Users/mirabedi/Desktop/Pico/pico-sdk/src/common/pico_time/time.c.obj
 .text.ph_get_node
                0x100009d8       0x30 CMakeFiles/blink.dir/Users/mirabedi/Desktop/Pico/pico-sdk/src/common/pico_time/time.c.obj
 .text.ph_contains_node
                0x10000a08       0x1e CMakeFiles/blink.dir/Users/mirabedi/Desktop/Pico/pico-sdk/src/common/pico_time/time.c.obj
 .text.ph_new_node
                0x10000a26       0x28 CMakeFiles/blink.dir/Users/mirabedi/Desktop/Pico/pico-sdk/src/common/pico_time/time.c.obj
 *fill*         0x10000a4e        0x2 
 .text.ph_add_child_node
                0x10000a50       0x6c CMakeFiles/blink.dir/Users/mirabedi/Desktop/Pico/pico-sdk/src/common/pico_time/time.c.obj
 .text.ph_merge_nodes
                0x10000abc       0x3e CMakeFiles/blink.dir/Users/mirabedi/Desktop/Pico/pico-sdk/src/common/pico_time/time.c.obj
 *fill*         0x10000afa        0x2 
 .text.ph_insert_node
                0x10000afc       0x3c CMakeFiles/blink.dir/Users/mirabedi/Desktop/Pico/pico-sdk/src/common/pico_time/time.c.obj
 .text.ph_free_node
                0x10000b38       0x5c CMakeFiles/blink.dir/Users/mirabedi/Desktop/Pico/pico-sdk/src/common/pico_time/time.c.obj
 .text.get_entry_id_high
                0x10000b94       0x30 CMakeFiles/blink.dir/Users/mirabedi/Desktop/Pico/pico-sdk/src/common/pico_time/time.c.obj
 .text.alarm_pool_post_alloc_init
                0x10000bc4       0x40 CMakeFiles/blink.dir/Users/mirabedi/Desktop/Pico/pico-sdk/src/common/pico_time/time.c.obj
 .text.sleep_until_callback
                0x10000c04       0x30 CMakeFiles/blink.dir/Users/mirabedi/Desktop/Pico/pico-sdk/src/common/pico_time/time.c.obj
 .text.get_absolute_time
                0x10000c34       0x22 CMakeFiles/blink.dir/Users/mirabedi/Desktop/Pico/pico-sdk/src/common/pico_time/time.c.obj
 .text.make_timeout_time_us
                0x10000c56       0x24 CMakeFiles/blink.dir/Users/mirabedi/Desktop/Pico/pico-sdk/src/common/pico_time/time.c.obj
 *fill*         0x10000c7a        0x2 
 .text.add_alarm_under_lock
                0x10000c7c       0x94 CMakeFiles/blink.dir/Users/mirabedi/Desktop/Pico/pico-sdk/src/common/pico_time/time.c.obj
 .text.alarm_pool_alarm_callback
                0x10000d10      0x210 CMakeFiles/blink.dir/Users/mirabedi/Desktop/Pico/pico-sdk/src/common/pico_time/time.c.obj
 .text.alarm_pool_init_default
                0x10000f20       0x40 CMakeFiles/blink.dir/Users/mirabedi/Desktop/Pico/pico-sdk/src/common/pico_time/time.c.obj
                0x10000f20                alarm_pool_init_default
 .text.alarm_pool_get_default
                0x10000f60       0x2c CMakeFiles/blink.dir/Users/mirabedi/Desktop/Pico/pico-sdk/src/common/pico_time/time.c.obj
                0x10000f60                alarm_pool_get_default
 .text.alarm_pool_add_alarm_at
                0x10000f8c      0x10e CMakeFiles/blink.dir/Users/mirabedi/Desktop/Pico/pico-sdk/src/common/pico_time/time.c.obj
                0x10000f8c                alarm_pool_add_alarm_at
 .text.add_alarm_at
                0x1000109a       0x2e CMakeFiles/blink.dir/Users/mirabedi/Desktop/Pico/pico-sdk/src/common/pico_time/time.c.obj
 .text.alarm_pool_cancel_alarm
                0x100010c8       0xa8 CMakeFiles/blink.dir/Users/mirabedi/Desktop/Pico/pico-sdk/src/common/pico_time/time.c.obj
                0x100010c8                alarm_pool_cancel_alarm
 .text.cancel_alarm
                0x10001170       0x10 CMakeFiles/blink.dir/Users/mirabedi/Desktop/Pico/pico-sdk/src/common/pico_time/time.c.obj
 .text.sleep_until
                0x10001180       0xb0 CMakeFiles/blink.dir/Users/mirabedi/Desktop/Pico/pico-sdk/src/common/pico_time/time.c.obj
                0x10001180                sleep_until
 .text.sleep_us
                0x10001230       0x1a CMakeFiles/blink.dir/Users/mirabedi/Desktop/Pico/pico-sdk/src/common/pico_time/time.c.obj
                0x10001230                sleep_us
 .text.sleep_ms
                0x1000124a       0x14 CMakeFiles/blink.dir/Users/mirabedi/Desktop/Pico/pico-sdk/src/common/pico_time/time.c.obj
                0x1000124a                sleep_ms
 *fill*         0x1000125e        0x2 
 .text.best_effort_wfe_or_timeout
                0x10001260       0x44 CMakeFiles/blink.dir/Users/mirabedi/Desktop/Pico/pico-sdk/src/common/pico_time/time.c.obj
                0x10001260                best_effort_wfe_or_timeout
 .text.update_us_since_boot
                0x100012a4       0x24 CMakeFiles/blink.dir/Users/mirabedi/Desktop/Pico/pico-sdk/src/rp2_common/hardware_timer/timer.c.obj
 .text.hardware_alarm_irq_handler
                0x100012c8       0x8c CMakeFiles/blink.dir/Users/mirabedi/Desktop/Pico/pico-sdk/src/rp2_common/hardware_timer/timer.c.obj
 .text.hardware_alarm_claim
                0x10001354       0x18 CMakeFiles/blink.dir/Users/mirabedi/Desktop/Pico/pico-sdk/src/rp2_common/hardware_timer/timer.c.obj
                0x10001354                hardware_alarm_claim
 .text.time_us_64
                0x1000136c       0x18 CMakeFiles/blink.dir/Users/mirabedi/Desktop/Pico/pico-sdk/src/rp2_common/hardware_timer/timer.c.obj
                0x1000136c                time_us_64
 .text.busy_wait_until
                0x10001384       0x28 CMakeFiles/blink.dir/Users/mirabedi/Desktop/Pico/pico-sdk/src/rp2_common/hardware_timer/timer.c.obj
                0x10001384                busy_wait_until
 .text.busy_wait_us
                0x100013ac       0x3a CMakeFiles/blink.dir/Users/mirabedi/Desktop/Pico/pico-sdk/src/rp2_common/hardware_timer/timer.c.obj
                0x100013ac                busy_wait_us
 *fill*         0x100013e6        0x2 
 .text.hardware_alarm_set_callback
                0x100013e8       0x90 CMakeFiles/blink.dir/Users/mirabedi/Desktop/Pico/pico-sdk/src/rp2_common/hardware_timer/timer.c.obj
                0x100013e8                hardware_alarm_set_callback
 .text.hardware_alarm_set_target
                0x10001478       0xe8 CMakeFiles/blink.dir/Users/mirabedi/Desktop/Pico/pico-sdk/src/rp2_common/hardware_timer/timer.c.obj
                0x10001478                hardware_alarm_set_target
 .text.hardware_alarm_cancel
                0x10001560       0x40 CMakeFiles/blink.dir/Users/mirabedi/Desktop/Pico/pico-sdk/src/rp2_common/hardware_timer/timer.c.obj
                0x10001560                hardware_alarm_cancel
 .text.ph_get_node
                0x100015a0       0x30 CMakeFiles/blink.dir/Users/mirabedi/Desktop/Pico/pico-sdk/src/common/pico_util/pheap.c.obj
 .text.ph_add_child_node
                0x100015d0       0x6c CMakeFiles/blink.dir/Users/mirabedi/Desktop/Pico/pico-sdk/src/common/pico_util/pheap.c.obj
 .text.ph_merge_nodes
                0x1000163c       0x3e CMakeFiles/blink.dir/Users/mirabedi/Desktop/Pico/pico-sdk/src/common/pico_util/pheap.c.obj
 .text.ph_clear
                0x1000167a       0x34 CMakeFiles/blink.dir/Users/mirabedi/Desktop/Pico/pico-sdk/src/common/pico_util/pheap.c.obj
                0x1000167a                ph_clear
 .text.ph_post_alloc_init
                0x100016ae        0xe CMakeFiles/blink.dir/Users/mirabedi/Desktop/Pico/pico-sdk/src/common/pico_util/pheap.c.obj
                0x100016ae                ph_post_alloc_init
 .text.ph_merge_two_pass
                0x100016bc       0x5c CMakeFiles/blink.dir/Users/mirabedi/Desktop/Pico/pico-sdk/src/common/pico_util/pheap.c.obj
                0x100016bc                ph_merge_two_pass
 .text.ph_remove_any_head
                0x10001718       0xc0 CMakeFiles/blink.dir/Users/mirabedi/Desktop/Pico/pico-sdk/src/common/pico_util/pheap.c.obj
 .text.ph_remove_head
                0x100017d8       0x14 CMakeFiles/blink.dir/Users/mirabedi/Desktop/Pico/pico-sdk/src/common/pico_util/pheap.c.obj
                0x100017d8                ph_remove_head
 .text.ph_remove_and_free_node
                0x100017ec       0xa0 CMakeFiles/blink.dir/Users/mirabedi/Desktop/Pico/pico-sdk/src/common/pico_util/pheap.c.obj
                0x100017ec                ph_remove_and_free_node
 .text.uart_disable_before_lcr_write
                0x1000188c       0x48 CMakeFiles/blink.dir/Users/mirabedi/Desktop/Pico/pico-sdk/src/rp2_common/hardware_uart/uart.c.obj
 .text.uart_write_lcr_bits_masked
                0x100018d4       0x22 CMakeFiles/blink.dir/Users/mirabedi/Desktop/Pico/pico-sdk/src/rp2_common/hardware_uart/uart.c.obj
 *fill*         0x100018f6        0x2 
 .text.uart_set_baudrate
                0x100018f8       0x5c CMakeFiles/blink.dir/Users/mirabedi/Desktop/Pico/pico-sdk/src/rp2_common/hardware_uart/uart.c.obj
                0x100018f8                uart_set_baudrate
 .text.uart_set_format
                0x10001954       0x2c CMakeFiles/blink.dir/Users/mirabedi/Desktop/Pico/pico-sdk/src/rp2_common/hardware_uart/uart.c.obj
                0x10001954                uart_set_format
 .text.uart_set_translate_crlf
                0x10001980       0x28 CMakeFiles/blink.dir/Users/mirabedi/Desktop/Pico/pico-sdk/src/rp2_common/hardware_uart/uart.c.obj
                0x10001980                uart_set_translate_crlf
 .text.uart_init
                0x100019a8       0x80 CMakeFiles/blink.dir/Users/mirabedi/Desktop/Pico/pico-sdk/src/rp2_common/hardware_uart/uart.c.obj
                0x100019a8                uart_init
 .text.clock_configure
                0x10001a28      0x108 CMakeFiles/blink.dir/Users/mirabedi/Desktop/Pico/pico-sdk/src/rp2_common/hardware_clocks/clocks.c.obj
                0x10001a28                clock_configure
 .text.clocks_init
                0x10001b30      0x100 CMakeFiles/blink.dir/Users/mirabedi/Desktop/Pico/pico-sdk/src/rp2_common/hardware_clocks/clocks.c.obj
                0x10001b30                clocks_init
 .text.clock_get_hz
                0x10001c30        0xc CMakeFiles/blink.dir/Users/mirabedi/Desktop/Pico/pico-sdk/src/rp2_common/hardware_clocks/clocks.c.obj
                0x10001c30                clock_get_hz
 .text.pll_init
                0x10001c3c      0x120 CMakeFiles/blink.dir/Users/mirabedi/Desktop/Pico/pico-sdk/src/rp2_common/hardware_pll/pll.c.obj
                0x10001c3c                pll_init
 .text.watchdog_start_tick
                0x10001d5c       0x10 CMakeFiles/blink.dir/Users/mirabedi/Desktop/Pico/pico-sdk/src/rp2_common/hardware_watchdog/watchdog.c.obj
                0x10001d5c                watchdog_start_tick
 .text.xosc_init
                0x10001d6c       0x28 CMakeFiles/blink.dir/Users/mirabedi/Desktop/Pico/pico-sdk/src/rp2_common/hardware_xosc/xosc.c.obj
                0x10001d6c                xosc_init
 .text._exit    0x10001d94        0x4 CMakeFiles/blink.dir/Users/mirabedi/Desktop/Pico/pico-sdk/src/rp2_common/pico_runtime/runtime.c.obj
                0x10001d94                _exit
 .text.exit     0x10001d98        0x6 CMakeFiles/blink.dir/Users/mirabedi/Desktop/Pico/pico-sdk/src/rp2_common/pico_runtime/runtime.c.obj
                0x10001d98                exit
 *fill*         0x10001d9e        0x2 
 .text.__assert_func
                0x10001da0       0x38 CMakeFiles/blink.dir/Users/mirabedi/Desktop/Pico/pico-sdk/src/rp2_common/pico_runtime/runtime.c.obj
                0x10001da0                __assert_func
 .text.runtime_init
                0x10001dd8       0xf8 CMakeFiles/blink.dir/Users/mirabedi/Desktop/Pico/pico-sdk/src/rp2_common/pico_runtime/runtime.c.obj
                0x10001dd8                runtime_init
 .text.panic    0x10001ed0       0x30 CMakeFiles/blink.dir/Users/mirabedi/Desktop/Pico/pico-sdk/src/rp2_common/pico_runtime/runtime.c.obj
                0x10001ed0                panic
 .text._out_null
                0x10001f00        0x2 CMakeFiles/blink.dir/Users/mirabedi/Desktop/Pico/pico-sdk/src/rp2_common/pico_printf/printf.c.obj
 .text._out_fct
                0x10001f02        0xe CMakeFiles/blink.dir/Users/mirabedi/Desktop/Pico/pico-sdk/src/rp2_common/pico_printf/printf.c.obj
 .text._atoi    0x10001f10       0x24 CMakeFiles/blink.dir/Users/mirabedi/Desktop/Pico/pico-sdk/src/rp2_common/pico_printf/printf.c.obj
 .text._out_rev
                0x10001f34       0xae CMakeFiles/blink.dir/Users/mirabedi/Desktop/Pico/pico-sdk/src/rp2_common/pico_printf/printf.c.obj
 .text._ntoa_format
                0x10001fe2      0x110 CMakeFiles/blink.dir/Users/mirabedi/Desktop/Pico/pico-sdk/src/rp2_common/pico_printf/printf.c.obj
 .text._ntoa_long
                0x100020f2       0xbc CMakeFiles/blink.dir/Users/mirabedi/Desktop/Pico/pico-sdk/src/rp2_common/pico_printf/printf.c.obj
 .text._ntoa_long_long
                0x100021ae      0x10e CMakeFiles/blink.dir/Users/mirabedi/Desktop/Pico/pico-sdk/src/rp2_common/pico_printf/printf.c.obj
 .text._etoa    0x100022bc      0x420 CMakeFiles/blink.dir/Users/mirabedi/Desktop/Pico/pico-sdk/src/rp2_common/pico_printf/printf.c.obj
 .text._ftoa    0x100026dc      0x354 CMakeFiles/blink.dir/Users/mirabedi/Desktop/Pico/pico-sdk/src/rp2_common/pico_printf/printf.c.obj
 .text._vsnprintf
                0x10002a30      0x668 CMakeFiles/blink.dir/Users/mirabedi/Desktop/Pico/pico-sdk/src/rp2_common/pico_printf/printf.c.obj
 .text.vfctprintf
                0x10003098       0x20 CMakeFiles/blink.dir/Users/mirabedi/Desktop/Pico/pico-sdk/src/rp2_common/pico_printf/printf.c.obj
                0x10003098                vfctprintf
 .text          0x100030b8       0x10 CMakeFiles/blink.dir/Users/mirabedi/Desktop/Pico/pico-sdk/src/rp2_common/pico_bit_ops/bit_ops_aeabi.S.obj
 .text.rom_func_lookup
                0x100030c8       0x10 CMakeFiles/blink.dir/Users/mirabedi/Desktop/Pico/pico-sdk/src/rp2_common/pico_bootrom/bootrom.c.obj
                0x100030c8                rom_func_lookup
 .text.rom_data_lookup
                0x100030d8       0x10 CMakeFiles/blink.dir/Users/mirabedi/Desktop/Pico/pico-sdk/src/rp2_common/pico_bootrom/bootrom.c.obj
                0x100030d8                rom_data_lookup
 .text.rom_funcs_lookup
                0x100030e8       0x36 CMakeFiles/blink.dir/Users/mirabedi/Desktop/Pico/pico-sdk/src/rp2_common/pico_bootrom/bootrom.c.obj
                0x100030e8                rom_funcs_lookup
 *fill*         0x1000311e        0x2 
 .text.__wrap___aeabi_idiv
                0x10003120       0x50 CMakeFiles/blink.dir/Users/mirabedi/Desktop/Pico/pico-sdk/src/rp2_common/pico_divider/divider.S.obj
                0x10003120                __wrap___aeabi_idivmod
                0x10003120                divmod_s32s32
                0x10003120                div_s32s32
                0x10003120                __wrap___aeabi_idiv
                0x10003128                divmod_s32s32_unsafe
                0x10003154                divmod_s32s32_savestate
 .text.__wrap___aeabi_uidiv
                0x10003170       0x4c CMakeFiles/blink.dir/Users/mirabedi/Desktop/Pico/pico-sdk/src/rp2_common/pico_divider/divider.S.obj
                0x10003170                __wrap___aeabi_uidiv
                0x10003170                __wrap___aeabi_uidivmod
                0x10003170                div_u32u32
                0x10003170                divmod_u32u32
                0x10003178                divmod_u32u32_unsafe
                0x100031a0                divmod_u32u32_savestate
 .text.__wrap___aeabi_ldiv
                0x100031bc      0x424 CMakeFiles/blink.dir/Users/mirabedi/Desktop/Pico/pico-sdk/src/rp2_common/pico_divider/divider.S.obj
                0x100031bc                __wrap___aeabi_ldivmod
                0x100031bc                div_s64s64
                0x100031bc                divmod_s64s64
                0x100031ec                divmod_u64u64
                0x100031ec                div_u64u64
                0x100031ec                __wrap___aeabi_uldivmod
                0x100031fc                divmod_u64u64_savestate
                0x1000321c                divmod_s64s64_unsafe
                0x100032a4                divmod_u64u64_unsafe
 .text.__wrap___aeabi_darithmetic
                0x100035e0       0x80 CMakeFiles/blink.dir/Users/mirabedi/Desktop/Pico/pico-sdk/src/rp2_common/pico_double/double_aeabi.S.obj
                0x100035e0                __wrap___aeabi_drsub
                0x100035e6                __wrap___aeabi_dsub
                0x100035f8                __wrap___aeabi_dadd
                0x1000360a                __wrap___aeabi_ddiv
                0x10003646                __wrap___aeabi_dmul
 .text.__wrap___aeabi_cdcmple
                0x10003660       0x6c CMakeFiles/blink.dir/Users/mirabedi/Desktop/Pico/pico-sdk/src/rp2_common/pico_double/double_aeabi.S.obj
                0x10003660                __wrap___aeabi_cdrcmple
                0x10003670                __wrap___aeabi_cdcmple
                0x10003670                __wrap___aeabi_cdcmpeq
 .text.__wrap___aeabi_dcmplt
                0x100036cc        0xc CMakeFiles/blink.dir/Users/mirabedi/Desktop/Pico/pico-sdk/src/rp2_common/pico_double/double_aeabi.S.obj
                0x100036cc                __wrap___aeabi_dcmplt
 .text.__wrap___aeabi_dcmple
                0x100036d8       0x10 CMakeFiles/blink.dir/Users/mirabedi/Desktop/Pico/pico-sdk/src/rp2_common/pico_double/double_aeabi.S.obj
                0x100036d8                __wrap___aeabi_dcmple
 .text.__wrap___aeabi_dcmpge
                0x100036e8       0x10 CMakeFiles/blink.dir/Users/mirabedi/Desktop/Pico/pico-sdk/src/rp2_common/pico_double/double_aeabi.S.obj
                0x100036e8                __wrap___aeabi_dcmpge
 .text.__wrap___aeabi_dcmpgt
                0x100036f8        0xa CMakeFiles/blink.dir/Users/mirabedi/Desktop/Pico/pico-sdk/src/rp2_common/pico_double/double_aeabi.S.obj
                0x100036f8                __wrap___aeabi_dcmpgt
 .text.__wrap___aeabi_dcmpun
                0x10003702       0x1c CMakeFiles/blink.dir/Users/mirabedi/Desktop/Pico/pico-sdk/src/rp2_common/pico_double/double_aeabi.S.obj
                0x10003702                __wrap___aeabi_dcmpun
 *fill*         0x1000371e        0x2 
 .text.__wrap___aeabi_i2d
                0x10003720       0x38 CMakeFiles/blink.dir/Users/mirabedi/Desktop/Pico/pico-sdk/src/rp2_common/pico_double/double_aeabi.S.obj
                0x10003720                __wrap___aeabi_ui2d
                0x10003728                __wrap___aeabi_i2d
 .text.__wrap___aeabi_d2iz
                0x10003758       0x48 CMakeFiles/blink.dir/Users/mirabedi/Desktop/Pico/pico-sdk/src/rp2_common/pico_double/double_aeabi.S.obj
                0x10003758                __wrap___aeabi_d2iz
                0x10003758                double2int_z
 .text.__wrap___aeabi_d2uiz
                0x100037a0       0x18 CMakeFiles/blink.dir/Users/mirabedi/Desktop/Pico/pico-sdk/src/rp2_common/pico_double/double_aeabi.S.obj
                0x100037a0                double2uint
                0x100037a0                __wrap___aeabi_d2uiz
 .text.__aeabi_double_init
                0x100037b8       0xcc CMakeFiles/blink.dir/Users/mirabedi/Desktop/Pico/pico-sdk/src/rp2_common/pico_double/double_init_rom.c.obj
                0x100037b8                __aeabi_double_init
 .text.double_table_shim_on_use_helper
                0x10003884       0x34 CMakeFiles/blink.dir/Users/mirabedi/Desktop/Pico/pico-sdk/src/rp2_common/pico_double/double_v1_rom_shim.S.obj
                0x10003884                double_table_shim_on_use_helper
 .text.__wrap___aeabi_dsub
                0x100038b8       0x10 CMakeFiles/blink.dir/Users/mirabedi/Desktop/Pico/pico-sdk/src/rp2_common/pico_double/double_v1_rom_shim.S.obj
                0x100038b8                drsub_shim
                0x100038be                dsub_shim
 .text.dadd_shim
                0x100038c8      0x15c CMakeFiles/blink.dir/Users/mirabedi/Desktop/Pico/pico-sdk/src/rp2_common/pico_double/double_v1_rom_shim.S.obj
                0x100038c8                dadd_shim
 .text.dmul_shim
                0x10003a24      0x15c CMakeFiles/blink.dir/Users/mirabedi/Desktop/Pico/pico-sdk/src/rp2_common/pico_double/double_v1_rom_shim.S.obj
                0x10003a24                dmul_shim
 .text.ddiv_shim
                0x10003b80      0x1b0 CMakeFiles/blink.dir/Users/mirabedi/Desktop/Pico/pico-sdk/src/rp2_common/pico_double/double_v1_rom_shim.S.obj
                0x10003b80                ddiv_shim
 .text.double2uint_shim
                0x10003d30        0xe CMakeFiles/blink.dir/Users/mirabedi/Desktop/Pico/pico-sdk/src/rp2_common/pico_double/double_v1_rom_shim.S.obj
                0x10003d30                double2uint_shim
                0x10003d32                double2ufix_shim
 *fill*         0x10003d3e        0x2 
 .text.double2uint64_shim
                0x10003d40       0x70 CMakeFiles/blink.dir/Users/mirabedi/Desktop/Pico/pico-sdk/src/rp2_common/pico_double/double_v1_rom_shim.S.obj
                0x10003d40                double2uint64_shim
                0x10003d42                double2ufix64_shim
                0x10003d62                d2fix_a
 .text.dunpacks
                0x10003db0       0x3c CMakeFiles/blink.dir/Users/mirabedi/Desktop/Pico/pico-sdk/src/rp2_common/pico_double/double_v1_rom_shim.S.obj
                0x10003db0                dunpacks
 .text.__aeabi_lmul
                0x10003dec       0x32 CMakeFiles/blink.dir/Users/mirabedi/Desktop/Pico/pico-sdk/src/rp2_common/pico_int64_ops/pico_int64_ops_aeabi.S.obj
                0x10003dec                __wrap___aeabi_lmul
 *fill*         0x10003e1e        0x2 
 .text.__aeabi_float_init
                0x10003e20       0xfc CMakeFiles/blink.dir/Users/mirabedi/Desktop/Pico/pico-sdk/src/rp2_common/pico_float/float_init_rom.c.obj
                0x10003e20                __aeabi_float_init
 .text.float_table_shim_on_use_helper
                0x10003f1c       0x34 CMakeFiles/blink.dir/Users/mirabedi/Desktop/Pico/pico-sdk/src/rp2_common/pico_float/float_v1_rom_shim.S.obj
                0x10003f1c                float_table_shim_on_use_helper
 .text          0x10003f50       0x10 CMakeFiles/blink.dir/Users/mirabedi/Desktop/Pico/pico-sdk/src/rp2_common/pico_mem_ops/mem_ops_aeabi.S.obj
                0x10003f50                __aeabi_mem_init
 .text.memcpy   0x10003f60        0xc CMakeFiles/blink.dir/Users/mirabedi/Desktop/Pico/pico-sdk/src/rp2_common/pico_mem_ops/mem_ops_aeabi.S.obj
                0x10003f60                __wrap___aeabi_memcpy
                0x10003f60                __wrap_memcpy
 .text.stdio_out_chars_no_crlf
                0x10003f6c        0xe CMakeFiles/blink.dir/Users/mirabedi/Desktop/Pico/pico-sdk/src/rp2_common/pico_stdio/stdio.c.obj
 *fill*         0x10003f7a        0x2 
 .text.stdio_out_chars_crlf
                0x10003f7c       0x80 CMakeFiles/blink.dir/Users/mirabedi/Desktop/Pico/pico-sdk/src/rp2_common/pico_stdio/stdio.c.obj
 .text.stdio_stack_buffer_flush
                0x10003ffc       0x44 CMakeFiles/blink.dir/Users/mirabedi/Desktop/Pico/pico-sdk/src/rp2_common/pico_stdio/stdio.c.obj
 .text.stdio_buffered_printer
                0x10004040       0x20 CMakeFiles/blink.dir/Users/mirabedi/Desktop/Pico/pico-sdk/src/rp2_common/pico_stdio/stdio.c.obj
 .text.update_us_since_boot
                0x10004060       0x24 CMakeFiles/blink.dir/Users/mirabedi/Desktop/Pico/pico-sdk/src/rp2_common/pico_stdio/stdio.c.obj
 .text.get_absolute_time
                0x10004084       0x22 CMakeFiles/blink.dir/Users/mirabedi/Desktop/Pico/pico-sdk/src/rp2_common/pico_stdio/stdio.c.obj
 *fill*         0x100040a6        0x2 
 .text.delayed_by_ms
                0x100040a8       0x44 CMakeFiles/blink.dir/Users/mirabedi/Desktop/Pico/pico-sdk/src/rp2_common/pico_stdio/stdio.c.obj
 .text.make_timeout_time_ms
                0x100040ec       0x20 CMakeFiles/blink.dir/Users/mirabedi/Desktop/Pico/pico-sdk/src/rp2_common/pico_stdio/stdio.c.obj
 .text.stdout_serialize_begin
                0x1000410c       0x20 CMakeFiles/blink.dir/Users/mirabedi/Desktop/Pico/pico-sdk/src/rp2_common/pico_stdio/stdio.c.obj
                0x1000410c                stdout_serialize_begin
 .text.stdout_serialize_end
                0x1000412c       0x10 CMakeFiles/blink.dir/Users/mirabedi/Desktop/Pico/pico-sdk/src/rp2_common/pico_stdio/stdio.c.obj
                0x1000412c                stdout_serialize_end
 .text.stdio_put_string
                0x1000413c       0x98 CMakeFiles/blink.dir/Users/mirabedi/Desktop/Pico/pico-sdk/src/rp2_common/pico_stdio/stdio.c.obj
 .text.stdio_set_driver_enabled
                0x100041d4       0x2c CMakeFiles/blink.dir/Users/mirabedi/Desktop/Pico/pico-sdk/src/rp2_common/pico_stdio/stdio.c.obj
                0x100041d4                stdio_set_driver_enabled
 .text.stdio_flush
                0x10004200       0x20 CMakeFiles/blink.dir/Users/mirabedi/Desktop/Pico/pico-sdk/src/rp2_common/pico_stdio/stdio.c.obj
                0x10004200                stdio_flush
 .text.__wrap_puts
                0x10004220       0x1e CMakeFiles/blink.dir/Users/mirabedi/Desktop/Pico/pico-sdk/src/rp2_common/pico_stdio/stdio.c.obj
                0x10004220                __wrap_puts
 *fill*         0x1000423e        0x2 
 .text.__wrap_vprintf
                0x10004240       0x40 CMakeFiles/blink.dir/Users/mirabedi/Desktop/Pico/pico-sdk/src/rp2_common/pico_stdio/stdio.c.obj
                0x10004240                __wrap_vprintf
 .text.__wrap_printf
                0x10004280       0x18 CMakeFiles/blink.dir/Users/mirabedi/Desktop/Pico/pico-sdk/src/rp2_common/pico_stdio/stdio.c.obj
                0x10004280                __wrap_printf
 .text.stdio_init_all
                0x10004298        0xa CMakeFiles/blink.dir/Users/mirabedi/Desktop/Pico/pico-sdk/src/rp2_common/pico_stdio/stdio.c.obj
                0x10004298                stdio_init_all
 *fill*         0x100042a2        0x2 
 .text.uart_putc
                0x100042a4       0x60 CMakeFiles/blink.dir/Users/mirabedi/Desktop/Pico/pico-sdk/src/rp2_common/pico_stdio_uart/stdio_uart.c.obj
 .text.uart_getc
                0x10004304       0x24 CMakeFiles/blink.dir/Users/mirabedi/Desktop/Pico/pico-sdk/src/rp2_common/pico_stdio_uart/stdio_uart.c.obj
 .text.stdio_uart_out_chars
                0x10004328       0x20 CMakeFiles/blink.dir/Users/mirabedi/Desktop/Pico/pico-sdk/src/rp2_common/pico_stdio_uart/stdio_uart.c.obj
 .text.stdio_uart_in_chars
                0x10004348       0x5c CMakeFiles/blink.dir/Users/mirabedi/Desktop/Pico/pico-sdk/src/rp2_common/pico_stdio_uart/stdio_uart.c.obj
                0x10004348                stdio_uart_in_chars
 .text.on_uart_rx
                0x100043a4       0x28 CMakeFiles/blink.dir/Users/mirabedi/Desktop/Pico/pico-sdk/src/rp2_common/pico_stdio_uart/stdio_uart.c.obj
 .text.stdio_uart_set_chars_available_callback
                0x100043cc       0x8c CMakeFiles/blink.dir/Users/mirabedi/Desktop/Pico/pico-sdk/src/rp2_common/pico_stdio_uart/stdio_uart.c.obj
 .text.stdio_uart_init_full
                0x10004458       0x44 CMakeFiles/blink.dir/Users/mirabedi/Desktop/Pico/pico-sdk/src/rp2_common/pico_stdio_uart/stdio_uart.c.obj
                0x10004458                stdio_uart_init_full
 .text.stdio_uart_init
                0x1000449c       0x28 CMakeFiles/blink.dir/Users/mirabedi/Desktop/Pico/pico-sdk/src/rp2_common/pico_stdio_uart/stdio_uart.c.obj
                0x1000449c                stdio_uart_init
 .text.strlen   0x100044c4       0x5c /Applications/ArmGNUToolchain/13.2.Rel1/arm-none-eabi/bin/../lib/gcc/arm-none-eabi/13.2.1/../../../../arm-none-eabi/lib/thumb/v6-m/nofp/libg.a(libc_a-strlen-stub.o)
                0x100044c4                strlen
 *(.fini)
 .fini          0x10004520        0x4 /Applications/ArmGNUToolchain/13.2.Rel1/arm-none-eabi/bin/../lib/gcc/arm-none-eabi/13.2.1/thumb/v6-m/nofp/crti.o
                0x10004520                _fini
 *fill*         0x10004524        0x4 
 .fini.__stub   0x10004528       0x40 linker stubs
 *crtbegin.o(.ctors)
 *crtbegin?.o(.ctors)
 *(EXCLUDE_FILE(*crtend.o *crtend?.o) .ctors)
 *(SORT_BY_NAME(.ctors.*))
 *(.ctors)
 *crtbegin.o(.dtors)
 *crtbegin?.o(.dtors)
 *(EXCLUDE_FILE(*crtend.o *crtend?.o) .dtors)
 *(SORT_BY_NAME(.dtors.*))
 *(.dtors)
 *(.eh_frame*)
 .eh_frame      0x10004568        0x0 /Applications/ArmGNUToolchain/13.2.Rel1/arm-none-eabi/bin/../lib/gcc/arm-none-eabi/13.2.1/thumb/v6-m/nofp/crtbegin.o
                0x10004568                        . = ALIGN (0x4)

.glue_7         0x10004568        0x0
 .glue_7        0x10004568        0x0 linker stubs

.glue_7t        0x10004568        0x0
 .glue_7t       0x10004568        0x0 linker stubs

.vfp11_veneer   0x10004568        0x0
 .vfp11_veneer  0x10004568        0x0 linker stubs

.v4_bx          0x10004568        0x0
 .v4_bx         0x10004568        0x0 linker stubs

.iplt           0x10004568        0x0
 .iplt          0x10004568        0x0 /Applications/ArmGNUToolchain/13.2.Rel1/arm-none-eabi/bin/../lib/gcc/arm-none-eabi/13.2.1/thumb/v6-m/nofp/crtbegin.o

.rodata         0x10004568      0xea4
 *(EXCLUDE_FILE(*libm.a: *libc.a:*lib_a-mem*.o *libgcc.a:) .rodata*)
 .rodata.resolve_branch.str1.4
                0x10004568      0xa0c CMakeFiles/blink.dir/Users/mirabedi/Desktop/Pico/pico-sdk/src/rp2_common/hardware_irq/irq.c.obj
                                 0x60 (size before relaxing)
 .rodata.make_branch.str1.4
                0x10004f74       0x30 CMakeFiles/blink.dir/Users/mirabedi/Desktop/Pico/pico-sdk/src/rp2_common/hardware_irq/irq.c.obj
 .rodata.insert_branch_and_link.str1.4
                0x10004f74       0x10 CMakeFiles/blink.dir/Users/mirabedi/Desktop/Pico/pico-sdk/src/rp2_common/hardware_irq/irq.c.obj
 .rodata.irq_set_exclusive_handler.str1.4
                0x10004f74       0x36 CMakeFiles/blink.dir/Users/mirabedi/Desktop/Pico/pico-sdk/src/rp2_common/hardware_irq/irq.c.obj
 .rodata.irq_remove_handler.str1.4
                0x10004f74       0x3a CMakeFiles/blink.dir/Users/mirabedi/Desktop/Pico/pico-sdk/src/rp2_common/hardware_irq/irq.c.obj
 .rodata.irq_add_tail_to_free_list.str1.4
                0x10004f74       0x3a CMakeFiles/blink.dir/Users/mirabedi/Desktop/Pico/pico-sdk/src/rp2_common/hardware_irq/irq.c.obj
 .rodata.__func__.0
                0x10004f74       0x1a CMakeFiles/blink.dir/Users/mirabedi/Desktop/Pico/pico-sdk/src/rp2_common/hardware_irq/irq.c.obj
 *fill*         0x10004f8e        0x2 
 .rodata.__func__.1
                0x10004f90       0x17 CMakeFiles/blink.dir/Users/mirabedi/Desktop/Pico/pico-sdk/src/rp2_common/hardware_irq/irq.c.obj
 *fill*         0x10004fa7        0x1 
 .rodata.__func__.2
                0x10004fa8       0x13 CMakeFiles/blink.dir/Users/mirabedi/Desktop/Pico/pico-sdk/src/rp2_common/hardware_irq/irq.c.obj
 *fill*         0x10004fbb        0x1 
 .rodata.__func__.3
                0x10004fbc        0xc CMakeFiles/blink.dir/Users/mirabedi/Desktop/Pico/pico-sdk/src/rp2_common/hardware_irq/irq.c.obj
 .rodata.__func__.4
                0x10004fc8        0xf CMakeFiles/blink.dir/Users/mirabedi/Desktop/Pico/pico-sdk/src/rp2_common/hardware_irq/irq.c.obj
 *fill*         0x10004fd7        0x1 
 .rodata.__func__.6
                0x10004fd8       0x1a CMakeFiles/blink.dir/Users/mirabedi/Desktop/Pico/pico-sdk/src/rp2_common/hardware_irq/irq.c.obj
 .rodata.str1.4
                0x10004ff2       0x95 CMakeFiles/blink.dir/Users/mirabedi/Desktop/Pico/pico-sdk/src/common/pico_sync/mutex.c.obj
 *fill*         0x10004ff2        0x2 
 .rodata.__func__.1
                0x10004ff4        0xb CMakeFiles/blink.dir/Users/mirabedi/Desktop/Pico/pico-sdk/src/common/pico_sync/mutex.c.obj
 *fill*         0x10004fff        0x1 
 .rodata.__func__.3
                0x10005000       0x18 CMakeFiles/blink.dir/Users/mirabedi/Desktop/Pico/pico-sdk/src/common/pico_sync/mutex.c.obj
 .rodata.get_entry.str1.4
                0x10005018       0x66 CMakeFiles/blink.dir/Users/mirabedi/Desktop/Pico/pico-sdk/src/common/pico_time/time.c.obj
 .rodata.update_us_since_boot.str1.4
                0x10005018       0x6c CMakeFiles/blink.dir/Users/mirabedi/Desktop/Pico/pico-sdk/src/common/pico_time/time.c.obj
 .rodata.ph_get_node.str1.4
                0x10005018       0x71 CMakeFiles/blink.dir/Users/mirabedi/Desktop/Pico/pico-sdk/src/common/pico_time/time.c.obj
 .rodata.ph_add_child_node.str1.4
                0x10005018       0x2e CMakeFiles/blink.dir/Users/mirabedi/Desktop/Pico/pico-sdk/src/common/pico_time/time.c.obj
 .rodata.ph_insert_node.str1.4
                0x10005018        0x3 CMakeFiles/blink.dir/Users/mirabedi/Desktop/Pico/pico-sdk/src/common/pico_time/time.c.obj
 .rodata.ph_free_node.str1.4
                0x10005018       0x38 CMakeFiles/blink.dir/Users/mirabedi/Desktop/Pico/pico-sdk/src/common/pico_time/time.c.obj
 .rodata.add_alarm_under_lock.str1.4
                0x10005018       0x28 CMakeFiles/blink.dir/Users/mirabedi/Desktop/Pico/pico-sdk/src/common/pico_time/time.c.obj
 .rodata.alarm_pool_alarm_callback.str1.4
                0x10005018       0x60 CMakeFiles/blink.dir/Users/mirabedi/Desktop/Pico/pico-sdk/src/common/pico_time/time.c.obj
 .rodata.alarm_pool_get_default.str1.4
                0x10005018       0x21 CMakeFiles/blink.dir/Users/mirabedi/Desktop/Pico/pico-sdk/src/common/pico_time/time.c.obj
 .rodata.alarm_pool_cancel_alarm.str1.4
                0x10005018       0x27 CMakeFiles/blink.dir/Users/mirabedi/Desktop/Pico/pico-sdk/src/common/pico_time/time.c.obj
 .rodata.sleep_until.str1.4
                0x10005018       0x4d CMakeFiles/blink.dir/Users/mirabedi/Desktop/Pico/pico-sdk/src/common/pico_time/time.c.obj
 .rodata.__func__.1
                0x10005018       0x18 CMakeFiles/blink.dir/Users/mirabedi/Desktop/Pico/pico-sdk/src/common/pico_time/time.c.obj
 .rodata.__func__.3
                0x10005030       0x17 CMakeFiles/blink.dir/Users/mirabedi/Desktop/Pico/pico-sdk/src/common/pico_time/time.c.obj
 *fill*         0x10005047        0x1 
 .rodata.__func__.4
                0x10005048       0x12 CMakeFiles/blink.dir/Users/mirabedi/Desktop/Pico/pico-sdk/src/common/pico_time/time.c.obj
 *fill*         0x1000505a        0x2 
 .rodata.__func__.5
                0x1000505c        0xd CMakeFiles/blink.dir/Users/mirabedi/Desktop/Pico/pico-sdk/src/common/pico_time/time.c.obj
 *fill*         0x10005069        0x3 
 .rodata.__func__.6
                0x1000506c       0x12 CMakeFiles/blink.dir/Users/mirabedi/Desktop/Pico/pico-sdk/src/common/pico_time/time.c.obj
 *fill*         0x1000507e        0x2 
 .rodata.__func__.7
                0x10005080        0xf CMakeFiles/blink.dir/Users/mirabedi/Desktop/Pico/pico-sdk/src/common/pico_time/time.c.obj
 *fill*         0x1000508f        0x1 
 .rodata.__func__.8
                0x10005090        0xc CMakeFiles/blink.dir/Users/mirabedi/Desktop/Pico/pico-sdk/src/common/pico_time/time.c.obj
 .rodata.__func__.9
                0x1000509c       0x15 CMakeFiles/blink.dir/Users/mirabedi/Desktop/Pico/pico-sdk/src/common/pico_time/time.c.obj
 *fill*         0x100050b1        0x3 
 .rodata.__func__.10
                0x100050b4       0x15 CMakeFiles/blink.dir/Users/mirabedi/Desktop/Pico/pico-sdk/src/common/pico_time/time.c.obj
 *fill*         0x100050c9        0x3 
 .rodata.__func__.11
                0x100050cc       0x1a CMakeFiles/blink.dir/Users/mirabedi/Desktop/Pico/pico-sdk/src/common/pico_time/time.c.obj
 *fill*         0x100050e6        0x2 
 .rodata.__func__.12
                0x100050e8        0xa CMakeFiles/blink.dir/Users/mirabedi/Desktop/Pico/pico-sdk/src/common/pico_time/time.c.obj
 .rodata.update_us_since_boot.str1.4
                0x100050f2       0x6c CMakeFiles/blink.dir/Users/mirabedi/Desktop/Pico/pico-sdk/src/rp2_common/hardware_timer/timer.c.obj
 .rodata.hardware_alarm_claim.str1.4
                0x100050f2       0x22 CMakeFiles/blink.dir/Users/mirabedi/Desktop/Pico/pico-sdk/src/rp2_common/hardware_timer/timer.c.obj
 .rodata.hardware_alarm_set_target.str1.4
                0x100050f2       0x70 CMakeFiles/blink.dir/Users/mirabedi/Desktop/Pico/pico-sdk/src/rp2_common/hardware_timer/timer.c.obj
 *fill*         0x100050f2        0x2 
 .rodata.__func__.0
                0x100050f4       0x1a CMakeFiles/blink.dir/Users/mirabedi/Desktop/Pico/pico-sdk/src/rp2_common/hardware_timer/timer.c.obj
 *fill*         0x1000510e        0x2 
 .rodata.__func__.1
                0x10005110       0x15 CMakeFiles/blink.dir/Users/mirabedi/Desktop/Pico/pico-sdk/src/rp2_common/hardware_timer/timer.c.obj
 .rodata.ph_get_node.str1.4
                0x10005125       0x71 CMakeFiles/blink.dir/Users/mirabedi/Desktop/Pico/pico-sdk/src/common/pico_util/pheap.c.obj
 .rodata.ph_add_child_node.str1.4
                0x10005125       0x2e CMakeFiles/blink.dir/Users/mirabedi/Desktop/Pico/pico-sdk/src/common/pico_util/pheap.c.obj
 .rodata.ph_remove_any_head.str1.4
                0x10005125       0xac CMakeFiles/blink.dir/Users/mirabedi/Desktop/Pico/pico-sdk/src/common/pico_util/pheap.c.obj
 .rodata.ph_remove_and_free_node.str1.4
                0x10005125       0x26 CMakeFiles/blink.dir/Users/mirabedi/Desktop/Pico/pico-sdk/src/common/pico_util/pheap.c.obj
 *fill*         0x10005125        0x3 
 .rodata.__func__.0
                0x10005128       0x18 CMakeFiles/blink.dir/Users/mirabedi/Desktop/Pico/pico-sdk/src/common/pico_util/pheap.c.obj
 .rodata.__func__.1
                0x10005140       0x13 CMakeFiles/blink.dir/Users/mirabedi/Desktop/Pico/pico-sdk/src/common/pico_util/pheap.c.obj
 *fill*         0x10005153        0x1 
 .rodata.__func__.2
                0x10005154       0x12 CMakeFiles/blink.dir/Users/mirabedi/Desktop/Pico/pico-sdk/src/common/pico_util/pheap.c.obj
 *fill*         0x10005166        0x2 
 .rodata.__func__.3
                0x10005168        0xc CMakeFiles/blink.dir/Users/mirabedi/Desktop/Pico/pico-sdk/src/common/pico_util/pheap.c.obj
 .rodata.clock_configure.str1.4
                0x10005174       0x62 CMakeFiles/blink.dir/Users/mirabedi/Desktop/Pico/pico-sdk/src/rp2_common/hardware_clocks/clocks.c.obj
 .rodata.__func__.1
                0x10005174       0x10 CMakeFiles/blink.dir/Users/mirabedi/Desktop/Pico/pico-sdk/src/rp2_common/hardware_clocks/clocks.c.obj
 .rodata.pll_init.str1.4
                0x10005184      0x12c CMakeFiles/blink.dir/Users/mirabedi/Desktop/Pico/pico-sdk/src/rp2_common/hardware_pll/pll.c.obj
 .rodata.__func__.0
                0x10005184        0x9 CMakeFiles/blink.dir/Users/mirabedi/Desktop/Pico/pico-sdk/src/rp2_common/hardware_pll/pll.c.obj
 .rodata.__assert_func.str1.4
                0x1000518d       0x43 CMakeFiles/blink.dir/Users/mirabedi/Desktop/Pico/pico-sdk/src/rp2_common/pico_runtime/runtime.c.obj
 .rodata.runtime_init.str1.4
                0x1000518d       0x6c CMakeFiles/blink.dir/Users/mirabedi/Desktop/Pico/pico-sdk/src/rp2_common/pico_runtime/runtime.c.obj
 .rodata.panic.str1.4
                0x1000518d       0x12 CMakeFiles/blink.dir/Users/mirabedi/Desktop/Pico/pico-sdk/src/rp2_common/pico_runtime/runtime.c.obj
 *fill*         0x1000518d        0x3 
 .rodata.__func__.2
                0x10005190        0xd CMakeFiles/blink.dir/Users/mirabedi/Desktop/Pico/pico-sdk/src/rp2_common/pico_runtime/runtime.c.obj
 .rodata._ftoa.str1.4
                0x1000519d       0x15 CMakeFiles/blink.dir/Users/mirabedi/Desktop/Pico/pico-sdk/src/rp2_common/pico_printf/printf.c.obj
 *fill*         0x1000519d        0x3 
 .rodata._vsnprintf
                0x100051a0      0x19c CMakeFiles/blink.dir/Users/mirabedi/Desktop/Pico/pico-sdk/src/rp2_common/pico_printf/printf.c.obj
 *fill*         0x1000533c        0x4 
 .rodata.pow10.0
                0x10005340       0x50 CMakeFiles/blink.dir/Users/mirabedi/Desktop/Pico/pico-sdk/src/rp2_common/pico_printf/printf.c.obj
 .rodata.__aeabi_double_init.str1.4
                0x10005390       0xa7 CMakeFiles/blink.dir/Users/mirabedi/Desktop/Pico/pico-sdk/src/rp2_common/pico_double/double_init_rom.c.obj
 .rodata.__func__.0
                0x10005390       0x14 CMakeFiles/blink.dir/Users/mirabedi/Desktop/Pico/pico-sdk/src/rp2_common/pico_double/double_init_rom.c.obj
 .rodata.__aeabi_float_init.str1.4
                0x100053a4       0x89 CMakeFiles/blink.dir/Users/mirabedi/Desktop/Pico/pico-sdk/src/rp2_common/pico_float/float_init_rom.c.obj
 .rodata.__func__.0
                0x100053a4       0x13 CMakeFiles/blink.dir/Users/mirabedi/Desktop/Pico/pico-sdk/src/rp2_common/pico_float/float_init_rom.c.obj
 .rodata.str1.4
                0x100053b7       0x3c CMakeFiles/blink.dir/Users/mirabedi/Desktop/Pico/pico-sdk/src/rp2_common/pico_standard_link/binary_info.c.obj
 *fill*         0x100053b7        0x1 
 .rodata.__bi_81
                0x100053b8        0xc CMakeFiles/blink.dir/Users/mirabedi/Desktop/Pico/pico-sdk/src/rp2_common/pico_standard_link/binary_info.c.obj
 .rodata.__bi_75
                0x100053c4        0xc CMakeFiles/blink.dir/Users/mirabedi/Desktop/Pico/pico-sdk/src/rp2_common/pico_standard_link/binary_info.c.obj
 .rodata.__bi_44
                0x100053d0        0xc CMakeFiles/blink.dir/Users/mirabedi/Desktop/Pico/pico-sdk/src/rp2_common/pico_standard_link/binary_info.c.obj
 .rodata.update_us_since_boot.str1.4
                0x100053dc       0x6c CMakeFiles/blink.dir/Users/mirabedi/Desktop/Pico/pico-sdk/src/rp2_common/pico_stdio/stdio.c.obj
 .rodata.crlf_str.2
                0x100053dc        0x2 CMakeFiles/blink.dir/Users/mirabedi/Desktop/Pico/pico-sdk/src/rp2_common/pico_stdio/stdio.c.obj
 *fill*         0x100053de        0x2 
 .rodata.__func__.3
                0x100053e0       0x15 CMakeFiles/blink.dir/Users/mirabedi/Desktop/Pico/pico-sdk/src/rp2_common/pico_stdio/stdio.c.obj
 .rodata.str1.4
                0x100053f5       0x2c CMakeFiles/blink.dir/Users/mirabedi/Desktop/Pico/pico-sdk/src/rp2_common/pico_stdio_uart/stdio_uart.c.obj
 *fill*         0x100053f5        0x3 
 .rodata.__bi_33.4
                0x100053f8        0xc CMakeFiles/blink.dir/Users/mirabedi/Desktop/Pico/pico-sdk/src/rp2_common/pico_stdio_uart/stdio_uart.c.obj
 .rodata.__bi_34.5
                0x10005404        0x8 CMakeFiles/blink.dir/Users/mirabedi/Desktop/Pico/pico-sdk/src/rp2_common/pico_stdio_uart/stdio_uart.c.obj
                0x1000540c                        . = ALIGN (0x4)
 *(SORT_BY_ALIGNMENT(SORT_BY_NAME(.flashdata*)))
                0x1000540c                        . = ALIGN (0x4)

.ARM.extab
 *(.ARM.extab* .gnu.linkonce.armextab.*)
                0x1000540c                        __exidx_start = .

.ARM.exidx
 *(.ARM.exidx* .gnu.linkonce.armexidx.*)
                0x1000540c                        __exidx_end = .
                0x1000540c                        . = ALIGN (0x4)
                0x1000540c                        __binary_info_start = .

.binary_info    0x1000540c       0x24
 *(.binary_info.keep.*)
 .binary_info.keep.__bi_ptr81
                0x1000540c        0x4 CMakeFiles/blink.dir/Users/mirabedi/Desktop/Pico/pico-sdk/src/rp2_common/pico_standard_link/binary_info.c.obj
 .binary_info.keep.__bi_ptr75
                0x10005410        0x4 CMakeFiles/blink.dir/Users/mirabedi/Desktop/Pico/pico-sdk/src/rp2_common/pico_standard_link/binary_info.c.obj
 .binary_info.keep.__bi_ptr50
                0x10005414        0x4 CMakeFiles/blink.dir/Users/mirabedi/Desktop/Pico/pico-sdk/src/rp2_common/pico_standard_link/binary_info.c.obj
 .binary_info.keep.__bi_ptr44
                0x10005418        0x4 CMakeFiles/blink.dir/Users/mirabedi/Desktop/Pico/pico-sdk/src/rp2_common/pico_standard_link/binary_info.c.obj
 .binary_info.keep.__bi_ptr38
                0x1000541c        0x4 CMakeFiles/blink.dir/Users/mirabedi/Desktop/Pico/pico-sdk/src/rp2_common/pico_standard_link/binary_info.c.obj
 .binary_info.keep.__bi_ptr30
                0x10005420        0x4 CMakeFiles/blink.dir/Users/mirabedi/Desktop/Pico/pico-sdk/src/rp2_common/pico_standard_link/binary_info.c.obj
 .binary_info.keep.__bi_ptr22
                0x10005424        0x4 CMakeFiles/blink.dir/Users/mirabedi/Desktop/Pico/pico-sdk/src/rp2_common/pico_standard_link/binary_info.c.obj
 *(.binary_info.*)
 .binary_info.__bi_ptr34
                0x10005428        0x4 CMakeFiles/blink.dir/Users/mirabedi/Desktop/Pico/pico-sdk/src/rp2_common/pico_stdio_uart/stdio_uart.c.obj
 .binary_info.__bi_ptr33
                0x1000542c        0x4 CMakeFiles/blink.dir/Users/mirabedi/Desktop/Pico/pico-sdk/src/rp2_common/pico_stdio_uart/stdio_uart.c.obj
                0x10005430                        __binary_info_end = .

.rel.dyn        0x10005430        0x0
 .rel.iplt      0x10005430        0x0 /Applications/ArmGNUToolchain/13.2.Rel1/arm-none-eabi/bin/../lib/gcc/arm-none-eabi/13.2.1/thumb/v6-m/nofp/crtbegin.o
                0x10005430                        . = ALIGN (0x4)

.ram_vector_table
                0x20000000       0xc0
 *(.ram_vector_table)
 .ram_vector_table
                0x20000000       0xc0 CMakeFiles/blink.dir/Users/mirabedi/Desktop/Pico/pico-sdk/src/rp2_common/pico_runtime/runtime.c.obj
                0x20000000                ram_vector_table

.data           0x200000c0      0x244 load address 0x10005430
                0x200000c0                        __data_start__ = .
 *(vtable)
 *(.time_critical*)
 .time_critical.mutex_try_enter
                0x200000c0       0x46 CMakeFiles/blink.dir/Users/mirabedi/Desktop/Pico/pico-sdk/src/common/pico_sync/mutex.c.obj
                0x200000c0                mutex_try_enter
 *fill*         0x20000106        0x2 
 .time_critical.mutex_enter_block_until
                0x20000108       0x8c CMakeFiles/blink.dir/Users/mirabedi/Desktop/Pico/pico-sdk/src/common/pico_sync/mutex.c.obj
                0x20000108                mutex_enter_block_until
 .time_critical.mutex_try_enter_block_until
                0x20000194       0x34 CMakeFiles/blink.dir/Users/mirabedi/Desktop/Pico/pico-sdk/src/common/pico_sync/mutex.c.obj
                0x20000194                mutex_try_enter_block_until
 .time_critical.mutex_exit
                0x200001c8       0x4c CMakeFiles/blink.dir/Users/mirabedi/Desktop/Pico/pico-sdk/src/common/pico_sync/mutex.c.obj
                0x200001c8                mutex_exit
 *(.text*)
 .text          0x20000214        0x4 /Applications/ArmGNUToolchain/13.2.Rel1/arm-none-eabi/bin/../lib/gcc/arm-none-eabi/13.2.1/thumb/v6-m/nofp/libgcc.a(_dvmd_tls.o)
                0x20000214                __aeabi_ldiv0
                0x20000214                __aeabi_idiv0
 .text.__stub   0x20000218       0x20 linker stubs
                0x20000238                        . = ALIGN (0x4)
 *(.rodata*)
                0x20000238                        . = ALIGN (0x4)
 *(.data*)
 .data.striped_spin_lock_num
                0x20000238        0x1 CMakeFiles/blink.dir/Users/mirabedi/Desktop/Pico/pico-sdk/src/rp2_common/hardware_sync/sync.c.obj
 *fill*         0x20000239        0x3 
 .data          0x2000023c       0x48 CMakeFiles/blink.dir/Users/mirabedi/Desktop/Pico/pico-sdk/src/rp2_common/hardware_irq/irq_handler_chain.S.obj
                0x2000023c                irq_handler_chain_slots
                0x2000026c                irq_handler_chain_first_slot
                0x20000276                irq_handler_chain_remove_tail
 .data.default_alarm_pool
                0x20000284       0x18 CMakeFiles/blink.dir/Users/mirabedi/Desktop/Pico/pico-sdk/src/common/pico_time/time.c.obj
 .data.default_alarm_pool_heap
                0x2000029c       0x10 CMakeFiles/blink.dir/Users/mirabedi/Desktop/Pico/pico-sdk/src/common/pico_time/time.c.obj
 *fill*         0x200002ac        0x4 
 .data.aeabi_bits_funcs
                0x200002b0       0x10 CMakeFiles/blink.dir/Users/mirabedi/Desktop/Pico/pico-sdk/src/rp2_common/pico_bit_ops/bit_ops_aeabi.S.obj
                0x200002b0                aeabi_bits_funcs
                0x200002c0                aeabi_bits_funcs_end
 .data.aeabi_mem_funcs
                0x200002c0       0x10 CMakeFiles/blink.dir/Users/mirabedi/Desktop/Pico/pico-sdk/src/rp2_common/pico_mem_ops/mem_ops_aeabi.S.obj
                0x200002c0                aeabi_mem_funcs
                0x200002d0                aeabi_mem_funcs_end
 .data.stdio_uart
                0x200002d0       0x18 CMakeFiles/blink.dir/Users/mirabedi/Desktop/Pico/pico-sdk/src/rp2_common/pico_stdio_uart/stdio_uart.c.obj
                0x200002d0                stdio_uart
                0x200002e8                        . = ALIGN (0x4)
 *(.after_data.*)
                0x200002e8                        . = ALIGN (0x4)
                0x200002e8                        PROVIDE (__mutex_array_start = .)
 *(SORT_BY_NAME(.mutex_array.*))
 *(.mutex_array)
 .mutex_array   0x200002e8        0x8 CMakeFiles/blink.dir/Users/mirabedi/Desktop/Pico/pico-sdk/src/rp2_common/pico_stdio/stdio.c.obj
                0x200002f0                        PROVIDE (__mutex_array_end = .)
                0x200002f0                        . = ALIGN (0x4)
                0x200002f0                        PROVIDE (__preinit_array_start = .)
 *(SORT_BY_NAME(.preinit_array.*))
 .preinit_array.00001
                0x200002f0        0x4 CMakeFiles/blink.dir/Users/mirabedi/Desktop/Pico/pico-sdk/src/rp2_common/pico_mem_ops/mem_ops_aeabi.S.obj
 .preinit_array.00010
                0x200002f4        0x4 CMakeFiles/blink.dir/Users/mirabedi/Desktop/Pico/pico-sdk/src/rp2_common/pico_bit_ops/bit_ops_aeabi.S.obj
 .preinit_array.00020
                0x200002f8        0x4 CMakeFiles/blink.dir/Users/mirabedi/Desktop/Pico/pico-sdk/src/rp2_common/pico_double/double_aeabi.S.obj
 .preinit_array.00020
                0x200002fc        0x4 CMakeFiles/blink.dir/Users/mirabedi/Desktop/Pico/pico-sdk/src/rp2_common/pico_float/float_aeabi.S.obj
 *(.preinit_array)
                0x20000300                        PROVIDE (__preinit_array_end = .)
                0x20000300                        . = ALIGN (0x4)
                0x20000300                        PROVIDE (__init_array_start = .)
 *(SORT_BY_NAME(.init_array.*))
 *(.init_array)
 .init_array    0x20000300        0x4 /Applications/ArmGNUToolchain/13.2.Rel1/arm-none-eabi/bin/../lib/gcc/arm-none-eabi/13.2.1/thumb/v6-m/nofp/crtbegin.o
                0x20000304                        PROVIDE (__init_array_end = .)
                0x20000304                        . = ALIGN (0x4)
                [!provide]                        PROVIDE (__fini_array_start = .)
 *(SORT_BY_NAME(.fini_array.*))
 *(.fini_array)
                [!provide]                        PROVIDE (__fini_array_end = .)
 *(.jcr)
                0x20000304                        . = ALIGN (0x4)
                0x20000304                        __data_end__ = .
                0x10005430                        __etext = LOADADDR (.data)

.tm_clone_table
                0x20000304        0x0 load address 0x10005674
 .tm_clone_table
                0x20000304        0x0 /Applications/ArmGNUToolchain/13.2.Rel1/arm-none-eabi/bin/../lib/gcc/arm-none-eabi/13.2.1/thumb/v6-m/nofp/crtbegin.o
 .tm_clone_table
                0x20000304        0x0 /Applications/ArmGNUToolchain/13.2.Rel1/arm-none-eabi/bin/../lib/gcc/arm-none-eabi/13.2.1/thumb/v6-m/nofp/crtend.o

.igot.plt       0x20000304        0x0 load address 0x10005674
 .igot.plt      0x20000304        0x0 /Applications/ArmGNUToolchain/13.2.Rel1/arm-none-eabi/bin/../lib/gcc/arm-none-eabi/13.2.1/thumb/v6-m/nofp/crtbegin.o

.uninitialized_data
                0x20000304        0x0 load address 0x10005674
                0x20000304                        . = ALIGN (0x4)
 *(.uninitialized_data*)

.scratch_x      0x20040000        0x0 load address 0x10005674
                0x20040000                        __scratch_x_start__ = .
 *(.scratch_x.*)
                0x20040000                        . = ALIGN (0x4)
                0x20040000                        __scratch_x_end__ = .
                0x10005674                        __scratch_x_source__ = LOADADDR (.scratch_x)

.scratch_y      0x20041000        0x0 load address 0x10005674
                0x20041000                        __scratch_y_start__ = .
 *(.scratch_y.*)
                0x20041000                        . = ALIGN (0x4)
                0x20041000                        __scratch_y_end__ = .
                0x10005674                        __scratch_y_source__ = LOADADDR (.scratch_y)

.bss            0x20000308      0x3d4
                0x20000308                        . = ALIGN (0x4)
                0x20000308                        __bss_start__ = .
 *(SORT_BY_ALIGNMENT(SORT_BY_NAME(.bss*)))
 .bss.default_alarm_pool_entries
                0x20000308      0x100 CMakeFiles/blink.dir/Users/mirabedi/Desktop/Pico/pico-sdk/src/common/pico_time/time.c.obj
 .bss.alarm_callbacks
                0x20000408       0x10 CMakeFiles/blink.dir/Users/mirabedi/Desktop/Pico/pico-sdk/src/rp2_common/hardware_timer/timer.c.obj
 .bss.chars_available_callback
                0x20000418        0x4 CMakeFiles/blink.dir/Users/mirabedi/Desktop/Pico/pico-sdk/src/rp2_common/pico_stdio_uart/stdio_uart.c.obj
 .bss.chars_available_param
                0x2000041c        0x4 CMakeFiles/blink.dir/Users/mirabedi/Desktop/Pico/pico-sdk/src/rp2_common/pico_stdio_uart/stdio_uart.c.obj
 .bss.configured_freq
                0x20000420       0x28 CMakeFiles/blink.dir/Users/mirabedi/Desktop/Pico/pico-sdk/src/rp2_common/hardware_clocks/clocks.c.obj
 .bss.default_alarm_pool_entry_ids_high
                0x20000448       0x10 CMakeFiles/blink.dir/Users/mirabedi/Desktop/Pico/pico-sdk/src/common/pico_time/time.c.obj
 .bss.default_alarm_pool_heap_nodes
                0x20000458       0x30 CMakeFiles/blink.dir/Users/mirabedi/Desktop/Pico/pico-sdk/src/common/pico_time/time.c.obj
 .bss.drivers   0x20000488        0x4 CMakeFiles/blink.dir/Users/mirabedi/Desktop/Pico/pico-sdk/src/rp2_common/pico_stdio/stdio.c.obj
 .bss.filter    0x2000048c        0x4 CMakeFiles/blink.dir/Users/mirabedi/Desktop/Pico/pico-sdk/src/rp2_common/pico_stdio/stdio.c.obj
 .bss.object.0  0x20000490       0x18 /Applications/ArmGNUToolchain/13.2.Rel1/arm-none-eabi/bin/../lib/gcc/arm-none-eabi/13.2.1/thumb/v6-m/nofp/crtbegin.o
 .bss.pools     0x200004a8       0x10 CMakeFiles/blink.dir/Users/mirabedi/Desktop/Pico/pico-sdk/src/common/pico_time/time.c.obj
 .bss.sd_table  0x200004b8      0x100 CMakeFiles/blink.dir/Users/mirabedi/Desktop/Pico/pico-sdk/src/rp2_common/pico_double/double_init_rom.c.obj
                0x200004b8                sd_table
 .bss.sf_clz_func
                0x200005b8        0x4 CMakeFiles/blink.dir/Users/mirabedi/Desktop/Pico/pico-sdk/src/rp2_common/pico_double/double_init_rom.c.obj
                0x200005b8                sf_clz_func
 .bss.sf_table  0x200005bc      0x100 CMakeFiles/blink.dir/Users/mirabedi/Desktop/Pico/pico-sdk/src/rp2_common/pico_float/float_init_rom.c.obj
                0x200005bc                sf_table
 .bss.sleep_notifier
                0x200006bc        0x4 CMakeFiles/blink.dir/Users/mirabedi/Desktop/Pico/pico-sdk/src/common/pico_time/time.c.obj
 .bss.target_hi
                0x200006c0       0x10 CMakeFiles/blink.dir/Users/mirabedi/Desktop/Pico/pico-sdk/src/rp2_common/hardware_timer/timer.c.obj
 .bss.uart_char_to_line_feed
                0x200006d0        0x4 CMakeFiles/blink.dir/Users/mirabedi/Desktop/Pico/pico-sdk/src/rp2_common/hardware_uart/uart.c.obj
                0x200006d0                uart_char_to_line_feed
 .bss.uart_instance
                0x200006d4        0x4 CMakeFiles/blink.dir/Users/mirabedi/Desktop/Pico/pico-sdk/src/rp2_common/pico_stdio_uart/stdio_uart.c.obj
 .bss.claimed   0x200006d8        0x1 CMakeFiles/blink.dir/Users/mirabedi/Desktop/Pico/pico-sdk/src/rp2_common/hardware_timer/timer.c.obj
 .bss.irq_hander_chain_free_slot_head
                0x200006d9        0x1 CMakeFiles/blink.dir/Users/mirabedi/Desktop/Pico/pico-sdk/src/rp2_common/hardware_irq/irq.c.obj
 .bss.timer_callbacks_pending
                0x200006da        0x1 CMakeFiles/blink.dir/Users/mirabedi/Desktop/Pico/pico-sdk/src/rp2_common/hardware_timer/timer.c.obj
 *(COMMON)
                0x200006dc                        . = ALIGN (0x4)
 *fill*         0x200006db        0x1 
                0x200006dc                        __bss_end__ = .

.heap           0x200006dc      0x800
                0x200006dc                        __end__ = .
                0x200006dc                        end = __end__
 *(.heap*)
 .heap          0x200006dc      0x800 CMakeFiles/blink.dir/Users/mirabedi/Desktop/Pico/pico-sdk/src/rp2_common/pico_standard_link/crt0.S.obj
                0x20000edc                        __HeapLimit = .

.stack1_dummy
 *(.stack1*)

.stack_dummy    0x20041000      0x800
 *(.stack*)
 .stack         0x20041000      0x800 CMakeFiles/blink.dir/Users/mirabedi/Desktop/Pico/pico-sdk/src/rp2_common/pico_standard_link/crt0.S.obj

.flash_end      0x10005674        0x0
                0x10005674                        PROVIDE (__flash_binary_end = .)
                0x20040000                        __StackLimit = (ORIGIN (RAM) + LENGTH (RAM))
                0x20041000                        __StackOneTop = (ORIGIN (SCRATCH_X) + LENGTH (SCRATCH_X))
                0x20042000                        __StackTop = (ORIGIN (SCRATCH_Y) + LENGTH (SCRATCH_Y))
                0x20041000                        __StackOneBottom = (__StackOneTop - SIZEOF (.stack1_dummy))
                0x20041800                        __StackBottom = (__StackTop - SIZEOF (.stack_dummy))
                0x20042000                        PROVIDE (__stack = __StackTop)
                0x00000001                        ASSERT ((__StackLimit >= __HeapLimit), region RAM overflowed)
                0x00000001                        ASSERT (((__binary_info_header_end - __logical_binary_start) <= 0x100), Binary info must be in first 256 bytes of the binary)
LOAD CMakeFiles/blink.dir/blink.c.obj
LOAD CMakeFiles/blink.dir/Users/mirabedi/Desktop/Pico/pico-sdk/src/rp2_common/pico_stdlib/stdlib.c.obj
LOAD CMakeFiles/blink.dir/Users/mirabedi/Desktop/Pico/pico-sdk/src/rp2_common/hardware_gpio/gpio.c.obj
LOAD CMakeFiles/blink.dir/Users/mirabedi/Desktop/Pico/pico-sdk/src/rp2_common/pico_platform/platform.c.obj
LOAD CMakeFiles/blink.dir/Users/mirabedi/Desktop/Pico/pico-sdk/src/rp2_common/hardware_claim/claim.c.obj
LOAD CMakeFiles/blink.dir/Users/mirabedi/Desktop/Pico/pico-sdk/src/rp2_common/hardware_sync/sync.c.obj
LOAD CMakeFiles/blink.dir/Users/mirabedi/Desktop/Pico/pico-sdk/src/rp2_common/hardware_irq/irq.c.obj
LOAD CMakeFiles/blink.dir/Users/mirabedi/Desktop/Pico/pico-sdk/src/rp2_common/hardware_irq/irq_handler_chain.S.obj
LOAD CMakeFiles/blink.dir/Users/mirabedi/Desktop/Pico/pico-sdk/src/common/pico_sync/sem.c.obj
LOAD CMakeFiles/blink.dir/Users/mirabedi/Desktop/Pico/pico-sdk/src/common/pico_sync/lock_core.c.obj
LOAD CMakeFiles/blink.dir/Users/mirabedi/Desktop/Pico/pico-sdk/src/common/pico_sync/mutex.c.obj
LOAD CMakeFiles/blink.dir/Users/mirabedi/Desktop/Pico/pico-sdk/src/common/pico_sync/critical_section.c.obj
LOAD CMakeFiles/blink.dir/Users/mirabedi/Desktop/Pico/pico-sdk/src/common/pico_time/time.c.obj
LOAD CMakeFiles/blink.dir/Users/mirabedi/Desktop/Pico/pico-sdk/src/common/pico_time/timeout_helper.c.obj
LOAD CMakeFiles/blink.dir/Users/mirabedi/Desktop/Pico/pico-sdk/src/rp2_common/hardware_timer/timer.c.obj
LOAD CMakeFiles/blink.dir/Users/mirabedi/Desktop/Pico/pico-sdk/src/common/pico_util/datetime.c.obj
LOAD CMakeFiles/blink.dir/Users/mirabedi/Desktop/Pico/pico-sdk/src/common/pico_util/pheap.c.obj
LOAD CMakeFiles/blink.dir/Users/mirabedi/Desktop/Pico/pico-sdk/src/common/pico_util/queue.c.obj
LOAD CMakeFiles/blink.dir/Users/mirabedi/Desktop/Pico/pico-sdk/src/rp2_common/hardware_uart/uart.c.obj
LOAD CMakeFiles/blink.dir/Users/mirabedi/Desktop/Pico/pico-sdk/src/rp2_common/hardware_clocks/clocks.c.obj
LOAD CMakeFiles/blink.dir/Users/mirabedi/Desktop/Pico/pico-sdk/src/rp2_common/hardware_pll/pll.c.obj
LOAD CMakeFiles/blink.dir/Users/mirabedi/Desktop/Pico/pico-sdk/src/rp2_common/hardware_vreg/vreg.c.obj
LOAD CMakeFiles/blink.dir/Users/mirabedi/Desktop/Pico/pico-sdk/src/rp2_common/hardware_watchdog/watchdog.c.obj
LOAD CMakeFiles/blink.dir/Users/mirabedi/Desktop/Pico/pico-sdk/src/rp2_common/hardware_xosc/xosc.c.obj
LOAD CMakeFiles/blink.dir/Users/mirabedi/Desktop/Pico/pico-sdk/src/rp2_common/hardware_divider/divider.S.obj
LOAD CMakeFiles/blink.dir/Users/mirabedi/Desktop/Pico/pico-sdk/src/rp2_common/pico_runtime/runtime.c.obj
LOAD CMakeFiles/blink.dir/Users/mirabedi/Desktop/Pico/pico-sdk/src/rp2_common/pico_printf/printf.c.obj
LOAD CMakeFiles/blink.dir/Users/mirabedi/Desktop/Pico/pico-sdk/src/rp2_common/pico_bit_ops/bit_ops_aeabi.S.obj
LOAD CMakeFiles/blink.dir/Users/mirabedi/Desktop/Pico/pico-sdk/src/rp2_common/pico_bootrom/bootrom.c.obj
LOAD CMakeFiles/blink.dir/Users/mirabedi/Desktop/Pico/pico-sdk/src/rp2_common/pico_divider/divider.S.obj
LOAD CMakeFiles/blink.dir/Users/mirabedi/Desktop/Pico/pico-sdk/src/rp2_common/pico_double/double_aeabi.S.obj
LOAD CMakeFiles/blink.dir/Users/mirabedi/Desktop/Pico/pico-sdk/src/rp2_common/pico_double/double_init_rom.c.obj
LOAD CMakeFiles/blink.dir/Users/mirabedi/Desktop/Pico/pico-sdk/src/rp2_common/pico_double/double_math.c.obj
LOAD CMakeFiles/blink.dir/Users/mirabedi/Desktop/Pico/pico-sdk/src/rp2_common/pico_double/double_v1_rom_shim.S.obj
LOAD CMakeFiles/blink.dir/Users/mirabedi/Desktop/Pico/pico-sdk/src/rp2_common/pico_int64_ops/pico_int64_ops_aeabi.S.obj
LOAD CMakeFiles/blink.dir/Users/mirabedi/Desktop/Pico/pico-sdk/src/rp2_common/pico_float/float_aeabi.S.obj
LOAD CMakeFiles/blink.dir/Users/mirabedi/Desktop/Pico/pico-sdk/src/rp2_common/pico_float/float_init_rom.c.obj
LOAD CMakeFiles/blink.dir/Users/mirabedi/Desktop/Pico/pico-sdk/src/rp2_common/pico_float/float_math.c.obj
LOAD CMakeFiles/blink.dir/Users/mirabedi/Desktop/Pico/pico-sdk/src/rp2_common/pico_float/float_v1_rom_shim.S.obj
LOAD CMakeFiles/blink.dir/Users/mirabedi/Desktop/Pico/pico-sdk/src/rp2_common/pico_malloc/pico_malloc.c.obj
LOAD CMakeFiles/blink.dir/Users/mirabedi/Desktop/Pico/pico-sdk/src/rp2_common/pico_mem_ops/mem_ops_aeabi.S.obj
LOAD CMakeFiles/blink.dir/Users/mirabedi/Desktop/Pico/pico-sdk/src/rp2_common/pico_standard_link/crt0.S.obj
LOAD CMakeFiles/blink.dir/Users/mirabedi/Desktop/Pico/pico-sdk/src/rp2_common/pico_standard_link/new_delete.cpp.obj
LOAD CMakeFiles/blink.dir/Users/mirabedi/Desktop/Pico/pico-sdk/src/rp2_common/pico_standard_link/binary_info.c.obj
LOAD CMakeFiles/blink.dir/Users/mirabedi/Desktop/Pico/pico-sdk/src/rp2_common/pico_stdio/stdio.c.obj
LOAD CMakeFiles/blink.dir/Users/mirabedi/Desktop/Pico/pico-sdk/src/rp2_common/pico_stdio_uart/stdio_uart.c.obj
LOAD /var/folders/_j/q7tmnb6n3jzbd3l90wq30y6w0000gn/T//ccp0RKCf.o
LOAD /Applications/ArmGNUToolchain/13.2.Rel1/arm-none-eabi/bin/../lib/gcc/arm-none-eabi/13.2.1/../../../../arm-none-eabi/lib/thumb/v6-m/nofp/libstdc++.a
LOAD /Applications/ArmGNUToolchain/13.2.Rel1/arm-none-eabi/bin/../lib/gcc/arm-none-eabi/13.2.1/../../../../arm-none-eabi/lib/thumb/v6-m/nofp/libm.a
START GROUP
LOAD /Applications/ArmGNUToolchain/13.2.Rel1/arm-none-eabi/bin/../lib/gcc/arm-none-eabi/13.2.1/thumb/v6-m/nofp/libgcc.a
LOAD /Applications/ArmGNUToolchain/13.2.Rel1/arm-none-eabi/bin/../lib/gcc/arm-none-eabi/13.2.1/../../../../arm-none-eabi/lib/thumb/v6-m/nofp/libg.a
LOAD /Applications/ArmGNUToolchain/13.2.Rel1/arm-none-eabi/bin/../lib/gcc/arm-none-eabi/13.2.1/../../../../arm-none-eabi/lib/thumb/v6-m/nofp/libc.a
END GROUP
START GROUP
LOAD /Applications/ArmGNUToolchain/13.2.Rel1/arm-none-eabi/bin/../lib/gcc/arm-none-eabi/13.2.1/thumb/v6-m/nofp/libgcc.a
LOAD /Applications/ArmGNUToolchain/13.2.Rel1/arm-none-eabi/bin/../lib/gcc/arm-none-eabi/13.2.1/../../../../arm-none-eabi/lib/thumb/v6-m/nofp/libc.a
LOAD /Applications/ArmGNUToolchain/13.2.Rel1/arm-none-eabi/bin/../lib/gcc/arm-none-eabi/13.2.1/../../../../arm-none-eabi/lib/thumb/v6-m/nofp/libnosys.a
END GROUP
LOAD /Applications/ArmGNUToolchain/13.2.Rel1/arm-none-eabi/bin/../lib/gcc/arm-none-eabi/13.2.1/thumb/v6-m/nofp/crtend.o
LOAD /Applications/ArmGNUToolchain/13.2.Rel1/arm-none-eabi/bin/../lib/gcc/arm-none-eabi/13.2.1/thumb/v6-m/nofp/crtn.o
OUTPUT(blink.elf elf32-littlearm)
LOAD linker stubs

.ARM.attributes
                0x00000000       0x28
 .ARM.attributes
                0x00000000       0x1e /Applications/ArmGNUToolchain/13.2.Rel1/arm-none-eabi/bin/../lib/gcc/arm-none-eabi/13.2.1/thumb/v6-m/nofp/crti.o
 .ARM.attributes
                0x0000001e       0x2c /Applications/ArmGNUToolchain/13.2.Rel1/arm-none-eabi/bin/../lib/gcc/arm-none-eabi/13.2.1/thumb/v6-m/nofp/crtbegin.o
 .ARM.attributes
                0x0000004a       0x2c CMakeFiles/blink.dir/blink.c.obj
 .ARM.attributes
                0x00000076       0x2c CMakeFiles/blink.dir/Users/mirabedi/Desktop/Pico/pico-sdk/src/rp2_common/hardware_gpio/gpio.c.obj
 .ARM.attributes
                0x000000a2       0x2c CMakeFiles/blink.dir/Users/mirabedi/Desktop/Pico/pico-sdk/src/rp2_common/pico_platform/platform.c.obj
 .ARM.attributes
                0x000000ce       0x2c CMakeFiles/blink.dir/Users/mirabedi/Desktop/Pico/pico-sdk/src/rp2_common/hardware_claim/claim.c.obj
 .ARM.attributes
                0x000000fa       0x2c CMakeFiles/blink.dir/Users/mirabedi/Desktop/Pico/pico-sdk/src/rp2_common/hardware_sync/sync.c.obj
 .ARM.attributes
                0x00000126       0x2c CMakeFiles/blink.dir/Users/mirabedi/Desktop/Pico/pico-sdk/src/rp2_common/hardware_irq/irq.c.obj
 .ARM.attributes
                0x00000152       0x22 CMakeFiles/blink.dir/Users/mirabedi/Desktop/Pico/pico-sdk/src/rp2_common/hardware_irq/irq_handler_chain.S.obj
 .ARM.attributes
                0x00000174       0x2c CMakeFiles/blink.dir/Users/mirabedi/Desktop/Pico/pico-sdk/src/common/pico_sync/lock_core.c.obj
 .ARM.attributes
                0x000001a0       0x2c CMakeFiles/blink.dir/Users/mirabedi/Desktop/Pico/pico-sdk/src/common/pico_sync/mutex.c.obj
 .ARM.attributes
                0x000001cc       0x2c CMakeFiles/blink.dir/Users/mirabedi/Desktop/Pico/pico-sdk/src/common/pico_time/time.c.obj
 .ARM.attributes
                0x000001f8       0x2c CMakeFiles/blink.dir/Users/mirabedi/Desktop/Pico/pico-sdk/src/rp2_common/hardware_timer/timer.c.obj
 .ARM.attributes
                0x00000224       0x2c CMakeFiles/blink.dir/Users/mirabedi/Desktop/Pico/pico-sdk/src/common/pico_util/pheap.c.obj
 .ARM.attributes
                0x00000250       0x2c CMakeFiles/blink.dir/Users/mirabedi/Desktop/Pico/pico-sdk/src/rp2_common/hardware_uart/uart.c.obj
 .ARM.attributes
                0x0000027c       0x2c CMakeFiles/blink.dir/Users/mirabedi/Desktop/Pico/pico-sdk/src/rp2_common/hardware_clocks/clocks.c.obj
 .ARM.attributes
                0x000002a8       0x2c CMakeFiles/blink.dir/Users/mirabedi/Desktop/Pico/pico-sdk/src/rp2_common/hardware_pll/pll.c.obj
 .ARM.attributes
                0x000002d4       0x2c CMakeFiles/blink.dir/Users/mirabedi/Desktop/Pico/pico-sdk/src/rp2_common/hardware_watchdog/watchdog.c.obj
 .ARM.attributes
                0x00000300       0x2c CMakeFiles/blink.dir/Users/mirabedi/Desktop/Pico/pico-sdk/src/rp2_common/hardware_xosc/xosc.c.obj
 .ARM.attributes
                0x0000032c       0x2c CMakeFiles/blink.dir/Users/mirabedi/Desktop/Pico/pico-sdk/src/rp2_common/pico_runtime/runtime.c.obj
 .ARM.attributes
                0x00000358       0x2c CMakeFiles/blink.dir/Users/mirabedi/Desktop/Pico/pico-sdk/src/rp2_common/pico_printf/printf.c.obj
 .ARM.attributes
                0x00000384       0x22 CMakeFiles/blink.dir/Users/mirabedi/Desktop/Pico/pico-sdk/src/rp2_common/pico_bit_ops/bit_ops_aeabi.S.obj
 .ARM.attributes
                0x000003a6       0x2c CMakeFiles/blink.dir/Users/mirabedi/Desktop/Pico/pico-sdk/src/rp2_common/pico_bootrom/bootrom.c.obj
 .ARM.attributes
                0x000003d2       0x22 CMakeFiles/blink.dir/Users/mirabedi/Desktop/Pico/pico-sdk/src/rp2_common/pico_divider/divider.S.obj
 .ARM.attributes
                0x000003f4       0x22 CMakeFiles/blink.dir/Users/mirabedi/Desktop/Pico/pico-sdk/src/rp2_common/pico_double/double_aeabi.S.obj
 .ARM.attributes
                0x00000416       0x2c CMakeFiles/blink.dir/Users/mirabedi/Desktop/Pico/pico-sdk/src/rp2_common/pico_double/double_init_rom.c.obj
 .ARM.attributes
                0x00000442       0x22 CMakeFiles/blink.dir/Users/mirabedi/Desktop/Pico/pico-sdk/src/rp2_common/pico_double/double_v1_rom_shim.S.obj
 .ARM.attributes
                0x00000464       0x22 CMakeFiles/blink.dir/Users/mirabedi/Desktop/Pico/pico-sdk/src/rp2_common/pico_int64_ops/pico_int64_ops_aeabi.S.obj
 .ARM.attributes
                0x00000486       0x22 CMakeFiles/blink.dir/Users/mirabedi/Desktop/Pico/pico-sdk/src/rp2_common/pico_float/float_aeabi.S.obj
 .ARM.attributes
                0x000004a8       0x2c CMakeFiles/blink.dir/Users/mirabedi/Desktop/Pico/pico-sdk/src/rp2_common/pico_float/float_init_rom.c.obj
 .ARM.attributes
                0x000004d4       0x22 CMakeFiles/blink.dir/Users/mirabedi/Desktop/Pico/pico-sdk/src/rp2_common/pico_float/float_v1_rom_shim.S.obj
 .ARM.attributes
                0x000004f6       0x22 CMakeFiles/blink.dir/Users/mirabedi/Desktop/Pico/pico-sdk/src/rp2_common/pico_mem_ops/mem_ops_aeabi.S.obj
 .ARM.attributes
                0x00000518       0x22 CMakeFiles/blink.dir/Users/mirabedi/Desktop/Pico/pico-sdk/src/rp2_common/pico_standard_link/crt0.S.obj
 .ARM.attributes
                0x0000053a       0x2c CMakeFiles/blink.dir/Users/mirabedi/Desktop/Pico/pico-sdk/src/rp2_common/pico_standard_link/binary_info.c.obj
 .ARM.attributes
                0x00000566       0x2c CMakeFiles/blink.dir/Users/mirabedi/Desktop/Pico/pico-sdk/src/rp2_common/pico_stdio/stdio.c.obj
 .ARM.attributes
                0x00000592       0x2c CMakeFiles/blink.dir/Users/mirabedi/Desktop/Pico/pico-sdk/src/rp2_common/pico_stdio_uart/stdio_uart.c.obj
 .ARM.attributes
                0x000005be       0x22 /var/folders/_j/q7tmnb6n3jzbd3l90wq30y6w0000gn/T//ccp0RKCf.o
 .ARM.attributes
                0x000005e0       0x1e /Applications/ArmGNUToolchain/13.2.Rel1/arm-none-eabi/bin/../lib/gcc/arm-none-eabi/13.2.1/thumb/v6-m/nofp/libgcc.a(_dvmd_tls.o)
 .ARM.attributes
                0x000005fe       0x2c /Applications/ArmGNUToolchain/13.2.Rel1/arm-none-eabi/bin/../lib/gcc/arm-none-eabi/13.2.1/../../../../arm-none-eabi/lib/thumb/v6-m/nofp/libg.a(libc_a-strlen-stub.o)
 .ARM.attributes
                0x0000062a       0x2c /Applications/ArmGNUToolchain/13.2.Rel1/arm-none-eabi/bin/../lib/gcc/arm-none-eabi/13.2.1/thumb/v6-m/nofp/crtend.o

.comment        0x00000000       0x44
 .comment       0x00000000       0x44 CMakeFiles/blink.dir/blink.c.obj
                                 0x45 (size before relaxing)
 .comment       0x00000044       0x45 CMakeFiles/blink.dir/Users/mirabedi/Desktop/Pico/pico-sdk/src/rp2_common/hardware_gpio/gpio.c.obj
 .comment       0x00000044       0x45 CMakeFiles/blink.dir/Users/mirabedi/Desktop/Pico/pico-sdk/src/rp2_common/pico_platform/platform.c.obj
 .comment       0x00000044       0x45 CMakeFiles/blink.dir/Users/mirabedi/Desktop/Pico/pico-sdk/src/rp2_common/hardware_claim/claim.c.obj
 .comment       0x00000044       0x45 CMakeFiles/blink.dir/Users/mirabedi/Desktop/Pico/pico-sdk/src/rp2_common/hardware_sync/sync.c.obj
 .comment       0x00000044       0x45 CMakeFiles/blink.dir/Users/mirabedi/Desktop/Pico/pico-sdk/src/rp2_common/hardware_irq/irq.c.obj
 .comment       0x00000044       0x45 CMakeFiles/blink.dir/Users/mirabedi/Desktop/Pico/pico-sdk/src/common/pico_sync/lock_core.c.obj
 .comment       0x00000044       0x45 CMakeFiles/blink.dir/Users/mirabedi/Desktop/Pico/pico-sdk/src/common/pico_sync/mutex.c.obj
 .comment       0x00000044       0x45 CMakeFiles/blink.dir/Users/mirabedi/Desktop/Pico/pico-sdk/src/common/pico_time/time.c.obj
 .comment       0x00000044       0x45 CMakeFiles/blink.dir/Users/mirabedi/Desktop/Pico/pico-sdk/src/rp2_common/hardware_timer/timer.c.obj
 .comment       0x00000044       0x45 CMakeFiles/blink.dir/Users/mirabedi/Desktop/Pico/pico-sdk/src/common/pico_util/pheap.c.obj
 .comment       0x00000044       0x45 CMakeFiles/blink.dir/Users/mirabedi/Desktop/Pico/pico-sdk/src/rp2_common/hardware_uart/uart.c.obj
 .comment       0x00000044       0x45 CMakeFiles/blink.dir/Users/mirabedi/Desktop/Pico/pico-sdk/src/rp2_common/hardware_clocks/clocks.c.obj
 .comment       0x00000044       0x45 CMakeFiles/blink.dir/Users/mirabedi/Desktop/Pico/pico-sdk/src/rp2_common/hardware_pll/pll.c.obj
 .comment       0x00000044       0x45 CMakeFiles/blink.dir/Users/mirabedi/Desktop/Pico/pico-sdk/src/rp2_common/hardware_watchdog/watchdog.c.obj
 .comment       0x00000044       0x45 CMakeFiles/blink.dir/Users/mirabedi/Desktop/Pico/pico-sdk/src/rp2_common/hardware_xosc/xosc.c.obj
 .comment       0x00000044       0x45 CMakeFiles/blink.dir/Users/mirabedi/Desktop/Pico/pico-sdk/src/rp2_common/pico_runtime/runtime.c.obj
 .comment       0x00000044       0x45 CMakeFiles/blink.dir/Users/mirabedi/Desktop/Pico/pico-sdk/src/rp2_common/pico_printf/printf.c.obj
 .comment       0x00000044       0x45 CMakeFiles/blink.dir/Users/mirabedi/Desktop/Pico/pico-sdk/src/rp2_common/pico_bootrom/bootrom.c.obj
 .comment       0x00000044       0x45 CMakeFiles/blink.dir/Users/mirabedi/Desktop/Pico/pico-sdk/src/rp2_common/pico_double/double_init_rom.c.obj
 .comment       0x00000044       0x45 CMakeFiles/blink.dir/Users/mirabedi/Desktop/Pico/pico-sdk/src/rp2_common/pico_float/float_init_rom.c.obj
 .comment       0x00000044       0x45 CMakeFiles/blink.dir/Users/mirabedi/Desktop/Pico/pico-sdk/src/rp2_common/pico_standard_link/binary_info.c.obj
 .comment       0x00000044       0x45 CMakeFiles/blink.dir/Users/mirabedi/Desktop/Pico/pico-sdk/src/rp2_common/pico_stdio/stdio.c.obj
 .comment       0x00000044       0x45 CMakeFiles/blink.dir/Users/mirabedi/Desktop/Pico/pico-sdk/src/rp2_common/pico_stdio_uart/stdio_uart.c.obj

.debug_info     0x00000000    0x147cc
 .debug_info    0x00000000      0x7c5 CMakeFiles/blink.dir/blink.c.obj
 .debug_info    0x000007c5     0x184b CMakeFiles/blink.dir/Users/mirabedi/Desktop/Pico/pico-sdk/src/rp2_common/hardware_gpio/gpio.c.obj
 .debug_info    0x00002010      0x1fb CMakeFiles/blink.dir/Users/mirabedi/Desktop/Pico/pico-sdk/src/rp2_common/pico_platform/platform.c.obj
 .debug_info    0x0000220b      0x69a CMakeFiles/blink.dir/Users/mirabedi/Desktop/Pico/pico-sdk/src/rp2_common/hardware_claim/claim.c.obj
 .debug_info    0x000028a5      0x5fa CMakeFiles/blink.dir/Users/mirabedi/Desktop/Pico/pico-sdk/src/rp2_common/hardware_sync/sync.c.obj
 .debug_info    0x00002e9f     0x1c43 CMakeFiles/blink.dir/Users/mirabedi/Desktop/Pico/pico-sdk/src/rp2_common/hardware_irq/irq.c.obj
 .debug_info    0x00004ae2      0x1a3 CMakeFiles/blink.dir/Users/mirabedi/Desktop/Pico/pico-sdk/src/common/pico_sync/lock_core.c.obj
 .debug_info    0x00004c85     0x1d29 CMakeFiles/blink.dir/Users/mirabedi/Desktop/Pico/pico-sdk/src/common/pico_sync/mutex.c.obj
 .debug_info    0x000069ae     0x33f9 CMakeFiles/blink.dir/Users/mirabedi/Desktop/Pico/pico-sdk/src/common/pico_time/time.c.obj
 .debug_info    0x00009da7     0x145b CMakeFiles/blink.dir/Users/mirabedi/Desktop/Pico/pico-sdk/src/rp2_common/hardware_timer/timer.c.obj
 .debug_info    0x0000b202      0xe82 CMakeFiles/blink.dir/Users/mirabedi/Desktop/Pico/pico-sdk/src/common/pico_util/pheap.c.obj
 .debug_info    0x0000c084      0xd98 CMakeFiles/blink.dir/Users/mirabedi/Desktop/Pico/pico-sdk/src/rp2_common/hardware_uart/uart.c.obj
 .debug_info    0x0000ce1c      0xfe7 CMakeFiles/blink.dir/Users/mirabedi/Desktop/Pico/pico-sdk/src/rp2_common/hardware_clocks/clocks.c.obj
 .debug_info    0x0000de03      0x505 CMakeFiles/blink.dir/Users/mirabedi/Desktop/Pico/pico-sdk/src/rp2_common/hardware_pll/pll.c.obj
 .debug_info    0x0000e308      0x4d8 CMakeFiles/blink.dir/Users/mirabedi/Desktop/Pico/pico-sdk/src/rp2_common/hardware_watchdog/watchdog.c.obj
 .debug_info    0x0000e7e0      0x1c7 CMakeFiles/blink.dir/Users/mirabedi/Desktop/Pico/pico-sdk/src/rp2_common/hardware_xosc/xosc.c.obj
 .debug_info    0x0000e9a7      0xf23 CMakeFiles/blink.dir/Users/mirabedi/Desktop/Pico/pico-sdk/src/rp2_common/pico_runtime/runtime.c.obj
 .debug_info    0x0000f8ca     0x19db CMakeFiles/blink.dir/Users/mirabedi/Desktop/Pico/pico-sdk/src/rp2_common/pico_printf/printf.c.obj
 .debug_info    0x000112a5       0x23 CMakeFiles/blink.dir/Users/mirabedi/Desktop/Pico/pico-sdk/src/rp2_common/pico_bit_ops/bit_ops_aeabi.S.obj
 .debug_info    0x000112c8      0x331 CMakeFiles/blink.dir/Users/mirabedi/Desktop/Pico/pico-sdk/src/rp2_common/pico_bootrom/bootrom.c.obj
 .debug_info    0x000115f9       0x23 CMakeFiles/blink.dir/Users/mirabedi/Desktop/Pico/pico-sdk/src/rp2_common/pico_divider/divider.S.obj
 .debug_info    0x0001161c       0x23 CMakeFiles/blink.dir/Users/mirabedi/Desktop/Pico/pico-sdk/src/rp2_common/pico_double/double_aeabi.S.obj
 .debug_info    0x0001163f      0x33b CMakeFiles/blink.dir/Users/mirabedi/Desktop/Pico/pico-sdk/src/rp2_common/pico_double/double_init_rom.c.obj
 .debug_info    0x0001197a       0x23 CMakeFiles/blink.dir/Users/mirabedi/Desktop/Pico/pico-sdk/src/rp2_common/pico_double/double_v1_rom_shim.S.obj
 .debug_info    0x0001199d       0x24 CMakeFiles/blink.dir/Users/mirabedi/Desktop/Pico/pico-sdk/src/rp2_common/pico_int64_ops/pico_int64_ops_aeabi.S.obj
 .debug_info    0x000119c1       0x23 CMakeFiles/blink.dir/Users/mirabedi/Desktop/Pico/pico-sdk/src/rp2_common/pico_float/float_aeabi.S.obj
 .debug_info    0x000119e4      0x34f CMakeFiles/blink.dir/Users/mirabedi/Desktop/Pico/pico-sdk/src/rp2_common/pico_float/float_init_rom.c.obj
 .debug_info    0x00011d33       0x23 CMakeFiles/blink.dir/Users/mirabedi/Desktop/Pico/pico-sdk/src/rp2_common/pico_float/float_v1_rom_shim.S.obj
 .debug_info    0x00011d56       0x23 CMakeFiles/blink.dir/Users/mirabedi/Desktop/Pico/pico-sdk/src/rp2_common/pico_mem_ops/mem_ops_aeabi.S.obj
 .debug_info    0x00011d79       0x23 CMakeFiles/blink.dir/Users/mirabedi/Desktop/Pico/pico-sdk/src/rp2_common/pico_standard_link/crt0.S.obj
 .debug_info    0x00011d9c      0x2b8 CMakeFiles/blink.dir/Users/mirabedi/Desktop/Pico/pico-sdk/src/rp2_common/pico_standard_link/binary_info.c.obj
 .debug_info    0x00012054     0x1743 CMakeFiles/blink.dir/Users/mirabedi/Desktop/Pico/pico-sdk/src/rp2_common/pico_stdio/stdio.c.obj
 .debug_info    0x00013797     0x1035 CMakeFiles/blink.dir/Users/mirabedi/Desktop/Pico/pico-sdk/src/rp2_common/pico_stdio_uart/stdio_uart.c.obj

.debug_abbrev   0x00000000     0x4697
 .debug_abbrev  0x00000000      0x29b CMakeFiles/blink.dir/blink.c.obj
 .debug_abbrev  0x0000029b      0x3a6 CMakeFiles/blink.dir/Users/mirabedi/Desktop/Pico/pico-sdk/src/rp2_common/hardware_gpio/gpio.c.obj
 .debug_abbrev  0x00000641       0xf8 CMakeFiles/blink.dir/Users/mirabedi/Desktop/Pico/pico-sdk/src/rp2_common/pico_platform/platform.c.obj
 .debug_abbrev  0x00000739      0x2ce CMakeFiles/blink.dir/Users/mirabedi/Desktop/Pico/pico-sdk/src/rp2_common/hardware_claim/claim.c.obj
 .debug_abbrev  0x00000a07      0x249 CMakeFiles/blink.dir/Users/mirabedi/Desktop/Pico/pico-sdk/src/rp2_common/hardware_sync/sync.c.obj
 .debug_abbrev  0x00000c50      0x500 CMakeFiles/blink.dir/Users/mirabedi/Desktop/Pico/pico-sdk/src/rp2_common/hardware_irq/irq.c.obj
 .debug_abbrev  0x00001150      0x116 CMakeFiles/blink.dir/Users/mirabedi/Desktop/Pico/pico-sdk/src/common/pico_sync/lock_core.c.obj
 .debug_abbrev  0x00001266      0x3f1 CMakeFiles/blink.dir/Users/mirabedi/Desktop/Pico/pico-sdk/src/common/pico_sync/mutex.c.obj
 .debug_abbrev  0x00001657      0x5c3 CMakeFiles/blink.dir/Users/mirabedi/Desktop/Pico/pico-sdk/src/common/pico_time/time.c.obj
 .debug_abbrev  0x00001c1a      0x3d5 CMakeFiles/blink.dir/Users/mirabedi/Desktop/Pico/pico-sdk/src/rp2_common/hardware_timer/timer.c.obj
 .debug_abbrev  0x00001fef      0x290 CMakeFiles/blink.dir/Users/mirabedi/Desktop/Pico/pico-sdk/src/common/pico_util/pheap.c.obj
 .debug_abbrev  0x0000227f      0x349 CMakeFiles/blink.dir/Users/mirabedi/Desktop/Pico/pico-sdk/src/rp2_common/hardware_uart/uart.c.obj
 .debug_abbrev  0x000025c8      0x434 CMakeFiles/blink.dir/Users/mirabedi/Desktop/Pico/pico-sdk/src/rp2_common/hardware_clocks/clocks.c.obj
 .debug_abbrev  0x000029fc      0x1e7 CMakeFiles/blink.dir/Users/mirabedi/Desktop/Pico/pico-sdk/src/rp2_common/hardware_pll/pll.c.obj
 .debug_abbrev  0x00002be3      0x1a8 CMakeFiles/blink.dir/Users/mirabedi/Desktop/Pico/pico-sdk/src/rp2_common/hardware_watchdog/watchdog.c.obj
 .debug_abbrev  0x00002d8b      0x10c CMakeFiles/blink.dir/Users/mirabedi/Desktop/Pico/pico-sdk/src/rp2_common/hardware_xosc/xosc.c.obj
 .debug_abbrev  0x00002e97      0x530 CMakeFiles/blink.dir/Users/mirabedi/Desktop/Pico/pico-sdk/src/rp2_common/pico_runtime/runtime.c.obj
 .debug_abbrev  0x000033c7      0x371 CMakeFiles/blink.dir/Users/mirabedi/Desktop/Pico/pico-sdk/src/rp2_common/pico_printf/printf.c.obj
 .debug_abbrev  0x00003738       0x12 CMakeFiles/blink.dir/Users/mirabedi/Desktop/Pico/pico-sdk/src/rp2_common/pico_bit_ops/bit_ops_aeabi.S.obj
 .debug_abbrev  0x0000374a      0x167 CMakeFiles/blink.dir/Users/mirabedi/Desktop/Pico/pico-sdk/src/rp2_common/pico_bootrom/bootrom.c.obj
 .debug_abbrev  0x000038b1       0x12 CMakeFiles/blink.dir/Users/mirabedi/Desktop/Pico/pico-sdk/src/rp2_common/pico_divider/divider.S.obj
 .debug_abbrev  0x000038c3       0x12 CMakeFiles/blink.dir/Users/mirabedi/Desktop/Pico/pico-sdk/src/rp2_common/pico_double/double_aeabi.S.obj
 .debug_abbrev  0x000038d5      0x1c3 CMakeFiles/blink.dir/Users/mirabedi/Desktop/Pico/pico-sdk/src/rp2_common/pico_double/double_init_rom.c.obj
 .debug_abbrev  0x00003a98       0x12 CMakeFiles/blink.dir/Users/mirabedi/Desktop/Pico/pico-sdk/src/rp2_common/pico_double/double_v1_rom_shim.S.obj
 .debug_abbrev  0x00003aaa       0x14 CMakeFiles/blink.dir/Users/mirabedi/Desktop/Pico/pico-sdk/src/rp2_common/pico_int64_ops/pico_int64_ops_aeabi.S.obj
 .debug_abbrev  0x00003abe       0x12 CMakeFiles/blink.dir/Users/mirabedi/Desktop/Pico/pico-sdk/src/rp2_common/pico_float/float_aeabi.S.obj
 .debug_abbrev  0x00003ad0      0x1c6 CMakeFiles/blink.dir/Users/mirabedi/Desktop/Pico/pico-sdk/src/rp2_common/pico_float/float_init_rom.c.obj
 .debug_abbrev  0x00003c96       0x12 CMakeFiles/blink.dir/Users/mirabedi/Desktop/Pico/pico-sdk/src/rp2_common/pico_float/float_v1_rom_shim.S.obj
 .debug_abbrev  0x00003ca8       0x12 CMakeFiles/blink.dir/Users/mirabedi/Desktop/Pico/pico-sdk/src/rp2_common/pico_mem_ops/mem_ops_aeabi.S.obj
 .debug_abbrev  0x00003cba       0x12 CMakeFiles/blink.dir/Users/mirabedi/Desktop/Pico/pico-sdk/src/rp2_common/pico_standard_link/crt0.S.obj
 .debug_abbrev  0x00003ccc       0xb8 CMakeFiles/blink.dir/Users/mirabedi/Desktop/Pico/pico-sdk/src/rp2_common/pico_standard_link/binary_info.c.obj
 .debug_abbrev  0x00003d84      0x47a CMakeFiles/blink.dir/Users/mirabedi/Desktop/Pico/pico-sdk/src/rp2_common/pico_stdio/stdio.c.obj
 .debug_abbrev  0x000041fe      0x499 CMakeFiles/blink.dir/Users/mirabedi/Desktop/Pico/pico-sdk/src/rp2_common/pico_stdio_uart/stdio_uart.c.obj

.debug_loclists
                0x00000000     0x878a
 .debug_loclists
                0x00000000      0x1f9 CMakeFiles/blink.dir/blink.c.obj
 .debug_loclists
                0x000001f9      0xb61 CMakeFiles/blink.dir/Users/mirabedi/Desktop/Pico/pico-sdk/src/rp2_common/hardware_gpio/gpio.c.obj
 .debug_loclists
                0x00000d5a       0xad CMakeFiles/blink.dir/Users/mirabedi/Desktop/Pico/pico-sdk/src/rp2_common/pico_platform/platform.c.obj
 .debug_loclists
                0x00000e07      0x2af CMakeFiles/blink.dir/Users/mirabedi/Desktop/Pico/pico-sdk/src/rp2_common/hardware_claim/claim.c.obj
 .debug_loclists
                0x000010b6      0x182 CMakeFiles/blink.dir/Users/mirabedi/Desktop/Pico/pico-sdk/src/rp2_common/hardware_sync/sync.c.obj
 .debug_loclists
                0x00001238      0xdb7 CMakeFiles/blink.dir/Users/mirabedi/Desktop/Pico/pico-sdk/src/rp2_common/hardware_irq/irq.c.obj
 .debug_loclists
                0x00001fef       0x50 CMakeFiles/blink.dir/Users/mirabedi/Desktop/Pico/pico-sdk/src/common/pico_sync/lock_core.c.obj
 .debug_loclists
                0x0000203f      0xa5b CMakeFiles/blink.dir/Users/mirabedi/Desktop/Pico/pico-sdk/src/common/pico_sync/mutex.c.obj
 .debug_loclists